Archive member included to satisfy reference by file (symbol)

/opt/arm-gnu-toolchain-14.3.rel1-x86_64-arm-none-eabi/bin/../lib/gcc/arm-none-eabi/14.3.1/thumb/v7e-m+fp/hard/libgcc.a(_aeabi_uldivmod.o)
                              cmake/stm32cubemx/CMakeFiles/STM32_Drivers.dir/__/__/Drivers/STM32F4xx_HAL_Driver/Src/stm32f4xx_hal_rcc.c.obj (__aeabi_uldivmod)
/opt/arm-gnu-toolchain-14.3.rel1-x86_64-arm-none-eabi/bin/../lib/gcc/arm-none-eabi/14.3.1/thumb/v7e-m+fp/hard/libgcc.a(_udivmoddi4.o)
                              /opt/arm-gnu-toolchain-14.3.rel1-x86_64-arm-none-eabi/bin/../lib/gcc/arm-none-eabi/14.3.1/thumb/v7e-m+fp/hard/libgcc.a(_aeabi_uldivmod.o) (__udivmoddi4)
/opt/arm-gnu-toolchain-14.3.rel1-x86_64-arm-none-eabi/bin/../lib/gcc/arm-none-eabi/14.3.1/thumb/v7e-m+fp/hard/libgcc.a(_dvmd_tls.o)
                              /opt/arm-gnu-toolchain-14.3.rel1-x86_64-arm-none-eabi/bin/../lib/gcc/arm-none-eabi/14.3.1/thumb/v7e-m+fp/hard/libgcc.a(_aeabi_uldivmod.o) (__aeabi_ldiv0)
/opt/arm-gnu-toolchain-14.3.rel1-x86_64-arm-none-eabi/bin/../lib/gcc/arm-none-eabi/14.3.1/../../../../arm-none-eabi/lib/thumb/v7e-m+fp/hard/libg_nano.a(libc_a-exit.o)
                              /opt/arm-gnu-toolchain-14.3.rel1-x86_64-arm-none-eabi/bin/../lib/gcc/arm-none-eabi/14.3.1/../../../../arm-none-eabi/lib/thumb/v7e-m+fp/hard/crt0.o (exit)
/opt/arm-gnu-toolchain-14.3.rel1-x86_64-arm-none-eabi/bin/../lib/gcc/arm-none-eabi/14.3.1/../../../../arm-none-eabi/lib/thumb/v7e-m+fp/hard/libg_nano.a(libc_a-findfp.o)
                              /opt/arm-gnu-toolchain-14.3.rel1-x86_64-arm-none-eabi/bin/../lib/gcc/arm-none-eabi/14.3.1/../../../../arm-none-eabi/lib/thumb/v7e-m+fp/hard/libg_nano.a(libc_a-exit.o) (__stdio_exit_handler)
/opt/arm-gnu-toolchain-14.3.rel1-x86_64-arm-none-eabi/bin/../lib/gcc/arm-none-eabi/14.3.1/../../../../arm-none-eabi/lib/thumb/v7e-m+fp/hard/libg_nano.a(libc_a-fwalk.o)
                              /opt/arm-gnu-toolchain-14.3.rel1-x86_64-arm-none-eabi/bin/../lib/gcc/arm-none-eabi/14.3.1/../../../../arm-none-eabi/lib/thumb/v7e-m+fp/hard/libg_nano.a(libc_a-findfp.o) (_fwalk_sglue)
/opt/arm-gnu-toolchain-14.3.rel1-x86_64-arm-none-eabi/bin/../lib/gcc/arm-none-eabi/14.3.1/../../../../arm-none-eabi/lib/thumb/v7e-m+fp/hard/libg_nano.a(libc_a-stdio.o)
                              /opt/arm-gnu-toolchain-14.3.rel1-x86_64-arm-none-eabi/bin/../lib/gcc/arm-none-eabi/14.3.1/../../../../arm-none-eabi/lib/thumb/v7e-m+fp/hard/libg_nano.a(libc_a-findfp.o) (__sread)
/opt/arm-gnu-toolchain-14.3.rel1-x86_64-arm-none-eabi/bin/../lib/gcc/arm-none-eabi/14.3.1/../../../../arm-none-eabi/lib/thumb/v7e-m+fp/hard/libg_nano.a(libc_a-memset.o)
                              /opt/arm-gnu-toolchain-14.3.rel1-x86_64-arm-none-eabi/bin/../lib/gcc/arm-none-eabi/14.3.1/../../../../arm-none-eabi/lib/thumb/v7e-m+fp/hard/crt0.o (memset)
/opt/arm-gnu-toolchain-14.3.rel1-x86_64-arm-none-eabi/bin/../lib/gcc/arm-none-eabi/14.3.1/../../../../arm-none-eabi/lib/thumb/v7e-m+fp/hard/libg_nano.a(libc_a-closer.o)
                              /opt/arm-gnu-toolchain-14.3.rel1-x86_64-arm-none-eabi/bin/../lib/gcc/arm-none-eabi/14.3.1/../../../../arm-none-eabi/lib/thumb/v7e-m+fp/hard/libg_nano.a(libc_a-stdio.o) (_close_r)
/opt/arm-gnu-toolchain-14.3.rel1-x86_64-arm-none-eabi/bin/../lib/gcc/arm-none-eabi/14.3.1/../../../../arm-none-eabi/lib/thumb/v7e-m+fp/hard/libg_nano.a(libc_a-reent.o)
                              /opt/arm-gnu-toolchain-14.3.rel1-x86_64-arm-none-eabi/bin/../lib/gcc/arm-none-eabi/14.3.1/../../../../arm-none-eabi/lib/thumb/v7e-m+fp/hard/libg_nano.a(libc_a-closer.o) (errno)
/opt/arm-gnu-toolchain-14.3.rel1-x86_64-arm-none-eabi/bin/../lib/gcc/arm-none-eabi/14.3.1/../../../../arm-none-eabi/lib/thumb/v7e-m+fp/hard/libg_nano.a(libc_a-impure.o)
                              /opt/arm-gnu-toolchain-14.3.rel1-x86_64-arm-none-eabi/bin/../lib/gcc/arm-none-eabi/14.3.1/../../../../arm-none-eabi/lib/thumb/v7e-m+fp/hard/libg_nano.a(libc_a-reent.o) (_impure_ptr)
/opt/arm-gnu-toolchain-14.3.rel1-x86_64-arm-none-eabi/bin/../lib/gcc/arm-none-eabi/14.3.1/../../../../arm-none-eabi/lib/thumb/v7e-m+fp/hard/libg_nano.a(libc_a-lseekr.o)
                              /opt/arm-gnu-toolchain-14.3.rel1-x86_64-arm-none-eabi/bin/../lib/gcc/arm-none-eabi/14.3.1/../../../../arm-none-eabi/lib/thumb/v7e-m+fp/hard/libg_nano.a(libc_a-stdio.o) (_lseek_r)
/opt/arm-gnu-toolchain-14.3.rel1-x86_64-arm-none-eabi/bin/../lib/gcc/arm-none-eabi/14.3.1/../../../../arm-none-eabi/lib/thumb/v7e-m+fp/hard/libg_nano.a(libc_a-readr.o)
                              /opt/arm-gnu-toolchain-14.3.rel1-x86_64-arm-none-eabi/bin/../lib/gcc/arm-none-eabi/14.3.1/../../../../arm-none-eabi/lib/thumb/v7e-m+fp/hard/libg_nano.a(libc_a-stdio.o) (_read_r)
/opt/arm-gnu-toolchain-14.3.rel1-x86_64-arm-none-eabi/bin/../lib/gcc/arm-none-eabi/14.3.1/../../../../arm-none-eabi/lib/thumb/v7e-m+fp/hard/libg_nano.a(libc_a-writer.o)
[...]
Memory Configuration

Name             Origin             Length             Attributes
RAM              0x20000000         0x00020000         xrw
CCMRAM           0x10000000         0x00010000         xrw
FLASH            0x08000000         0x00100000         xr
*default*        0x00000000         0xffffffff

Linker script and memory map

LOAD /opt/arm-gnu-toolchain-14.3.rel1-x86_64-arm-none-eabi/bin/../lib/gcc/arm-none-eabi/14.3.1/thumb/v7e-m+fp/hard/crti.o
LOAD /opt/arm-gnu-toolchain-14.3.rel1-x86_64-arm-none-eabi/bin/../lib/gcc/arm-none-eabi/14.3.1/thumb/v7e-m+fp/hard/crtbegin.o
LOAD /opt/arm-gnu-toolchain-14.3.rel1-x86_64-arm-none-eabi/bin/../lib/gcc/arm-none-eabi/14.3.1/../../../../arm-none-eabi/lib/thumb/v7e-m+fp/hard/crt0.o
LOAD CMakeFiles/SUPERCAR_STM32F407ZGT6.dir/Core/Src/main.c.obj
LOAD CMakeFiles/SUPERCAR_STM32F407ZGT6.dir/Core/Src/gpio.c.obj
LOAD CMakeFiles/SUPERCAR_STM32F407ZGT6.dir/Core/Src/can.c.obj
LOAD CMakeFiles/SUPERCAR_STM32F407ZGT6.dir/Core/Src/tim.c.obj
LOAD CMakeFiles/SUPERCAR_STM32F407ZGT6.dir/Core/Src/usart.c.obj
LOAD CMakeFiles/SUPERCAR_STM32F407ZGT6.dir/Core/Src/stm32f4xx_it.c.obj
LOAD CMakeFiles/SUPERCAR_STM32F407ZGT6.dir/Core/Src/stm32f4xx_hal_msp.c.obj
LOAD CMakeFiles/SUPERCAR_STM32F407ZGT6.dir/Core/Src/sysmem.c.obj
LOAD CMakeFiles/SUPERCAR_STM32F407ZGT6.dir/Core/Src/syscalls.c.obj
LOAD CMakeFiles/SUPERCAR_STM32F407ZGT6.dir/startup_stm32f407xx.s.obj
LOAD cmake/stm32cubemx/CMakeFiles/STM32_Drivers.dir/__/__/Core/Src/system_stm32f4xx.c.obj
LOAD cmake/stm32cubemx/CMakeFiles/STM32_Drivers.dir/__/__/Drivers/STM32F4xx_HAL_Driver/Src/stm32f4xx_hal_can.c.obj
LOAD cmake/stm32cubemx/CMakeFiles/STM32_Drivers.dir/__/__/Drivers/STM32F4xx_HAL_Driver/Src/stm32f4xx_hal_rcc.c.obj
LOAD cmake/stm32cubemx/CMakeFiles/STM32_Drivers.dir/__/__/Drivers/STM32F4xx_HAL_Driver/Src/stm32f4xx_hal_rcc_ex.c.obj
LOAD cmake/stm32cubemx/CMakeFiles/STM32_Drivers.dir/__/__/Drivers/STM32F4xx_HAL_Driver/Src/stm32f4xx_hal_flash.c.obj
LOAD cmake/stm32cubemx/CMakeFiles/STM32_Drivers.dir/__/__/Drivers/STM32F4xx_HAL_Driver/Src/stm32f4xx_hal_flash_ex.c.obj
LOAD cmake/stm32cubemx/CMakeFiles/STM32_Drivers.dir/__/__/Drivers/STM32F4xx_HAL_Driver/Src/stm32f4xx_hal_flash_ramfunc.c.obj
LOAD cmake/stm32cubemx/CMakeFiles/STM32_Drivers.dir/__/__/Drivers/STM32F4xx_HAL_Driver/Src/stm32f4xx_hal_gpio.c.obj
LOAD cmake/stm32cubemx/CMakeFiles/STM32_Drivers.dir/__/__/Drivers/STM32F4xx_HAL_Driver/Src/stm32f4xx_hal_dma_ex.c.obj
LOAD cmake/stm32cubemx/CMakeFiles/STM32_Drivers.dir/__/__/Drivers/STM32F4xx_HAL_Driver/Src/stm32f4xx_hal_dma.c.obj
LOAD cmake/stm32cubemx/CMakeFiles/STM32_Drivers.dir/__/__/Drivers/STM32F4xx_HAL_Driver/Src/stm32f4xx_hal_pwr.c.obj
LOAD cmake/stm32cubemx/CMakeFiles/STM32_Drivers.dir/__/__/Drivers/STM32F4xx_HAL_Driver/Src/stm32f4xx_hal_pwr_ex.c.obj
LOAD cmake/stm32cubemx/CMakeFiles/STM32_Drivers.dir/__/__/Drivers/STM32F4xx_HAL_Driver/Src/stm32f4xx_hal_cortex.c.obj
LOAD cmake/stm32cubemx/CMakeFiles/STM32_Drivers.dir/__/__/Drivers/STM32F4xx_HAL_Driver/Src/stm32f4xx_hal.c.obj
LOAD cmake/stm32cubemx/CMakeFiles/STM32_Drivers.dir/__/__/Drivers/STM32F4xx_HAL_Driver/Src/stm32f4xx_hal_exti.c.obj
LOAD cmake/stm32cubemx/CMakeFiles/STM32_Drivers.dir/__/__/Drivers/STM32F4xx_HAL_Driver/Src/stm32f4xx_hal_tim.c.obj
LOAD cmake/stm32cubemx/CMakeFiles/STM32_Drivers.dir/__/__/Drivers/STM32F4xx_HAL_Driver/Src/stm32f4xx_hal_tim_ex.c.obj
LOAD cmake/stm32cubemx/CMakeFiles/STM32_Drivers.dir/__/__/Drivers/STM32F4xx_HAL_Driver/Src/stm32f4xx_hal_uart.c.obj
LOAD /opt/arm-gnu-toolchain-14.3.rel1-x86_64-arm-none-eabi/bin/../lib/gcc/arm-none-eabi/14.3.1/../../../../arm-none-eabi/lib/thumb/v7e-m+fp/hard/libm.a
START GROUP
LOAD /opt/arm-gnu-toolchain-14.3.rel1-x86_64-arm-none-eabi/bin/../lib/gcc/arm-none-eabi/14.3.1/thumb/v7e-m+fp/hard/libgcc.a
LOAD /opt/arm-gnu-toolchain-14.3.rel1-x86_64-arm-none-eabi/bin/../lib/gcc/arm-none-eabi/14.3.1/../../../../arm-none-eabi/lib/thumb/v7e-m+fp/hard/libg_nano.a
LOAD /opt/arm-gnu-toolchain-14.3.rel1-x86_64-arm-none-eabi/bin/../lib/gcc/arm-none-eabi/14.3.1/../../../../arm-none-eabi/lib/thumb/v7e-m+fp/hard/libc_nano.a
END GROUP
START GROUP
LOAD /opt/arm-gnu-toolchain-14.3.rel1-x86_64-arm-none-eabi/bin/../lib/gcc/arm-none-eabi/14.3.1/thumb/v7e-m+fp/hard/libgcc.a
LOAD /opt/arm-gnu-toolchain-14.3.rel1-x86_64-arm-none-eabi/bin/../lib/gcc/arm-none-eabi/14.3.1/../../../../arm-none-eabi/lib/thumb/v7e-m+fp/hard/libc_nano.a
END GROUP
LOAD /opt/arm-gnu-toolchain-14.3.rel1-x86_64-arm-none-eabi/bin/../lib/gcc/arm-none-eabi/14.3.1/thumb/v7e-m+fp/hard/crtend.o
LOAD /opt/arm-gnu-toolchain-14.3.rel1-x86_64-arm-none-eabi/bin/../lib/gcc/arm-none-eabi/14.3.1/thumb/v7e-m+fp/hard/crtn.o
                0x20020000                        _estack = (ORIGIN (RAM) + LENGTH (RAM))
                0x00000200                        _Min_Heap_Size = 0x200
                0x00000400                        _Min_Stack_Size = 0x400

.isr_vector     0x08000000      0x188
                0x08000000                        . = ALIGN (0x4)
 *(.isr_vector)
 .isr_vector    0x08000000      0x188 CMakeFiles/SUPERCAR_STM32F407ZGT6.dir/startup_stm32f407xx.s.obj
                0x08000000                g_pfnVectors
                0x08000188                        . = ALIGN (0x4)

.text           0x08000188     0x35ec
                0x08000188                        . = ALIGN (0x4)
 *(.text)
 .text          0x08000188       0x30 /opt/arm-gnu-toolchain-14.3.rel1-x86_64-arm-none-eabi/bin/../lib/gcc/arm-none-eabi/14.3.1/thumb/v7e-m+fp/hard/libgcc.a(_aeabi_uldivmod.o)
                0x08000188                __aeabi_uldivmod
 .text          0x080001b8        0x4 /opt/arm-gnu-toolchain-14.3.rel1-x86_64-arm-none-eabi/bin/../lib/gcc/arm-none-eabi/14.3.1/thumb/v7e-m+fp/hard/libgcc.a(_dvmd_tls.o)
                0x080001b8                __aeabi_ldiv0
                0x080001b8                __aeabi_idiv0
 *(.text*)
 .text.deregister_tm_clones
                0x080001bc       0x1c /opt/arm-gnu-toolchain-14.3.rel1-x86_64-arm-none-eabi/bin/../lib/gcc/arm-none-eabi/14.3.1/thumb/v7e-m+fp/hard/crtbegin.o
 .text.register_tm_clones
                0x080001d8       0x24 /opt/arm-gnu-toolchain-14.3.rel1-x86_64-arm-none-eabi/bin/../lib/gcc/arm-none-eabi/14.3.1/thumb/v7e-m+fp/hard/crtbegin.o
 .text.__do_global_dtors_aux
                0x080001fc       0x28 /opt/arm-gnu-toolchain-14.3.rel1-x86_64-arm-none-eabi/bin/../lib/gcc/arm-none-eabi/14.3.1/thumb/v7e-m+fp/hard/crtbegin.o
 .text.frame_dummy
                0x08000224       0x24 /opt/arm-gnu-toolchain-14.3.rel1-x86_64-arm-none-eabi/bin/../lib/gcc/arm-none-eabi/14.3.1/thumb/v7e-m+fp/hard/crtbegin.o
 .text.main     0x08000248       0x48 CMakeFiles/SUPERCAR_STM32F407ZGT6.dir/Core/Src/main.c.obj
                0x08000248                main
 .text.SystemClock_Config
                0x08000290       0xbc CMakeFiles/SUPERCAR_STM32F407ZGT6.dir/Core/Src/main.c.obj
                0x08000290                SystemClock_Config
 .text.Error_Handler
                0x0800034c        0xc CMakeFiles/SUPERCAR_STM32F407ZGT6.dir/Core/Src/main.c.obj
                0x0800034c                Error_Handler
 .text.MX_GPIO_Init
                0x08000358      0x114 CMakeFiles/SUPERCAR_STM32F407ZGT6.dir/Core/Src/gpio.c.obj
                0x08000358                MX_GPIO_Init
 .text.MX_CAN1_Init
                0x0800046c       0x68 CMakeFiles/SUPERCAR_STM32F407ZGT6.dir/Core/Src/can.c.obj
                0x0800046c                MX_CAN1_Init
 .text.HAL_CAN_MspInit
                0x080004d4       0x90 CMakeFiles/SUPERCAR_STM32F407ZGT6.dir/Core/Src/can.c.obj
                0x080004d4                HAL_CAN_MspInit
 .text.MX_TIM1_Init
                0x08000564       0xb0 CMakeFiles/SUPERCAR_STM32F407ZGT6.dir/Core/Src/tim.c.obj
                0x08000564                MX_TIM1_Init
 .text.MX_TIM2_Init
                0x08000614       0xa8 CMakeFiles/SUPERCAR_STM32F407ZGT6.dir/Core/Src/tim.c.obj
                0x08000614                MX_TIM2_Init
 .text.MX_TIM3_Init
                0x080006bc       0xa8 CMakeFiles/SUPERCAR_STM32F407ZGT6.dir/Core/Src/tim.c.obj
                0x080006bc                MX_TIM3_Init
 .text.MX_TIM4_Init
                0x08000764       0xa8 CMakeFiles/SUPERCAR_STM32F407ZGT6.dir/Core/Src/tim.c.obj
                0x08000764                MX_TIM4_Init
 .text.MX_TIM5_Init
                0x0800080c       0xf4 CMakeFiles/SUPERCAR_STM32F407ZGT6.dir/Core/Src/tim.c.obj
                0x0800080c                MX_TIM5_Init
 .text.MX_TIM8_Init
                0x08000900      0x138 CMakeFiles/SUPERCAR_STM32F407ZGT6.dir/Core/Src/tim.c.obj
                0x08000900                MX_TIM8_Init
 .text.MX_TIM10_Init
                0x08000a38       0x9c CMakeFiles/SUPERCAR_STM32F407ZGT6.dir/Core/Src/tim.c.obj
                0x08000a38                MX_TIM10_Init
 .text.MX_TIM14_Init
                0x08000ad4       0x48 CMakeFiles/SUPERCAR_STM32F407ZGT6.dir/Core/Src/tim.c.obj
                0x08000ad4                MX_TIM14_Init
 .text.HAL_TIM_Encoder_MspInit
                0x08000b1c      0x20c CMakeFiles/SUPERCAR_STM32F407ZGT6.dir/Core/Src/tim.c.obj
                0x08000b1c                HAL_TIM_Encoder_MspInit
 .text.HAL_TIM_PWM_MspInit
                0x08000d28       0x70 CMakeFiles/SUPERCAR_STM32F407ZGT6.dir/Core/Src/tim.c.obj
                0x08000d28                HAL_TIM_PWM_MspInit
 .text.HAL_TIM_Base_MspInit
                0x08000d98       0x70 CMakeFiles/SUPERCAR_STM32F407ZGT6.dir/Core/Src/tim.c.obj
                0x08000d98                HAL_TIM_Base_MspInit
 .text.HAL_TIM_MspPostInit
                0x08000e08      0x118 CMakeFiles/SUPERCAR_STM32F407ZGT6.dir/Core/Src/tim.c.obj
                0x08000e08                HAL_TIM_MspPostInit
 .text.MX_USART1_UART_Init
                0x08000f20       0x54 CMakeFiles/SUPERCAR_STM32F407ZGT6.dir/Core/Src/usart.c.obj
                0x08000f20                MX_USART1_UART_Init
 .text.MX_USART2_UART_Init
                0x08000f74       0x54 CMakeFiles/SUPERCAR_STM32F407ZGT6.dir/Core/Src/usart.c.obj
                0x08000f74                MX_USART2_UART_Init
 .text.MX_USART3_UART_Init
                0x08000fc8       0x54 CMakeFiles/SUPERCAR_STM32F407ZGT6.dir/Core/Src/usart.c.obj
                0x08000fc8                MX_USART3_UART_Init
 .text.MX_USART6_UART_Init
                0x0800101c       0x54 CMakeFiles/SUPERCAR_STM32F407ZGT6.dir/Core/Src/usart.c.obj
                0x0800101c                MX_USART6_UART_Init
 .text.HAL_UART_MspInit
                0x08001070      0x1d8 CMakeFiles/SUPERCAR_STM32F407ZGT6.dir/Core/Src/usart.c.obj
                0x08001070                HAL_UART_MspInit
 .text.NMI_Handler
                0x08001248        0x8 CMakeFiles/SUPERCAR_STM32F407ZGT6.dir/Core/Src/stm32f4xx_it.c.obj
                0x08001248                NMI_Handler
 .text.HardFault_Handler
                0x08001250        0x8 CMakeFiles/SUPERCAR_STM32F407ZGT6.dir/Core/Src/stm32f4xx_it.c.obj
                0x08001250                HardFault_Handler
 .text.MemManage_Handler
                0x08001258        0x8 CMakeFiles/SUPERCAR_STM32F407ZGT6.dir/Core/Src/stm32f4xx_it.c.obj
                0x08001258                MemManage_Handler
 .text.BusFault_Handler
                0x08001260        0x8 CMakeFiles/SUPERCAR_STM32F407ZGT6.dir/Core/Src/stm32f4xx_it.c.obj
                0x08001260                BusFault_Handler
 .text.UsageFault_Handler
                0x08001268        0x8 CMakeFiles/SUPERCAR_STM32F407ZGT6.dir/Core/Src/stm32f4xx_it.c.obj
                0x08001268                UsageFault_Handler
 .text.SVC_Handler
                0x08001270        0xe CMakeFiles/SUPERCAR_STM32F407ZGT6.dir/Core/Src/stm32f4xx_it.c.obj
                0x08001270                SVC_Handler
 .text.DebugMon_Handler
                0x0800127e        0xe CMakeFiles/SUPERCAR_STM32F407ZGT6.dir/Core/Src/stm32f4xx_it.c.obj
                0x0800127e                DebugMon_Handler
 .text.PendSV_Handler
                0x0800128c        0xe CMakeFiles/SUPERCAR_STM32F407ZGT6.dir/Core/Src/stm32f4xx_it.c.obj
                0x0800128c                PendSV_Handler
 .text.SysTick_Handler
                0x0800129a        0xc CMakeFiles/SUPERCAR_STM32F407ZGT6.dir/Core/Src/stm32f4xx_it.c.obj
                0x0800129a                SysTick_Handler
 *fill*         0x080012a6        0x2 
 .text.HAL_MspInit
                0x080012a8       0x50 CMakeFiles/SUPERCAR_STM32F407ZGT6.dir/Core/Src/stm32f4xx_hal_msp.c.obj
                0x080012a8                HAL_MspInit
 .text.Reset_Handler
                0x080012f8       0x50 CMakeFiles/SUPERCAR_STM32F407ZGT6.dir/startup_stm32f407xx.s.obj
                0x080012f8                Reset_Handler
 .text.Default_Handler
                0x08001348        0x2 CMakeFiles/SUPERCAR_STM32F407ZGT6.dir/startup_stm32f407xx.s.obj
                0x08001348                RTC_Alarm_IRQHandler
                0x08001348                HASH_RNG_IRQHandler
                0x08001348                EXTI2_IRQHandler
                0x08001348                TIM8_CC_IRQHandler
                0x08001348                TIM1_CC_IRQHandler
                0x08001348                DMA2_Stream5_IRQHandler
                0x08001348                DMA1_Stream5_IRQHandler
                0x08001348                PVD_IRQHandler
                0x08001348                SDIO_IRQHandler
                0x08001348                TAMP_STAMP_IRQHandler
                0x08001348                CAN2_RX1_IRQHandler
                0x08001348                EXTI3_IRQHandler
                0x08001348                TIM8_TRG_COM_TIM14_IRQHandler
                0x08001348                TIM1_UP_TIM10_IRQHandler
                0x08001348                TIM8_UP_TIM13_IRQHandler
                0x08001348                I2C3_ER_IRQHandler
                0x08001348                EXTI0_IRQHandler
                0x08001348                I2C2_EV_IRQHandler
                0x08001348                DMA1_Stream2_IRQHandler
                0x08001348                CAN1_RX0_IRQHandler
                0x08001348                FPU_IRQHandler
                0x08001348                OTG_HS_WKUP_IRQHandler
                0x08001348                CAN2_SCE_IRQHandler
                0x08001348                DMA2_Stream2_IRQHandler
                0x08001348                SPI1_IRQHandler
                0x08001348                TIM6_DAC_IRQHandler
                0x08001348                TIM1_BRK_TIM9_IRQHandler
                0x08001348                DCMI_IRQHandler
                0x08001348                CAN2_RX0_IRQHandler
                0x08001348                DMA2_Stream3_IRQHandler
                0x08001348                USART6_IRQHandler
                0x08001348                USART3_IRQHandler
                0x08001348                CAN1_RX1_IRQHandler
                0x08001348                UART5_IRQHandler
                0x08001348                DMA2_Stream0_IRQHandler
                0x08001348                TIM4_IRQHandler
                0x08001348                I2C1_EV_IRQHandler
                0x08001348                DMA1_Stream6_IRQHandler
                0x08001348                DMA1_Stream1_IRQHandler
                0x08001348                UART4_IRQHandler
                0x08001348                TIM3_IRQHandler
                0x08001348                RCC_IRQHandler
                0x08001348                TIM8_BRK_TIM12_IRQHandler
                0x08001348                Default_Handler
                0x08001348                EXTI15_10_IRQHandler
                0x08001348                ADC_IRQHandler
                0x08001348                DMA1_Stream7_IRQHandler
                0x08001348                TIM7_IRQHandler
                0x08001348                CAN2_TX_IRQHandler
                0x08001348                TIM5_IRQHandler
                0x08001348                DMA2_Stream7_IRQHandler
                0x08001348                I2C3_EV_IRQHandler
                0x08001348                EXTI9_5_IRQHandler
                0x08001348                RTC_WKUP_IRQHandler
                0x08001348                ETH_WKUP_IRQHandler
                0x08001348                SPI2_IRQHandler
                0x08001348                OTG_HS_EP1_IN_IRQHandler
                0x08001348                DMA1_Stream0_IRQHandler
                0x08001348                CAN1_TX_IRQHandler
                0x08001348                EXTI4_IRQHandler
                0x08001348                FSMC_IRQHandler
                0x08001348                ETH_IRQHandler
                0x08001348                OTG_HS_EP1_OUT_IRQHandler
                0x08001348                WWDG_IRQHandler
                0x08001348                TIM2_IRQHandler
                0x08001348                OTG_FS_WKUP_IRQHandler
                0x08001348                TIM1_TRG_COM_TIM11_IRQHandler
                0x08001348                OTG_HS_IRQHandler
                0x08001348                EXTI1_IRQHandler
                0x08001348                USART2_IRQHandler
                0x08001348                I2C2_ER_IRQHandler
                0x08001348                DMA2_Stream1_IRQHandler
                0x08001348                CAN1_SCE_IRQHandler
                0x08001348                FLASH_IRQHandler
                0x08001348                DMA2_Stream4_IRQHandler
                0x08001348                USART1_IRQHandler
                0x08001348                OTG_FS_IRQHandler
                0x08001348                SPI3_IRQHandler
                0x08001348                DMA1_Stream4_IRQHandler
                0x08001348                I2C1_ER_IRQHandler
                0x08001348                DMA2_Stream6_IRQHandler
                0x08001348                DMA1_Stream3_IRQHandler
 *fill*         0x0800134a        0x2 
 .text.SystemInit
                0x0800134c       0x24 cmake/stm32cubemx/CMakeFiles/STM32_Drivers.dir/__/__/Core/Src/system_stm32f4xx.c.obj
                0x0800134c                SystemInit
 .text.HAL_CAN_Init
                0x08001370      0x1f6 cmake/stm32cubemx/CMakeFiles/STM32_Drivers.dir/__/__/Drivers/STM32F4xx_HAL_Driver/Src/stm32f4xx_hal_can.c.obj
                0x08001370                HAL_CAN_Init
 *fill*         0x08001566        0x2 
 .text.HAL_RCC_OscConfig
                0x08001568      0x4f0 cmake/stm32cubemx/CMakeFiles/STM32_Drivers.dir/__/__/Drivers/STM32F4xx_HAL_Driver/Src/stm32f4xx_hal_rcc.c.obj
                0x08001568                HAL_RCC_OscConfig
 .text.HAL_RCC_ClockConfig
                0x08001a58      0x1cc cmake/stm32cubemx/CMakeFiles/STM32_Drivers.dir/__/__/Drivers/STM32F4xx_HAL_Driver/Src/stm32f4xx_hal_rcc.c.obj
                0x08001a58                HAL_RCC_ClockConfig
 .text.HAL_RCC_GetSysClockFreq
                0x08001c24      0x188 cmake/stm32cubemx/CMakeFiles/STM32_Drivers.dir/__/__/Drivers/STM32F4xx_HAL_Driver/Src/stm32f4xx_hal_rcc.c.obj
                0x08001c24                HAL_RCC_GetSysClockFreq
 .text.HAL_RCC_GetHCLKFreq
                0x08001dac       0x18 cmake/stm32cubemx/CMakeFiles/STM32_Drivers.dir/__/__/Drivers/STM32F4xx_HAL_Driver/Src/stm32f4xx_hal_rcc.c.obj
                0x08001dac                HAL_RCC_GetHCLKFreq
 .text.HAL_RCC_GetPCLK1Freq
                0x08001dc4       0x28 cmake/stm32cubemx/CMakeFiles/STM32_Drivers.dir/__/__/Drivers/STM32F4xx_HAL_Driver/Src/stm32f4xx_hal_rcc.c.obj
                0x08001dc4                HAL_RCC_GetPCLK1Freq
 .text.HAL_RCC_GetPCLK2Freq
                0x08001dec       0x28 cmake/stm32cubemx/CMakeFiles/STM32_Drivers.dir/__/__/Drivers/STM32F4xx_HAL_Driver/Src/stm32f4xx_hal_rcc.c.obj
                0x08001dec                HAL_RCC_GetPCLK2Freq
 .text.HAL_GPIO_Init
                0x08001e14      0x338 cmake/stm32cubemx/CMakeFiles/STM32_Drivers.dir/__/__/Drivers/STM32F4xx_HAL_Driver/Src/stm32f4xx_hal_gpio.c.obj
                0x08001e14                HAL_GPIO_Init
 .text.HAL_GPIO_WritePin
                0x0800214c       0x32 cmake/stm32cubemx/CMakeFiles/STM32_Drivers.dir/__/__/Drivers/STM32F4xx_HAL_Driver/Src/stm32f4xx_hal_gpio.c.obj
                0x0800214c                HAL_GPIO_WritePin
 *fill*         0x0800217e        0x2 
 .text.__NVIC_SetPriorityGrouping
                0x08002180       0x48 cmake/stm32cubemx/CMakeFiles/STM32_Drivers.dir/__/__/Drivers/STM32F4xx_HAL_Driver/Src/stm32f4xx_hal_cortex.c.obj
 .text.__NVIC_GetPriorityGrouping
                0x080021c8       0x1c cmake/stm32cubemx/CMakeFiles/STM32_Drivers.dir/__/__/Drivers/STM32F4xx_HAL_Driver/Src/stm32f4xx_hal_cortex.c.obj
 .text.__NVIC_SetPriority
                0x080021e4       0x54 cmake/stm32cubemx/CMakeFiles/STM32_Drivers.dir/__/__/Drivers/STM32F4xx_HAL_Driver/Src/stm32f4xx_hal_cortex.c.obj
 .text.NVIC_EncodePriority
                0x08002238       0x66 cmake/stm32cubemx/CMakeFiles/STM32_Drivers.dir/__/__/Drivers/STM32F4xx_HAL_Driver/Src/stm32f4xx_hal_cortex.c.obj
 *fill*         0x0800229e        0x2 
 .text.SysTick_Config
                0x080022a0       0x44 cmake/stm32cubemx/CMakeFiles/STM32_Drivers.dir/__/__/Drivers/STM32F4xx_HAL_Driver/Src/stm32f4xx_hal_cortex.c.obj
 .text.HAL_NVIC_SetPriorityGrouping
                0x080022e4       0x16 cmake/stm32cubemx/CMakeFiles/STM32_Drivers.dir/__/__/Drivers/STM32F4xx_HAL_Driver/Src/stm32f4xx_hal_cortex.c.obj
                0x080022e4                HAL_NVIC_SetPriorityGrouping
 .text.HAL_NVIC_SetPriority
                0x080022fa       0x38 cmake/stm32cubemx/CMakeFiles/STM32_Drivers.dir/__/__/Drivers/STM32F4xx_HAL_Driver/Src/stm32f4xx_hal_cortex.c.obj
                0x080022fa                HAL_NVIC_SetPriority
 .text.HAL_SYSTICK_Config
                0x08002332       0x18 cmake/stm32cubemx/CMakeFiles/STM32_Drivers.dir/__/__/Drivers/STM32F4xx_HAL_Driver/Src/stm32f4xx_hal_cortex.c.obj
                0x08002332                HAL_SYSTICK_Config
 *fill*         0x0800234a        0x2 
 .text.HAL_Init
                0x0800234c       0x44 cmake/stm32cubemx/CMakeFiles/STM32_Drivers.dir/__/__/Drivers/STM32F4xx_HAL_Driver/Src/stm32f4xx_hal.c.obj
                0x0800234c                HAL_Init
 .text.HAL_InitTick
                0x08002390       0x60 cmake/stm32cubemx/CMakeFiles/STM32_Drivers.dir/__/__/Drivers/STM32F4xx_HAL_Driver/Src/stm32f4xx_hal.c.obj
                0x08002390                HAL_InitTick
 .text.HAL_IncTick
                0x080023f0       0x28 cmake/stm32cubemx/CMakeFiles/STM32_Drivers.dir/__/__/Drivers/STM32F4xx_HAL_Driver/Src/stm32f4xx_hal.c.obj
                0x080023f0                HAL_IncTick
 .text.HAL_GetTick
                0x08002418       0x18 cmake/stm32cubemx/CMakeFiles/STM32_Drivers.dir/__/__/Drivers/STM32F4xx_HAL_Driver/Src/stm32f4xx_hal.c.obj
                0x08002418                HAL_GetTick
 .text.HAL_TIM_Base_Init
                0x08002430       0x9e cmake/stm32cubemx/CMakeFiles/STM32_Drivers.dir/__/__/Drivers/STM32F4xx_HAL_Driver/Src/stm32f4xx_hal_tim.c.obj
                0x08002430                HAL_TIM_Base_Init
 .text.HAL_TIM_PWM_Init
                0x080024ce       0x9e cmake/stm32cubemx/CMakeFiles/STM32_Drivers.dir/__/__/Drivers/STM32F4xx_HAL_Driver/Src/stm32f4xx_hal_tim.c.obj
                0x080024ce                HAL_TIM_PWM_Init
 .text.HAL_TIM_Encoder_Init
                0x0800256c      0x14c cmake/stm32cubemx/CMakeFiles/STM32_Drivers.dir/__/__/Drivers/STM32F4xx_HAL_Driver/Src/stm32f4xx_hal_tim.c.obj
                0x0800256c                HAL_TIM_Encoder_Init
 .text.HAL_TIM_PWM_ConfigChannel
                0x080026b8      0x184 cmake/stm32cubemx/CMakeFiles/STM32_Drivers.dir/__/__/Drivers/STM32F4xx_HAL_Driver/Src/stm32f4xx_hal_tim.c.obj
                0x080026b8                HAL_TIM_PWM_ConfigChannel
 .text.TIM_Base_SetConfig
                0x0800283c      0x14c cmake/stm32cubemx/CMakeFiles/STM32_Drivers.dir/__/__/Drivers/STM32F4xx_HAL_Driver/Src/stm32f4xx_hal_tim.c.obj
                0x0800283c                TIM_Base_SetConfig
 .text.TIM_OC1_SetConfig
                0x08002988       0xe0 cmake/stm32cubemx/CMakeFiles/STM32_Drivers.dir/__/__/Drivers/STM32F4xx_HAL_Driver/Src/stm32f4xx_hal_tim.c.obj
 .text.TIM_OC2_SetConfig
                0x08002a68       0xec cmake/stm32cubemx/CMakeFiles/STM32_Drivers.dir/__/__/Drivers/STM32F4xx_HAL_Driver/Src/stm32f4xx_hal_tim.c.obj
                0x08002a68                TIM_OC2_SetConfig
 .text.TIM_OC3_SetConfig
                0x08002b54       0xe8 cmake/stm32cubemx/CMakeFiles/STM32_Drivers.dir/__/__/Drivers/STM32F4xx_HAL_Driver/Src/stm32f4xx_hal_tim.c.obj
 .text.TIM_OC4_SetConfig
                0x08002c3c       0xac cmake/stm32cubemx/CMakeFiles/STM32_Drivers.dir/__/__/Drivers/STM32F4xx_HAL_Driver/Src/stm32f4xx_hal_tim.c.obj
 .text.HAL_TIMEx_MasterConfigSynchronization
                0x08002ce8       0xf8 cmake/stm32cubemx/CMakeFiles/STM32_Drivers.dir/__/__/Drivers/STM32F4xx_HAL_Driver/Src/stm32f4xx_hal_tim_ex.c.obj
                0x08002ce8                HAL_TIMEx_MasterConfigSynchronization
 .text.HAL_TIMEx_ConfigBreakDeadTime
                0x08002de0       0xa4 cmake/stm32cubemx/CMakeFiles/STM32_Drivers.dir/__/__/Drivers/STM32F4xx_HAL_Driver/Src/stm32f4xx_hal_tim_ex.c.obj
                0x08002de0                HAL_TIMEx_ConfigBreakDeadTime
 .text.HAL_UART_Init
                0x08002e84       0xa0 cmake/stm32cubemx/CMakeFiles/STM32_Drivers.dir/__/__/Drivers/STM32F4xx_HAL_Driver/Src/stm32f4xx_hal_uart.c.obj
                0x08002e84                HAL_UART_Init
 .text.UART_SetConfig
                0x08002f24      0x4e8 cmake/stm32cubemx/CMakeFiles/STM32_Drivers.dir/__/__/Drivers/STM32F4xx_HAL_Driver/Src/stm32f4xx_hal_uart.c.obj
 .text.__udivmoddi4
                0x0800340c      0x2f8 /opt/arm-gnu-toolchain-14.3.rel1-x86_64-arm-none-eabi/bin/../lib/gcc/arm-none-eabi/14.3.1/thumb/v7e-m+fp/hard/libgcc.a(_udivmoddi4.o)
                0x0800340c                __udivmoddi4
 .text.memset   0x08003704       0x10 /opt/arm-gnu-toolchain-14.3.rel1-x86_64-arm-none-eabi/bin/../lib/gcc/arm-none-eabi/14.3.1/../../../../arm-none-eabi/lib/thumb/v7e-m+fp/hard/libg_nano.a(libc_a-memset.o)
                0x08003704                memset
 .text.__libc_init_array
                0x08003714       0x48 /opt/arm-gnu-toolchain-14.3.rel1-x86_64-arm-none-eabi/bin/../lib/gcc/arm-none-eabi/14.3.1/../../../../arm-none-eabi/lib/thumb/v7e-m+fp/hard/libg_nano.a(libc_a-init.o)
                0x08003714                __libc_init_array
 *(.glue_7)
 .glue_7        0x0800375c        0x0 linker stubs
 *(.glue_7t)
 .glue_7t       0x0800375c        0x0 linker stubs
 *(.eh_frame)
 .eh_frame      0x0800375c        0x0 /opt/arm-gnu-toolchain-14.3.rel1-x86_64-arm-none-eabi/bin/../lib/gcc/arm-none-eabi/14.3.1/thumb/v7e-m+fp/hard/crtbegin.o
 *(.init)
 .init          0x0800375c        0x4 /opt/arm-gnu-toolchain-14.3.rel1-x86_64-arm-none-eabi/bin/../lib/gcc/arm-none-eabi/14.3.1/thumb/v7e-m+fp/hard/crti.o
                0x0800375c                _init
 .init          0x08003760        0x8 /opt/arm-gnu-toolchain-14.3.rel1-x86_64-arm-none-eabi/bin/../lib/gcc/arm-none-eabi/14.3.1/thumb/v7e-m+fp/hard/crtn.o
 *(.fini)
 .fini          0x08003768        0x4 /opt/arm-gnu-toolchain-14.3.rel1-x86_64-arm-none-eabi/bin/../lib/gcc/arm-none-eabi/14.3.1/thumb/v7e-m+fp/hard/crti.o
                0x08003768                _fini
 .fini          0x0800376c        0x8 /opt/arm-gnu-toolchain-14.3.rel1-x86_64-arm-none-eabi/bin/../lib/gcc/arm-none-eabi/14.3.1/thumb/v7e-m+fp/hard/crtn.o
                0x08003774                        . = ALIGN (0x4)
                0x08003774                        _etext = .

.vfp11_veneer   0x08003774        0x0
 .vfp11_veneer  0x08003774        0x0 linker stubs

.v4_bx          0x08003774        0x0
 .v4_bx         0x08003774        0x0 linker stubs

.iplt           0x08003774        0x0
 .iplt          0x08003774        0x0 /opt/arm-gnu-toolchain-14.3.rel1-x86_64-arm-none-eabi/bin/../lib/gcc/arm-none-eabi/14.3.1/thumb/v7e-m+fp/hard/crtbegin.o

.rodata         0x08003774       0x18
                0x08003774                        . = ALIGN (0x4)
 *(.rodata)
 *(.rodata*)
 .rodata.AHBPrescTable
                0x08003774       0x10 cmake/stm32cubemx/CMakeFiles/STM32_Drivers.dir/__/__/Core/Src/system_stm32f4xx.c.obj
                0x08003774                AHBPrescTable
 .rodata.APBPrescTable
                0x08003784        0x8 cmake/stm32cubemx/CMakeFiles/STM32_Drivers.dir/__/__/Core/Src/system_stm32f4xx.c.obj
                0x08003784                APBPrescTable
                0x0800378c                        . = ALIGN (0x4)

.ARM.extab      0x0800378c        0x0
                0x0800378c                        . = ALIGN (0x4)
 *(.ARM.extab* .gnu.linkonce.armextab.*)
                0x0800378c                        . = ALIGN (0x4)

.ARM            0x0800378c        0x8
                0x0800378c                        . = ALIGN (0x4)
                0x0800378c                        __exidx_start = .
 *(.ARM.exidx*)
 .ARM.exidx.text.__udivmoddi4
                0x0800378c        0x8 /opt/arm-gnu-toolchain-14.3.rel1-x86_64-arm-none-eabi/bin/../lib/gcc/arm-none-eabi/14.3.1/thumb/v7e-m+fp/hard/libgcc.a(_udivmoddi4.o)
                0x08003794                        __exidx_end = .
                0x08003794                        . = ALIGN (0x4)

.preinit_array  0x08003794        0x0
                0x08003794                        . = ALIGN (0x4)
                0x08003794                        PROVIDE (__preinit_array_start = .)
 *(.preinit_array*)
                0x08003794                        PROVIDE (__preinit_array_end = .)
                0x08003794                        . = ALIGN (0x4)

.init_array     0x08003794        0x4
                0x08003794                        . = ALIGN (0x4)
                0x08003794                        PROVIDE (__init_array_start = .)
 *(SORT_BY_NAME(.init_array.*))
 *(.init_array*)
 .init_array    0x08003794        0x4 /opt/arm-gnu-toolchain-14.3.rel1-x86_64-arm-none-eabi/bin/../lib/gcc/arm-none-eabi/14.3.1/thumb/v7e-m+fp/hard/crtbegin.o
                0x08003798                        PROVIDE (__init_array_end = .)
                0x08003798                        . = ALIGN (0x4)

.fini_array     0x08003798        0x4
                0x08003798                        . = ALIGN (0x4)
                [!provide]                        PROVIDE (__fini_array_start = .)
 *(SORT_BY_NAME(.fini_array.*))
 *(.fini_array*)
 .fini_array    0x08003798        0x4 /opt/arm-gnu-toolchain-14.3.rel1-x86_64-arm-none-eabi/bin/../lib/gcc/arm-none-eabi/14.3.1/thumb/v7e-m+fp/hard/crtbegin.o
                [!provide]                        PROVIDE (__fini_array_end = .)
                0x0800379c                        . = ALIGN (0x4)
                0x0800379c                        _siccmram = LOADADDR (.ccmram)

.rel.dyn        0x0800379c        0x0
 .rel.iplt      0x0800379c        0x0 /opt/arm-gnu-toolchain-14.3.rel1-x86_64-arm-none-eabi/bin/../lib/gcc/arm-none-eabi/14.3.1/thumb/v7e-m+fp/hard/crtbegin.o

.ccmram         0x10000000        0x0 load address 0x0800379c
                0x10000000                        . = ALIGN (0x4)
                0x10000000                        _sccmram = .
 *(.ccmram)
 *(.ccmram*)
                0x10000000                        . = ALIGN (0x4)
                0x10000000                        _eccmram = .
                0x0800379c                        _sidata = LOADADDR (.data)

.data           0x20000000        0xc load address 0x0800379c
                0x20000000                        . = ALIGN (0x4)
                0x20000000                        _sdata = .
 *(.data)
 *(.data*)
 .data.SystemCoreClock
                0x20000000        0x4 cmake/stm32cubemx/CMakeFiles/STM32_Drivers.dir/__/__/Core/Src/system_stm32f4xx.c.obj
                0x20000000                SystemCoreClock
 .data.uwTickPrio
                0x20000004        0x4 cmake/stm32cubemx/CMakeFiles/STM32_Drivers.dir/__/__/Drivers/STM32F4xx_HAL_Driver/Src/stm32f4xx_hal.c.obj
                0x20000004                uwTickPrio
 .data.uwTickFreq
                0x20000008        0x1 cmake/stm32cubemx/CMakeFiles/STM32_Drivers.dir/__/__/Drivers/STM32F4xx_HAL_Driver/Src/stm32f4xx_hal.c.obj
                0x20000008                uwTickFreq
 *(.RamFunc)
 *(.RamFunc*)
                0x2000000c                        . = ALIGN (0x4)
 *fill*         0x20000009        0x3 

.tm_clone_table
                0x2000000c        0x0 load address 0x080037a8
 .tm_clone_table
                0x2000000c        0x0 /opt/arm-gnu-toolchain-14.3.rel1-x86_64-arm-none-eabi/bin/../lib/gcc/arm-none-eabi/14.3.1/thumb/v7e-m+fp/hard/crtbegin.o
 .tm_clone_table
                0x2000000c        0x0 /opt/arm-gnu-toolchain-14.3.rel1-x86_64-arm-none-eabi/bin/../lib/gcc/arm-none-eabi/14.3.1/thumb/v7e-m+fp/hard/crtend.o

.igot.plt       0x2000000c        0x0 load address 0x080037a8
 .igot.plt      0x2000000c        0x0 /opt/arm-gnu-toolchain-14.3.rel1-x86_64-arm-none-eabi/bin/../lib/gcc/arm-none-eabi/14.3.1/thumb/v7e-m+fp/hard/crtbegin.o

.tdata          0x2000000c        0x0 load address 0x080037a8
 *(.tdata .tdata.* .gnu.linkonce.td.*)
                0x2000000c                        . = ALIGN (0x4)
                0x2000000c                        _edata = .
                [!provide]                        PROVIDE (__data_end = .)
                [!provide]                        PROVIDE (__tdata_end = .)
                [!provide]                        PROVIDE (__tdata_start = ADDR (.tdata))
                [!provide]                        PROVIDE (__tdata_size = (__tdata_end - __tdata_start))
                [!provide]                        PROVIDE (__data_start = ADDR (.data))
                [!provide]                        PROVIDE (__data_size = (__data_end - __data_start))
                [!provide]                        PROVIDE (__tdata_source = LOADADDR (.tdata))
                [!provide]                        PROVIDE (__tdata_source_end = (LOADADDR (.tdata) + SIZEOF (.tdata)))
                [!provide]                        PROVIDE (__tdata_source_size = (__tdata_source_end - __tdata_source))
                [!provide]                        PROVIDE (__data_source = LOADADDR (.data))
                [!provide]                        PROVIDE (__data_source_end = __tdata_source_end)
                [!provide]                        PROVIDE (__data_source_size = (__data_source_end - __data_source))

.tbss           0x2000000c        0x0 load address 0x080037a8
                0x2000000c                        _sbss = .
                0x2000000c                        __bss_start__ = _sbss
 *(.tbss .tbss.*)
                0x2000000c                        . = ALIGN (0x4)
                [!provide]                        PROVIDE (__tbss_end = .)
                [!provide]                        PROVIDE (__tbss_start = ADDR (.tbss))
                [!provide]                        PROVIDE (__tbss_size = (__tbss_end - __tbss_start))
                [!provide]                        PROVIDE (__tbss_offset = (ADDR (.tbss) - ADDR (.tdata)))
                [!provide]                        PROVIDE (__tls_base = __tdata_start)
                [!provide]                        PROVIDE (__tls_end = __tbss_end)
                [!provide]                        PROVIDE (__tls_size = (__tls_end - __tls_base))
                [!provide]                        PROVIDE (__tls_align = MAX (ALIGNOF (.tdata), ALIGNOF (.tbss)))
                [!provide]                        PROVIDE (__tls_size_align = (((__tls_size + __tls_align) - 0x1) & ~ ((__tls_align - 0x1))))
                [!provide]                        PROVIDE (__arm32_tls_tcb_offset = MAX (0x8, __tls_align))
                [!provide]                        PROVIDE (__arm64_tls_tcb_offset = MAX (0x10, __tls_align))

.bss            0x2000000c      0x3a8 load address 0x080037a8
 *(.bss)
 *(.bss*)
 .bss.completed.1
                0x2000000c        0x1 /opt/arm-gnu-toolchain-14.3.rel1-x86_64-arm-none-eabi/bin/../lib/gcc/arm-none-eabi/14.3.1/thumb/v7e-m+fp/hard/crtbegin.o
 *fill*         0x2000000d        0x3 
 .bss.object.0  0x20000010       0x18 /opt/arm-gnu-toolchain-14.3.rel1-x86_64-arm-none-eabi/bin/../lib/gcc/arm-none-eabi/14.3.1/thumb/v7e-m+fp/hard/crtbegin.o
 .bss.hcan1     0x20000028       0x28 CMakeFiles/SUPERCAR_STM32F407ZGT6.dir/Core/Src/can.c.obj
                0x20000028                hcan1
 .bss.htim1     0x20000050       0x48 CMakeFiles/SUPERCAR_STM32F407ZGT6.dir/Core/Src/tim.c.obj
                0x20000050                htim1
 .bss.htim2     0x20000098       0x48 CMakeFiles/SUPERCAR_STM32F407ZGT6.dir/Core/Src/tim.c.obj
                0x20000098                htim2
 .bss.htim3     0x200000e0       0x48 CMakeFiles/SUPERCAR_STM32F407ZGT6.dir/Core/Src/tim.c.obj
                0x200000e0                htim3
 .bss.htim4     0x20000128       0x48 CMakeFiles/SUPERCAR_STM32F407ZGT6.dir/Core/Src/tim.c.obj
                0x20000128                htim4
 .bss.htim5     0x20000170       0x48 CMakeFiles/SUPERCAR_STM32F407ZGT6.dir/Core/Src/tim.c.obj
                0x20000170                htim5
 .bss.htim8     0x200001b8       0x48 CMakeFiles/SUPERCAR_STM32F407ZGT6.dir/Core/Src/tim.c.obj
                0x200001b8                htim8
 .bss.htim10    0x20000200       0x48 CMakeFiles/SUPERCAR_STM32F407ZGT6.dir/Core/Src/tim.c.obj
                0x20000200                htim10
 .bss.htim14    0x20000248       0x48 CMakeFiles/SUPERCAR_STM32F407ZGT6.dir/Core/Src/tim.c.obj
                0x20000248                htim14
 .bss.huart1    0x20000290       0x48 CMakeFiles/SUPERCAR_STM32F407ZGT6.dir/Core/Src/usart.c.obj
                0x20000290                huart1
 .bss.huart2    0x200002d8       0x48 CMakeFiles/SUPERCAR_STM32F407ZGT6.dir/Core/Src/usart.c.obj
                0x200002d8                huart2
 .bss.huart3    0x20000320       0x48 CMakeFiles/SUPERCAR_STM32F407ZGT6.dir/Core/Src/usart.c.obj
                0x20000320                huart3
 .bss.huart6    0x20000368       0x48 CMakeFiles/SUPERCAR_STM32F407ZGT6.dir/Core/Src/usart.c.obj
                0x20000368                huart6
 .bss.uwTick    0x200003b0        0x4 cmake/stm32cubemx/CMakeFiles/STM32_Drivers.dir/__/__/Drivers/STM32F4xx_HAL_Driver/Src/stm32f4xx_hal.c.obj
                0x200003b0                uwTick
 *(COMMON)
                0x200003b4                        . = ALIGN (0x4)
                0x200003b4                        _ebss = .
                0x200003b4                        __bss_end__ = _ebss
                [!provide]                        PROVIDE (__bss_end = .)
                [!provide]                        PROVIDE (__non_tls_bss_start = ADDR (.bss))
                [!provide]                        PROVIDE (__bss_start = __tbss_start)
                [!provide]                        PROVIDE (__bss_size = (__bss_end - __bss_start))

._user_heap_stack
                0x200003b4      0x604 load address 0x080037a8
                0x200003b8                        . = ALIGN (0x8)
 *fill*         0x200003b4        0x4 
                [!provide]                        PROVIDE (end = .)
                0x200003b8                        PROVIDE (_end = .)
                0x200005b8                        . = (. + _Min_Heap_Size)
 *fill*         0x200003b8      0x200 
                0x200009b8                        . = (. + _Min_Stack_Size)
 *fill*         0x200005b8      0x400 
                0x200009b8                        . = ALIGN (0x8)

/DISCARD/
 libc.a:*(*)
 libm.a:*(*)
 libgcc.a:*(*)
OUTPUT(SUPERCAR_STM32F407ZGT6.elf elf32-littlearm)
LOAD linker stubs

.ARM.attributes
                0x00000000       0x30
 .ARM.attributes
                0x00000000       0x22 /opt/arm-gnu-toolchain-14.3.rel1-x86_64-arm-none-eabi/bin/../lib/gcc/arm-none-eabi/14.3.1/thumb/v7e-m+fp/hard/crti.o
 .ARM.attributes
                0x00000022       0x34 /opt/arm-gnu-toolchain-14.3.rel1-x86_64-arm-none-eabi/bin/../lib/gcc/arm-none-eabi/14.3.1/thumb/v7e-m+fp/hard/crtbegin.o
 .ARM.attributes
                0x00000056       0x34 CMakeFiles/SUPERCAR_STM32F407ZGT6.dir/Core/Src/main.c.obj
 .ARM.attributes
                0x0000008a       0x34 CMakeFiles/SUPERCAR_STM32F407ZGT6.dir/Core/Src/gpio.c.obj
 .ARM.attributes
                0x000000be       0x34 CMakeFiles/SUPERCAR_STM32F407ZGT6.dir/Core/Src/can.c.obj
 .ARM.attributes
                0x000000f2       0x34 CMakeFiles/SUPERCAR_STM32F407ZGT6.dir/Core/Src/tim.c.obj
 .ARM.attributes
                0x00000126       0x34 CMakeFiles/SUPERCAR_STM32F407ZGT6.dir/Core/Src/usart.c.obj
 .ARM.attributes
                0x0000015a       0x34 CMakeFiles/SUPERCAR_STM32F407ZGT6.dir/Core/Src/stm32f4xx_it.c.obj
 .ARM.attributes
                0x0000018e       0x34 CMakeFiles/SUPERCAR_STM32F407ZGT6.dir/Core/Src/stm32f4xx_hal_msp.c.obj
 .ARM.attributes
                0x000001c2       0x21 CMakeFiles/SUPERCAR_STM32F407ZGT6.dir/startup_stm32f407xx.s.obj
 .ARM.attributes
                0x000001e3       0x34 cmake/stm32cubemx/CMakeFiles/STM32_Drivers.dir/__/__/Core/Src/system_stm32f4xx.c.obj
 .ARM.attributes
                0x00000217       0x34 cmake/stm32cubemx/CMakeFiles/STM32_Drivers.dir/__/__/Drivers/STM32F4xx_HAL_Driver/Src/stm32f4xx_hal_can.c.obj
 .ARM.attributes
                0x0000024b       0x34 cmake/stm32cubemx/CMakeFiles/STM32_Drivers.dir/__/__/Drivers/STM32F4xx_HAL_Driver/Src/stm32f4xx_hal_rcc.c.obj
 .ARM.attributes
                0x0000027f       0x34 cmake/stm32cubemx/CMakeFiles/STM32_Drivers.dir/__/__/Drivers/STM32F4xx_HAL_Driver/Src/stm32f4xx_hal_gpio.c.obj
 .ARM.attributes
                0x000002b3       0x34 cmake/stm32cubemx/CMakeFiles/STM32_Drivers.dir/__/__/Drivers/STM32F4xx_HAL_Driver/Src/stm32f4xx_hal_cortex.c.obj
 .ARM.attributes
                0x000002e7       0x34 cmake/stm32cubemx/CMakeFiles/STM32_Drivers.dir/__/__/Drivers/STM32F4xx_HAL_Driver/Src/stm32f4xx_hal.c.obj
 .ARM.attributes
                0x0000031b       0x34 cmake/stm32cubemx/CMakeFiles/STM32_Drivers.dir/__/__/Drivers/STM32F4xx_HAL_Driver/Src/stm32f4xx_hal_tim.c.obj
 .ARM.attributes
                0x0000034f       0x34 cmake/stm32cubemx/CMakeFiles/STM32_Drivers.dir/__/__/Drivers/STM32F4xx_HAL_Driver/Src/stm32f4xx_hal_tim_ex.c.obj
 .ARM.attributes
                0x00000383       0x34 cmake/stm32cubemx/CMakeFiles/STM32_Drivers.dir/__/__/Drivers/STM32F4xx_HAL_Driver/Src/stm32f4xx_hal_uart.c.obj
 .ARM.attributes
                0x000003b7       0x22 /opt/arm-gnu-toolchain-14.3.rel1-x86_64-arm-none-eabi/bin/../lib/gcc/arm-none-eabi/14.3.1/thumb/v7e-m+fp/hard/libgcc.a(_aeabi_uldivmod.o)
 .ARM.attributes
                0x000003d9       0x34 /opt/arm-gnu-toolchain-14.3.rel1-x86_64-arm-none-eabi/bin/../lib/gcc/arm-none-eabi/14.3.1/thumb/v7e-m+fp/hard/libgcc.a(_udivmoddi4.o)
 .ARM.attributes
                0x0000040d       0x22 /opt/arm-gnu-toolchain-14.3.rel1-x86_64-arm-none-eabi/bin/../lib/gcc/arm-none-eabi/14.3.1/thumb/v7e-m+fp/hard/libgcc.a(_dvmd_tls.o)
 .ARM.attributes
                0x0000042f       0x34 /opt/arm-gnu-toolchain-14.3.rel1-x86_64-arm-none-eabi/bin/../lib/gcc/arm-none-eabi/14.3.1/../../../../arm-none-eabi/lib/thumb/v7e-m+fp/hard/libg_nano.a(libc_a-memset.o)
 .ARM.attributes
                0x00000463       0x34 /opt/arm-gnu-toolchain-14.3.rel1-x86_64-arm-none-eabi/bin/../lib/gcc/arm-none-eabi/14.3.1/../../../../arm-none-eabi/lib/thumb/v7e-m+fp/hard/libg_nano.a(libc_a-init.o)
 .ARM.attributes
                0x00000497       0x34 /opt/arm-gnu-toolchain-14.3.rel1-x86_64-arm-none-eabi/bin/../lib/gcc/arm-none-eabi/14.3.1/thumb/v7e-m+fp/hard/crtend.o
 .ARM.attributes
                0x000004cb       0x22 /opt/arm-gnu-toolchain-14.3.rel1-x86_64-arm-none-eabi/bin/../lib/gcc/arm-none-eabi/14.3.1/thumb/v7e-m+fp/hard/crtn.o

.comment        0x00000000       0x46
 .comment       0x00000000       0x46 CMakeFiles/SUPERCAR_STM32F407ZGT6.dir/Core/Src/main.c.obj
                                 0x47 (size before relaxing)
 .comment       0x00000046       0x47 CMakeFiles/SUPERCAR_STM32F407ZGT6.dir/Core/Src/gpio.c.obj
 .comment       0x00000046       0x47 CMakeFiles/SUPERCAR_STM32F407ZGT6.dir/Core/Src/can.c.obj
 .comment       0x00000046       0x47 CMakeFiles/SUPERCAR_STM32F407ZGT6.dir/Core/Src/tim.c.obj
 .comment       0x00000046       0x47 CMakeFiles/SUPERCAR_STM32F407ZGT6.dir/Core/Src/usart.c.obj
 .comment       0x00000046       0x47 CMakeFiles/SUPERCAR_STM32F407ZGT6.dir/Core/Src/stm32f4xx_it.c.obj
 .comment       0x00000046       0x47 CMakeFiles/SUPERCAR_STM32F407ZGT6.dir/Core/Src/stm32f4xx_hal_msp.c.obj
 .comment       0x00000046       0x47 cmake/stm32cubemx/CMakeFiles/STM32_Drivers.dir/__/__/Core/Src/system_stm32f4xx.c.obj
 .comment       0x00000046       0x47 cmake/stm32cubemx/CMakeFiles/STM32_Drivers.dir/__/__/Drivers/STM32F4xx_HAL_Driver/Src/stm32f4xx_hal_can.c.obj
 .comment       0x00000046       0x47 cmake/stm32cubemx/CMakeFiles/STM32_Drivers.dir/__/__/Drivers/STM32F4xx_HAL_Driver/Src/stm32f4xx_hal_rcc.c.obj
 .comment       0x00000046       0x47 cmake/stm32cubemx/CMakeFiles/STM32_Drivers.dir/__/__/Drivers/STM32F4xx_HAL_Driver/Src/stm32f4xx_hal_gpio.c.obj
 .comment       0x00000046       0x47 cmake/stm32cubemx/CMakeFiles/STM32_Drivers.dir/__/__/Drivers/STM32F4xx_HAL_Driver/Src/stm32f4xx_hal_cortex.c.obj
 .comment       0x00000046       0x47 cmake/stm32cubemx/CMakeFiles/STM32_Drivers.dir/__/__/Drivers/STM32F4xx_HAL_Driver/Src/stm32f4xx_hal.c.obj
 .comment       0x00000046       0x47 cmake/stm32cubemx/CMakeFiles/STM32_Drivers.dir/__/__/Drivers/STM32F4xx_HAL_Driver/Src/stm32f4xx_hal_tim.c.obj
 .comment       0x00000046       0x47 cmake/stm32cubemx/CMakeFiles/STM32_Drivers.dir/__/__/Drivers/STM32F4xx_HAL_Driver/Src/stm32f4xx_hal_tim_ex.c.obj
 .comment       0x00000046       0x47 cmake/stm32cubemx/CMakeFiles/STM32_Drivers.dir/__/__/Drivers/STM32F4xx_HAL_Driver/Src/stm32f4xx_hal_uart.c.obj

.debug_info     0x00000000     0xd8f5
 .debug_info    0x00000000      0x510 CMakeFiles/SUPERCAR_STM32F407ZGT6.dir/Core/Src/main.c.obj
 .debug_info    0x00000510      0x45d CMakeFiles/SUPERCAR_STM32F407ZGT6.dir/Core/Src/gpio.c.obj
 .debug_info    0x0000096d      0x84c CMakeFiles/SUPERCAR_STM32F407ZGT6.dir/Core/Src/can.c.obj
 .debug_info    0x000011b9     0x10e7 CMakeFiles/SUPERCAR_STM32F407ZGT6.dir/Core/Src/tim.c.obj
 .debug_info    0x000022a0      0xa32 CMakeFiles/SUPERCAR_STM32F407ZGT6.dir/Core/Src/usart.c.obj
 .debug_info    0x00002cd2      0x112 CMakeFiles/SUPERCAR_STM32F407ZGT6.dir/Core/Src/stm32f4xx_it.c.obj
 .debug_info    0x00002de4      0x269 CMakeFiles/SUPERCAR_STM32F407ZGT6.dir/Core/Src/stm32f4xx_hal_msp.c.obj
 .debug_info    0x0000304d       0x30 CMakeFiles/SUPERCAR_STM32F407ZGT6.dir/startup_stm32f407xx.s.obj
 .debug_info    0x0000307d      0x512 cmake/stm32cubemx/CMakeFiles/STM32_Drivers.dir/__/__/Core/Src/system_stm32f4xx.c.obj
 .debug_info    0x0000358f      0xf49 cmake/stm32cubemx/CMakeFiles/STM32_Drivers.dir/__/__/Drivers/STM32F4xx_HAL_Driver/Src/stm32f4xx_hal_can.c.obj
 .debug_info    0x000044d8      0x8c3 cmake/stm32cubemx/CMakeFiles/STM32_Drivers.dir/__/__/Drivers/STM32F4xx_HAL_Driver/Src/stm32f4xx_hal_rcc.c.obj
 .debug_info    0x00004d9b      0x6c3 cmake/stm32cubemx/CMakeFiles/STM32_Drivers.dir/__/__/Drivers/STM32F4xx_HAL_Driver/Src/stm32f4xx_hal_gpio.c.obj
 .debug_info    0x0000545e      0xd8c cmake/stm32cubemx/CMakeFiles/STM32_Drivers.dir/__/__/Drivers/STM32F4xx_HAL_Driver/Src/stm32f4xx_hal_cortex.c.obj
 .debug_info    0x000061ea      0x944 cmake/stm32cubemx/CMakeFiles/STM32_Drivers.dir/__/__/Drivers/STM32F4xx_HAL_Driver/Src/stm32f4xx_hal.c.obj
 .debug_info    0x00006b2e     0x299d cmake/stm32cubemx/CMakeFiles/STM32_Drivers.dir/__/__/Drivers/STM32F4xx_HAL_Driver/Src/stm32f4xx_hal_tim.c.obj
 .debug_info    0x000094cb     0x14db cmake/stm32cubemx/CMakeFiles/STM32_Drivers.dir/__/__/Drivers/STM32F4xx_HAL_Driver/Src/stm32f4xx_hal_tim_ex.c.obj
 .debug_info    0x0000a9a6     0x2f4f cmake/stm32cubemx/CMakeFiles/STM32_Drivers.dir/__/__/Drivers/STM32F4xx_HAL_Driver/Src/stm32f4xx_hal_uart.c.obj

.debug_abbrev   0x00000000     0x2049
 .debug_abbrev  0x00000000      0x1de CMakeFiles/SUPERCAR_STM32F407ZGT6.dir/Core/Src/main.c.obj
 .debug_abbrev  0x000001de      0x152 CMakeFiles/SUPERCAR_STM32F407ZGT6.dir/Core/Src/gpio.c.obj
 .debug_abbrev  0x00000330      0x200 CMakeFiles/SUPERCAR_STM32F407ZGT6.dir/Core/Src/can.c.obj
 .debug_abbrev  0x00000530      0x274 CMakeFiles/SUPERCAR_STM32F407ZGT6.dir/Core/Src/tim.c.obj
 .debug_abbrev  0x000007a4      0x1ff CMakeFiles/SUPERCAR_STM32F407ZGT6.dir/Core/Src/usart.c.obj
 .debug_abbrev  0x000009a3       0x73 CMakeFiles/SUPERCAR_STM32F407ZGT6.dir/Core/Src/stm32f4xx_it.c.obj
 .debug_abbrev  0x00000a16       0xd8 CMakeFiles/SUPERCAR_STM32F407ZGT6.dir/Core/Src/stm32f4xx_hal_msp.c.obj
 .debug_abbrev  0x00000aee       0x24 CMakeFiles/SUPERCAR_STM32F407ZGT6.dir/startup_stm32f407xx.s.obj
 .debug_abbrev  0x00000b12      0x11a cmake/stm32cubemx/CMakeFiles/STM32_Drivers.dir/__/__/Core/Src/system_stm32f4xx.c.obj
 .debug_abbrev  0x00000c2c      0x258 cmake/stm32cubemx/CMakeFiles/STM32_Drivers.dir/__/__/Drivers/STM32F4xx_HAL_Driver/Src/stm32f4xx_hal_can.c.obj
 .debug_abbrev  0x00000e84      0x2b7 cmake/stm32cubemx/CMakeFiles/STM32_Drivers.dir/__/__/Drivers/STM32F4xx_HAL_Driver/Src/stm32f4xx_hal_rcc.c.obj
 .debug_abbrev  0x0000113b      0x1d4 cmake/stm32cubemx/CMakeFiles/STM32_Drivers.dir/__/__/Drivers/STM32F4xx_HAL_Driver/Src/stm32f4xx_hal_gpio.c.obj
 .debug_abbrev  0x0000130f      0x31d cmake/stm32cubemx/CMakeFiles/STM32_Drivers.dir/__/__/Drivers/STM32F4xx_HAL_Driver/Src/stm32f4xx_hal_cortex.c.obj
 .debug_abbrev  0x0000162c      0x214 cmake/stm32cubemx/CMakeFiles/STM32_Drivers.dir/__/__/Drivers/STM32F4xx_HAL_Driver/Src/stm32f4xx_hal.c.obj
 .debug_abbrev  0x00001840      0x278 cmake/stm32cubemx/CMakeFiles/STM32_Drivers.dir/__/__/Drivers/STM32F4xx_HAL_Driver/Src/stm32f4xx_hal_tim.c.obj
 .debug_abbrev  0x00001ab8      0x283 cmake/stm32cubemx/CMakeFiles/STM32_Drivers.dir/__/__/Drivers/STM32F4xx_HAL_Driver/Src/stm32f4xx_hal_tim_ex.c.obj
 .debug_abbrev  0x00001d3b      0x30e cmake/stm32cubemx/CMakeFiles/STM32_Drivers.dir/__/__/Drivers/STM32F4xx_HAL_Driver/Src/stm32f4xx_hal_uart.c.obj

.debug_aranges  0x00000000      0xda0
 .debug_aranges
                0x00000000       0x30 CMakeFiles/SUPERCAR_STM32F407ZGT6.dir/Core/Src/main.c.obj
 .debug_aranges
                0x00000030       0x20 CMakeFiles/SUPERCAR_STM32F407ZGT6.dir/Core/Src/gpio.c.obj
 .debug_aranges
                0x00000050       0x30 CMakeFiles/SUPERCAR_STM32F407ZGT6.dir/Core/Src/can.c.obj
 .debug_aranges
                0x00000080       0x90 CMakeFiles/SUPERCAR_STM32F407ZGT6.dir/Core/Src/tim.c.obj
 .debug_aranges
                0x00000110       0x48 CMakeFiles/SUPERCAR_STM32F407ZGT6.dir/Core/Src/usart.c.obj
 .debug_aranges
                0x00000158       0x60 CMakeFiles/SUPERCAR_STM32F407ZGT6.dir/Core/Src/stm32f4xx_it.c.obj
 .debug_aranges
                0x000001b8       0x20 CMakeFiles/SUPERCAR_STM32F407ZGT6.dir/Core/Src/stm32f4xx_hal_msp.c.obj
 .debug_aranges
                0x000001d8       0x28 CMakeFiles/SUPERCAR_STM32F407ZGT6.dir/startup_stm32f407xx.s.obj
 .debug_aranges
                0x00000200       0x28 cmake/stm32cubemx/CMakeFiles/STM32_Drivers.dir/__/__/Core/Src/system_stm32f4xx.c.obj
 .debug_aranges
                0x00000228      0x138 cmake/stm32cubemx/CMakeFiles/STM32_Drivers.dir/__/__/Drivers/STM32F4xx_HAL_Driver/Src/stm32f4xx_hal_can.c.obj
 .debug_aranges
                0x00000360       0x88 cmake/stm32cubemx/CMakeFiles/STM32_Drivers.dir/__/__/Drivers/STM32F4xx_HAL_Driver/Src/stm32f4xx_hal_rcc.c.obj
 .debug_aranges
                0x000003e8       0x58 cmake/stm32cubemx/CMakeFiles/STM32_Drivers.dir/__/__/Drivers/STM32F4xx_HAL_Driver/Src/stm32f4xx_hal_gpio.c.obj
 .debug_aranges
                0x00000440      0x130 cmake/stm32cubemx/CMakeFiles/STM32_Drivers.dir/__/__/Drivers/STM32F4xx_HAL_Driver/Src/stm32f4xx_hal_cortex.c.obj
 .debug_aranges
                0x00000570       0xf0 cmake/stm32cubemx/CMakeFiles/STM32_Drivers.dir/__/__/Drivers/STM32F4xx_HAL_Driver/Src/stm32f4xx_hal.c.obj
 .debug_aranges
                0x00000660      0x3d0 cmake/stm32cubemx/CMakeFiles/STM32_Drivers.dir/__/__/Drivers/STM32F4xx_HAL_Driver/Src/stm32f4xx_hal_tim.c.obj
 .debug_aranges
                0x00000a30      0x168 cmake/stm32cubemx/CMakeFiles/STM32_Drivers.dir/__/__/Drivers/STM32F4xx_HAL_Driver/Src/stm32f4xx_hal_tim_ex.c.obj
 .debug_aranges
                0x00000b98      0x208 cmake/stm32cubemx/CMakeFiles/STM32_Drivers.dir/__/__/Drivers/STM32F4xx_HAL_Driver/Src/stm32f4xx_hal_uart.c.obj

.debug_rnglists
                0x00000000      0xa9e
 .debug_rnglists
                0x00000000       0x20 CMakeFiles/SUPERCAR_STM32F407ZGT6.dir/Core/Src/main.c.obj
 .debug_rnglists
                0x00000020       0x14 CMakeFiles/SUPERCAR_STM32F407ZGT6.dir/Core/Src/gpio.c.obj
 .debug_rnglists
                0x00000034       0x20 CMakeFiles/SUPERCAR_STM32F407ZGT6.dir/Core/Src/can.c.obj
 .debug_rnglists
                0x00000054       0x71 CMakeFiles/SUPERCAR_STM32F407ZGT6.dir/Core/Src/tim.c.obj
 .debug_rnglists
                0x000000c5       0x33 CMakeFiles/SUPERCAR_STM32F407ZGT6.dir/Core/Src/usart.c.obj
 .debug_rnglists
                0x000000f8       0x43 CMakeFiles/SUPERCAR_STM32F407ZGT6.dir/Core/Src/stm32f4xx_it.c.obj
 .debug_rnglists
                0x0000013b       0x13 CMakeFiles/SUPERCAR_STM32F407ZGT6.dir/Core/Src/stm32f4xx_hal_msp.c.obj
 .debug_rnglists
                0x0000014e       0x19 CMakeFiles/SUPERCAR_STM32F407ZGT6.dir/startup_stm32f407xx.s.obj
 .debug_rnglists
                0x00000167       0x1a cmake/stm32cubemx/CMakeFiles/STM32_Drivers.dir/__/__/Core/Src/system_stm32f4xx.c.obj
 .debug_rnglists
                0x00000181       0xee cmake/stm32cubemx/CMakeFiles/STM32_Drivers.dir/__/__/Drivers/STM32F4xx_HAL_Driver/Src/stm32f4xx_hal_can.c.obj
 .debug_rnglists
                0x0000026f       0x66 cmake/stm32cubemx/CMakeFiles/STM32_Drivers.dir/__/__/Drivers/STM32F4xx_HAL_Driver/Src/stm32f4xx_hal_rcc.c.obj
 .debug_rnglists
                0x000002d5       0x3f cmake/stm32cubemx/CMakeFiles/STM32_Drivers.dir/__/__/Drivers/STM32F4xx_HAL_Driver/Src/stm32f4xx_hal_gpio.c.obj
 .debug_rnglists
                0x00000314       0xe0 cmake/stm32cubemx/CMakeFiles/STM32_Drivers.dir/__/__/Drivers/STM32F4xx_HAL_Driver/Src/stm32f4xx_hal_cortex.c.obj
 .debug_rnglists
                0x000003f4       0xaf cmake/stm32cubemx/CMakeFiles/STM32_Drivers.dir/__/__/Drivers/STM32F4xx_HAL_Driver/Src/stm32f4xx_hal.c.obj
 .debug_rnglists
                0x000004a3      0x31a cmake/stm32cubemx/CMakeFiles/STM32_Drivers.dir/__/__/Drivers/STM32F4xx_HAL_Driver/Src/stm32f4xx_hal_tim.c.obj
 .debug_rnglists
                0x000007bd      0x125 cmake/stm32cubemx/CMakeFiles/STM32_Drivers.dir/__/__/Drivers/STM32F4xx_HAL_Driver/Src/stm32f4xx_hal_tim_ex.c.obj
 .debug_rnglists
                0x000008e2      0x1bc cmake/stm32cubemx/CMakeFiles/STM32_Drivers.dir/__/__/Drivers/STM32F4xx_HAL_Driver/Src/stm32f4xx_hal_uart.c.obj

.debug_macro    0x00000000    0x20f86
 .debug_macro   0x00000000      0x213 CMakeFiles/SUPERCAR_STM32F407ZGT6.dir/Core/Src/main.c.obj
 .debug_macro   0x00000213      0xad8 CMakeFiles/SUPERCAR_STM32F407ZGT6.dir/Core/Src/main.c.obj
 .debug_macro   0x00000ceb      0x2a1 CMakeFiles/SUPERCAR_STM32F407ZGT6.dir/Core/Src/main.c.obj
 .debug_macro   0x00000f8c       0x2e CMakeFiles/SUPERCAR_STM32F407ZGT6.dir/Core/Src/main.c.obj
 .debug_macro   0x00000fba       0x2f CMakeFiles/SUPERCAR_STM32F407ZGT6.dir/Core/Src/main.c.obj
 .debug_macro   0x00000fe9       0x22 CMakeFiles/SUPERCAR_STM32F407ZGT6.dir/Core/Src/main.c.obj
 .debug_macro   0x0000100b       0x8e CMakeFiles/SUPERCAR_STM32F407ZGT6.dir/Core/Src/main.c.obj
 .debug_macro   0x00001099       0x51 CMakeFiles/SUPERCAR_STM32F407ZGT6.dir/Core/Src/main.c.obj
 .debug_macro   0x000010ea      0x103 CMakeFiles/SUPERCAR_STM32F407ZGT6.dir/Core/Src/main.c.obj
 .debug_macro   0x000011ed       0x6a CMakeFiles/SUPERCAR_STM32F407ZGT6.dir/Core/Src/main.c.obj
 .debug_macro   0x00001257      0x1df CMakeFiles/SUPERCAR_STM32F407ZGT6.dir/Core/Src/main.c.obj
 .debug_macro   0x00001436       0x1c CMakeFiles/SUPERCAR_STM32F407ZGT6.dir/Core/Src/main.c.obj
 .debug_macro   0x00001452       0x22 CMakeFiles/SUPERCAR_STM32F407ZGT6.dir/Core/Src/main.c.obj
 .debug_macro   0x00001474       0xfb CMakeFiles/SUPERCAR_STM32F407ZGT6.dir/Core/Src/main.c.obj
 .debug_macro   0x0000156f     0x1011 CMakeFiles/SUPERCAR_STM32F407ZGT6.dir/Core/Src/main.c.obj
 .debug_macro   0x00002580      0x11f CMakeFiles/SUPERCAR_STM32F407ZGT6.dir/Core/Src/main.c.obj
 .debug_macro   0x0000269f    0x15ea5 CMakeFiles/SUPERCAR_STM32F407ZGT6.dir/Core/Src/main.c.obj
 .debug_macro   0x00018544       0x6d CMakeFiles/SUPERCAR_STM32F407ZGT6.dir/Core/Src/main.c.obj
 .debug_macro   0x000185b1     0x3693 CMakeFiles/SUPERCAR_STM32F407ZGT6.dir/Core/Src/main.c.obj
 .debug_macro   0x0001bc44      0x190 CMakeFiles/SUPERCAR_STM32F407ZGT6.dir/Core/Src/main.c.obj
 .debug_macro   0x0001bdd4       0x5c CMakeFiles/SUPERCAR_STM32F407ZGT6.dir/Core/Src/main.c.obj
 .debug_macro   0x0001be30      0x980 CMakeFiles/SUPERCAR_STM32F407ZGT6.dir/Core/Src/main.c.obj
 .debug_macro   0x0001c7b0      0x9e9 CMakeFiles/SUPERCAR_STM32F407ZGT6.dir/Core/Src/main.c.obj
 .debug_macro   0x0001d199      0x115 CMakeFiles/SUPERCAR_STM32F407ZGT6.dir/Core/Src/main.c.obj
 .debug_macro   0x0001d2ae      0x13e CMakeFiles/SUPERCAR_STM32F407ZGT6.dir/Core/Src/main.c.obj
 .debug_macro   0x0001d3ec       0xa5 CMakeFiles/SUPERCAR_STM32F407ZGT6.dir/Core/Src/main.c.obj
 .debug_macro   0x0001d491      0x174 CMakeFiles/SUPERCAR_STM32F407ZGT6.dir/Core/Src/main.c.obj
 .debug_macro   0x0001d605      0x287 CMakeFiles/SUPERCAR_STM32F407ZGT6.dir/Core/Src/main.c.obj
 .debug_macro   0x0001d88c       0x5f CMakeFiles/SUPERCAR_STM32F407ZGT6.dir/Core/Src/main.c.obj
 .debug_macro   0x0001d8eb      0x236 CMakeFiles/SUPERCAR_STM32F407ZGT6.dir/Core/Src/main.c.obj
 .debug_macro   0x0001db21      0x40f CMakeFiles/SUPERCAR_STM32F407ZGT6.dir/Core/Src/main.c.obj
 .debug_macro   0x0001df30      0x12c CMakeFiles/SUPERCAR_STM32F407ZGT6.dir/Core/Src/main.c.obj
 .debug_macro   0x0001e05c      0x21e CMakeFiles/SUPERCAR_STM32F407ZGT6.dir/Core/Src/main.c.obj
 .debug_macro   0x0001e27a       0x2e CMakeFiles/SUPERCAR_STM32F407ZGT6.dir/Core/Src/main.c.obj
 .debug_macro   0x0001e2a8      0x127 CMakeFiles/SUPERCAR_STM32F407ZGT6.dir/Core/Src/main.c.obj
 .debug_macro   0x0001e3cf       0x7e CMakeFiles/SUPERCAR_STM32F407ZGT6.dir/Core/Src/main.c.obj
 .debug_macro   0x0001e44d       0x89 CMakeFiles/SUPERCAR_STM32F407ZGT6.dir/Core/Src/main.c.obj
 .debug_macro   0x0001e4d6      0x8ed CMakeFiles/SUPERCAR_STM32F407ZGT6.dir/Core/Src/main.c.obj
 .debug_macro   0x0001edc3       0x4d CMakeFiles/SUPERCAR_STM32F407ZGT6.dir/Core/Src/main.c.obj
 .debug_macro   0x0001ee10      0x2aa CMakeFiles/SUPERCAR_STM32F407ZGT6.dir/Core/Src/main.c.obj
 .debug_macro   0x0001f0ba      0x12d CMakeFiles/SUPERCAR_STM32F407ZGT6.dir/Core/Src/main.c.obj
 .debug_macro   0x0001f1e7       0xd0 CMakeFiles/SUPERCAR_STM32F407ZGT6.dir/Core/Src/main.c.obj
 .debug_macro   0x0001f2b7      0x1f1 CMakeFiles/SUPERCAR_STM32F407ZGT6.dir/Core/Src/gpio.c.obj
 .debug_macro   0x0001f4a8      0x1f1 CMakeFiles/SUPERCAR_STM32F407ZGT6.dir/Core/Src/can.c.obj
 .debug_macro   0x0001f699      0x1f1 CMakeFiles/SUPERCAR_STM32F407ZGT6.dir/Core/Src/tim.c.obj
 .debug_macro   0x0001f88a      0x1f1 CMakeFiles/SUPERCAR_STM32F407ZGT6.dir/Core/Src/usart.c.obj
 .debug_macro   0x0001fa7b      0x1f1 CMakeFiles/SUPERCAR_STM32F407ZGT6.dir/Core/Src/stm32f4xx_it.c.obj
 .debug_macro   0x0001fc6c      0x1e7 CMakeFiles/SUPERCAR_STM32F407ZGT6.dir/Core/Src/stm32f4xx_hal_msp.c.obj
 .debug_macro   0x0001fe53      0x1d8 cmake/stm32cubemx/CMakeFiles/STM32_Drivers.dir/__/__/Core/Src/system_stm32f4xx.c.obj
 .debug_macro   0x0002002b      0x1e7 cmake/stm32cubemx/CMakeFiles/STM32_Drivers.dir/__/__/Drivers/STM32F4xx_HAL_Driver/Src/stm32f4xx_hal_can.c.obj
 .debug_macro   0x00020212      0x1fc cmake/stm32cubemx/CMakeFiles/STM32_Drivers.dir/__/__/Drivers/STM32F4xx_HAL_Driver/Src/stm32f4xx_hal_rcc.c.obj
 .debug_macro   0x0002040e      0x1de cmake/stm32cubemx/CMakeFiles/STM32_Drivers.dir/__/__/Drivers/STM32F4xx_HAL_Driver/Src/stm32f4xx_hal_gpio.c.obj
 .debug_macro   0x000205ec      0x1d8 cmake/stm32cubemx/CMakeFiles/STM32_Drivers.dir/__/__/Drivers/STM32F4xx_HAL_Driver/Src/stm32f4xx_hal_cortex.c.obj
 .debug_macro   0x000207c4      0x238 cmake/stm32cubemx/CMakeFiles/STM32_Drivers.dir/__/__/Drivers/STM32F4xx_HAL_Driver/Src/stm32f4xx_hal.c.obj
 .debug_macro   0x000209fc      0x1d9 cmake/stm32cubemx/CMakeFiles/STM32_Drivers.dir/__/__/Drivers/STM32F4xx_HAL_Driver/Src/stm32f4xx_hal_tim.c.obj
 .debug_macro   0x00020bd5      0x1d8 cmake/stm32cubemx/CMakeFiles/STM32_Drivers.dir/__/__/Drivers/STM32F4xx_HAL_Driver/Src/stm32f4xx_hal_tim_ex.c.obj
 .debug_macro   0x00020dad      0x1d9 cmake/stm32cubemx/CMakeFiles/STM32_Drivers.dir/__/__/Drivers/STM32F4xx_HAL_Driver/Src/stm32f4xx_hal_uart.c.obj

.debug_line     0x00000000     0xff2c
 .debug_line    0x00000000      0x7fc CMakeFiles/SUPERCAR_STM32F407ZGT6.dir/Core/Src/main.c.obj
 .debug_line    0x000007fc      0x76f CMakeFiles/SUPERCAR_STM32F407ZGT6.dir/Core/Src/gpio.c.obj
 .debug_line    0x00000f6b      0x7ce CMakeFiles/SUPERCAR_STM32F407ZGT6.dir/Core/Src/can.c.obj
 .debug_line    0x00001739      0xca9 CMakeFiles/SUPERCAR_STM32F407ZGT6.dir/Core/Src/tim.c.obj
 .debug_line    0x000023e2      0x916 CMakeFiles/SUPERCAR_STM32F407ZGT6.dir/Core/Src/usart.c.obj
 .debug_line    0x00002cf8      0x80b CMakeFiles/SUPERCAR_STM32F407ZGT6.dir/Core/Src/stm32f4xx_it.c.obj
 .debug_line    0x00003503      0x75c CMakeFiles/SUPERCAR_STM32F407ZGT6.dir/Core/Src/stm32f4xx_hal_msp.c.obj
 .debug_line    0x00003c5f       0x7a CMakeFiles/SUPERCAR_STM32F407ZGT6.dir/startup_stm32f407xx.s.obj
 .debug_line    0x00003cd9      0x7d2 cmake/stm32cubemx/CMakeFiles/STM32_Drivers.dir/__/__/Core/Src/system_stm32f4xx.c.obj
 .debug_line    0x000044ab     0x120d cmake/stm32cubemx/CMakeFiles/STM32_Drivers.dir/__/__/Drivers/STM32F4xx_HAL_Driver/Src/stm32f4xx_hal_can.c.obj
 .debug_line    0x000056b8      0xe5b cmake/stm32cubemx/CMakeFiles/STM32_Drivers.dir/__/__/Drivers/STM32F4xx_HAL_Driver/Src/stm32f4xx_hal_rcc.c.obj
 .debug_line    0x00006513      0xba6 cmake/stm32cubemx/CMakeFiles/STM32_Drivers.dir/__/__/Drivers/STM32F4xx_HAL_Driver/Src/stm32f4xx_hal_gpio.c.obj
 .debug_line    0x000070b9      0xd1e cmake/stm32cubemx/CMakeFiles/STM32_Drivers.dir/__/__/Drivers/STM32F4xx_HAL_Driver/Src/stm32f4xx_hal_cortex.c.obj
 .debug_line    0x00007dd7      0xa4e cmake/stm32cubemx/CMakeFiles/STM32_Drivers.dir/__/__/Drivers/STM32F4xx_HAL_Driver/Src/stm32f4xx_hal.c.obj
 .debug_line    0x00008825     0x37c3 cmake/stm32cubemx/CMakeFiles/STM32_Drivers.dir/__/__/Drivers/STM32F4xx_HAL_Driver/Src/stm32f4xx_hal_tim.c.obj
 .debug_line    0x0000bfe8     0x19ae cmake/stm32cubemx/CMakeFiles/STM32_Drivers.dir/__/__/Drivers/STM32F4xx_HAL_Driver/Src/stm32f4xx_hal_tim_ex.c.obj
 .debug_line    0x0000d996     0x2596 cmake/stm32cubemx/CMakeFiles/STM32_Drivers.dir/__/__/Drivers/STM32F4xx_HAL_Driver/Src/stm32f4xx_hal_uart.c.obj

.debug_str      0x00000000    0xca827
 .debug_str     0x00000000    0xca827 CMakeFiles/SUPERCAR_STM32F407ZGT6.dir/Core/Src/main.c.obj
                              0xc67d8 (size before relaxing)
 .debug_str     0x000ca827    0xc65f2 CMakeFiles/SUPERCAR_STM32F407ZGT6.dir/Core/Src/gpio.c.obj
 .debug_str     0x000ca827    0xc68a0 CMakeFiles/SUPERCAR_STM32F407ZGT6.dir/Core/Src/can.c.obj
 .debug_str     0x000ca827    0xc6f0a CMakeFiles/SUPERCAR_STM32F407ZGT6.dir/Core/Src/tim.c.obj
 .debug_str     0x000ca827    0xc6b00 CMakeFiles/SUPERCAR_STM32F407ZGT6.dir/Core/Src/usart.c.obj
 .debug_str     0x000ca827    0xc64ad CMakeFiles/SUPERCAR_STM32F407ZGT6.dir/Core/Src/stm32f4xx_it.c.obj
 .debug_str     0x000ca827    0xc6527 CMakeFiles/SUPERCAR_STM32F407ZGT6.dir/Core/Src/stm32f4xx_hal_msp.c.obj
 .debug_str     0x000ca827       0xc4 CMakeFiles/SUPERCAR_STM32F407ZGT6.dir/startup_stm32f407xx.s.obj
 .debug_str     0x000ca827    0xc622e cmake/stm32cubemx/CMakeFiles/STM32_Drivers.dir/__/__/Core/Src/system_stm32f4xx.c.obj
 .debug_str     0x000ca827    0xc6928 cmake/stm32cubemx/CMakeFiles/STM32_Drivers.dir/__/__/Drivers/STM32F4xx_HAL_Driver/Src/stm32f4xx_hal_can.c.obj
 .debug_str     0x000ca827    0xc6662 cmake/stm32cubemx/CMakeFiles/STM32_Drivers.dir/__/__/Drivers/STM32F4xx_HAL_Driver/Src/stm32f4xx_hal_rcc.c.obj
 .debug_str     0x000ca827    0xc63a9 cmake/stm32cubemx/CMakeFiles/STM32_Drivers.dir/__/__/Drivers/STM32F4xx_HAL_Driver/Src/stm32f4xx_hal_gpio.c.obj
 .debug_str     0x000ca827    0xc6b2e cmake/stm32cubemx/CMakeFiles/STM32_Drivers.dir/__/__/Drivers/STM32F4xx_HAL_Driver/Src/stm32f4xx_hal_cortex.c.obj
 .debug_str     0x000ca827    0xc6db2 cmake/stm32cubemx/CMakeFiles/STM32_Drivers.dir/__/__/Drivers/STM32F4xx_HAL_Driver/Src/stm32f4xx_hal.c.obj
 .debug_str     0x000ca827    0xc75b8 cmake/stm32cubemx/CMakeFiles/STM32_Drivers.dir/__/__/Drivers/STM32F4xx_HAL_Driver/Src/stm32f4xx_hal_tim.c.obj
 .debug_str     0x000ca827    0xc6dc4 cmake/stm32cubemx/CMakeFiles/STM32_Drivers.dir/__/__/Drivers/STM32F4xx_HAL_Driver/Src/stm32f4xx_hal_tim_ex.c.obj
 .debug_str     0x000ca827    0xc6c43 cmake/stm32cubemx/CMakeFiles/STM32_Drivers.dir/__/__/Drivers/STM32F4xx_HAL_Driver/Src/stm32f4xx_hal_uart.c.obj

.debug_frame    0x00000000     0x38f4
 .debug_frame   0x00000000       0x68 CMakeFiles/SUPERCAR_STM32F407ZGT6.dir/Core/Src/main.c.obj
 .debug_frame   0x00000068       0x34 CMakeFiles/SUPERCAR_STM32F407ZGT6.dir/Core/Src/gpio.c.obj
 .debug_frame   0x0000009c       0x74 CMakeFiles/SUPERCAR_STM32F407ZGT6.dir/Core/Src/can.c.obj
 .debug_frame   0x00000110      0x234 CMakeFiles/SUPERCAR_STM32F407ZGT6.dir/Core/Src/tim.c.obj
 .debug_frame   0x00000344       0xc8 CMakeFiles/SUPERCAR_STM32F407ZGT6.dir/Core/Src/usart.c.obj
 .debug_frame   0x0000040c      0x104 CMakeFiles/SUPERCAR_STM32F407ZGT6.dir/Core/Src/stm32f4xx_it.c.obj
 .debug_frame   0x00000510       0x38 CMakeFiles/SUPERCAR_STM32F407ZGT6.dir/Core/Src/stm32f4xx_hal_msp.c.obj
 .debug_frame   0x00000548       0x58 cmake/stm32cubemx/CMakeFiles/STM32_Drivers.dir/__/__/Core/Src/system_stm32f4xx.c.obj
 .debug_frame   0x000005a0      0x5a0 cmake/stm32cubemx/CMakeFiles/STM32_Drivers.dir/__/__/Drivers/STM32F4xx_HAL_Driver/Src/stm32f4xx_hal_can.c.obj
 .debug_frame   0x00000b40      0x1f4 cmake/stm32cubemx/CMakeFiles/STM32_Drivers.dir/__/__/Drivers/STM32F4xx_HAL_Driver/Src/stm32f4xx_hal_rcc.c.obj
 .debug_frame   0x00000d34      0x14c cmake/stm32cubemx/CMakeFiles/STM32_Drivers.dir/__/__/Drivers/STM32F4xx_HAL_Driver/Src/stm32f4xx_hal_gpio.c.obj
 .debug_frame   0x00000e80      0x508 cmake/stm32cubemx/CMakeFiles/STM32_Drivers.dir/__/__/Drivers/STM32F4xx_HAL_Driver/Src/stm32f4xx_hal_cortex.c.obj
 .debug_frame   0x00001388      0x374 cmake/stm32cubemx/CMakeFiles/STM32_Drivers.dir/__/__/Drivers/STM32F4xx_HAL_Driver/Src/stm32f4xx_hal.c.obj
 .debug_frame   0x000016fc     0x11c0 cmake/stm32cubemx/CMakeFiles/STM32_Drivers.dir/__/__/Drivers/STM32F4xx_HAL_Driver/Src/stm32f4xx_hal_tim.c.obj
 .debug_frame   0x000028bc      0x638 cmake/stm32cubemx/CMakeFiles/STM32_Drivers.dir/__/__/Drivers/STM32F4xx_HAL_Driver/Src/stm32f4xx_hal_tim_ex.c.obj
 .debug_frame   0x00002ef4      0x954 cmake/stm32cubemx/CMakeFiles/STM32_Drivers.dir/__/__/Drivers/STM32F4xx_HAL_Driver/Src/stm32f4xx_hal_uart.c.obj
 .debug_frame   0x00003848       0x2c /opt/arm-gnu-toolchain-14.3.rel1-x86_64-arm-none-eabi/bin/../lib/gcc/arm-none-eabi/14.3.1/thumb/v7e-m+fp/hard/libgcc.a(_aeabi_uldivmod.o)
 .debug_frame   0x00003874       0x34 /opt/arm-gnu-toolchain-14.3.rel1-x86_64-arm-none-eabi/bin/../lib/gcc/arm-none-eabi/14.3.1/thumb/v7e-m+fp/hard/libgcc.a(_udivmoddi4.o)
 .debug_frame   0x000038a8       0x20 /opt/arm-gnu-toolchain-14.3.rel1-x86_64-arm-none-eabi/bin/../lib/gcc/arm-none-eabi/14.3.1/../../../../arm-none-eabi/lib/thumb/v7e-m+fp/hard/libg_nano.a(libc_a-memset.o)
 .debug_frame   0x000038c8       0x2c /opt/arm-gnu-toolchain-14.3.rel1-x86_64-arm-none-eabi/bin/../lib/gcc/arm-none-eabi/14.3.1/../../../../arm-none-eabi/lib/thumb/v7e-m+fp/hard/libg_nano.a(libc_a-init.o)

.debug_line_str
                0x00000000      0x176
 .debug_line_str
                0x00000000      0x176 CMakeFiles/SUPERCAR_STM32F407ZGT6.dir/startup_stm32f407xx.s.obj
                                 0xa8 (size before relaxing)
 .debug_line_str
                0x00000176       0xc2 /opt/arm-gnu-toolchain-14.3.rel1-x86_64-arm-none-eabi/bin/../lib/gcc/arm-none-eabi/14.3.1/thumb/v7e-m+fp/hard/libgcc.a(_aeabi_uldivmod.o)
 .debug_line_str
                0x00000176       0xc6 /opt/arm-gnu-toolchain-14.3.rel1-x86_64-arm-none-eabi/bin/../lib/gcc/arm-none-eabi/14.3.1/thumb/v7e-m+fp/hard/libgcc.a(_dvmd_tls.o)
