Archive member included to satisfy reference by file (symbol)

/opt/arm-gnu-toolchain-14.3.rel1-x86_64-arm-none-eabi/bin/../lib/gcc/arm-none-eabi/14.3.1/../../../../arm-none-eabi/lib/thumb/v7e-m+fp/hard/libm.a(libm_a-wf_atan2.o)
                              CMakeFiles/SUPERCAR_STM32F407ZGT6.dir/User/Src/position_control.c.obj (atan2f)
/opt/arm-gnu-toolchain-14.3.rel1-x86_64-arm-none-eabi/bin/../lib/gcc/arm-none-eabi/14.3.1/../../../../arm-none-eabi/lib/thumb/v7e-m+fp/hard/libm.a(libm_a-wf_sqrt.o)
                              CMakeFiles/SUPERCAR_STM32F407ZGT6.dir/User/Src/position_control.c.obj (sqrtf)
/opt/arm-gnu-toolchain-14.3.rel1-x86_64-arm-none-eabi/bin/../lib/gcc/arm-none-eabi/14.3.1/../../../../arm-none-eabi/lib/thumb/v7e-m+fp/hard/libm.a(libm_a-sf_cos.o)
                              CMakeFiles/SUPERCAR_STM32F407ZGT6.dir/User/Src/encoder_odom.c.obj (cosf)
/opt/arm-gnu-toolchain-14.3.rel1-x86_64-arm-none-eabi/bin/../lib/gcc/arm-none-eabi/14.3.1/../../../../arm-none-eabi/lib/thumb/v7e-m+fp/hard/libm.a(libm_a-sf_sin.o)
                              CMakeFiles/SUPERCAR_STM32F407ZGT6.dir/Core/Src/main.c.obj (sinf)
/opt/arm-gnu-toolchain-14.3.rel1-x86_64-arm-none-eabi/bin/../lib/gcc/arm-none-eabi/14.3.1/../../../../arm-none-eabi/lib/thumb/v7e-m+fp/hard/libm.a(libm_a-ef_sqrt.o)
                              /opt/arm-gnu-toolchain-14.3.rel1-x86_64-arm-none-eabi/bin/../lib/gcc/arm-none-eabi/14.3.1/../../../../arm-none-eabi/lib/thumb/v7e-m+fp/hard/libm.a(libm_a-wf_sqrt.o) (__ieee754_sqrtf)
/opt/arm-gnu-toolchain-14.3.rel1-x86_64-arm-none-eabi/bin/../lib/gcc/arm-none-eabi/14.3.1/../../../../arm-none-eabi/lib/thumb/v7e-m+fp/hard/libm.a(libm_a-kf_cos.o)
                              /opt/arm-gnu-toolchain-14.3.rel1-x86_64-arm-none-eabi/bin/../lib/gcc/arm-none-eabi/14.3.1/../../../../arm-none-eabi/lib/thumb/v7e-m+fp/hard/libm.a(libm_a-sf_cos.o) (__kernel_cosf)
/opt/arm-gnu-toolchain-14.3.rel1-x86_64-arm-none-eabi/bin/../lib/gcc/arm-none-eabi/14.3.1/../../../../arm-none-eabi/lib/thumb/v7e-m+fp/hard/libm.a(libm_a-kf_sin.o)
                              /opt/arm-gnu-toolchain-14.3.rel1-x86_64-arm-none-eabi/bin/../lib/gcc/arm-none-eabi/14.3.1/../../../../arm-none-eabi/lib/thumb/v7e-m+fp/hard/libm.a(libm_a-sf_cos.o) (__kernel_sinf)
/opt/arm-gnu-toolchain-14.3.rel1-x86_64-arm-none-eabi/bin/../lib/gcc/arm-none-eabi/14.3.1/../../../../arm-none-eabi/lib/thumb/v7e-m+fp/hard/libm.a(libm_a-ef_atan2.o)
                              /opt/arm-gnu-toolchain-14.3.rel1-x86_64-arm-none-eabi/bin/../lib/gcc/arm-none-eabi/14.3.1/../../../../arm-none-eabi/lib/thumb/v7e-m+fp/hard/libm.a(libm_a-wf_atan2.o) (__ieee754_atan2f)
/opt/arm-gnu-toolchain-14.3.rel1-x86_64-arm-none-eabi/bin/../lib/gcc/arm-none-eabi/14.3.1/../../../../arm-none-eabi/lib/thumb/v7e-m+fp/hard/libm.a(libm_a-ef_rem_pio2.o)
                              /opt/arm-gnu-toolchain-14.3.rel1-x86_64-arm-none-eabi/bin/../lib/gcc/arm-none-eabi/14.3.1/../../../../arm-none-eabi/lib/thumb/v7e-m+fp/hard/libm.a(libm_a-sf_cos.o) (__ieee754_rem_pio2f)
/opt/arm-gnu-toolchain-14.3.rel1-x86_64-arm-none-eabi/bin/../lib/gcc/arm-none-eabi/14.3.1/../../../../arm-none-eabi/lib/thumb/v7e-m+fp/hard/libm.a(libm_a-sf_atan.o)
                              /opt/arm-gnu-toolchain-14.3.rel1-x86_64-arm-none-eabi/bin/../lib/gcc/arm-none-eabi/14.3.1/../../../../arm-none-eabi/lib/thumb/v7e-m+fp/hard/libm.a(libm_a-ef_atan2.o) (atanf)
/opt/arm-gnu-toolchain-14.3.rel1-x86_64-arm-none-eabi/bin/../lib/gcc/arm-none-eabi/14.3.1/../../../../arm-none-eabi/lib/thumb/v7e-m+fp/hard/libm.a(libm_a-sf_fabs.o)
                              /opt/arm-gnu-toolchain-14.3.rel1-x86_64-arm-none-eabi/bin/../lib/gcc/arm-none-eabi/14.3.1/../../../../arm-none-eabi/lib/thumb/v7e-m+fp/hard/libm.a(libm_a-ef_atan2.o) (fabsf)
/opt/arm-gnu-toolchain-14.3.rel1-x86_64-arm-none-eabi/bin/../lib/gcc/arm-none-eabi/14.3.1/../../../../arm-none-eabi/lib/thumb/v7e-m+fp/hard/libm.a(libm_a-kf_rem_pio2.o)
                              /opt/arm-gnu-toolchain-14.3.rel1-x86_64-arm-none-eabi/bin/../lib/gcc/arm-none-eabi/14.3.1/../../../../arm-none-eabi/lib/thumb/v7e-m+fp/hard/libm.a(libm_a-ef_rem_pio2.o) (__kernel_rem_pio2f)
/opt/arm-gnu-toolchain-14.3.rel1-x86_64-arm-none-eabi/bin/../lib/gcc/arm-none-eabi/14.3.1/../../../../arm-none-eabi/lib/thumb/v7e-m+fp/hard/libm.a(libm_a-sf_scalbn.o)
                              /opt/arm-gnu-toolchain-14.3.rel1-x86_64-arm-none-eabi/bin/../lib/gcc/arm-none-eabi/14.3.1/../../../../arm-none-eabi/lib/thumb/v7e-m+fp/hard/libm.a(libm_a-kf_rem_pio2.o) (scalbnf)
/opt/arm-gnu-toolchain-14.3.rel1-x86_64-arm-none-eabi/bin/../lib/gcc/arm-none-eabi/14.3.1/../../../../arm-none-eabi/lib/thumb/v7e-m+fp/hard/libm.a(libm_a-sf_floor.o)
                              /opt/arm-gnu-toolchain-14.3.rel1-x86_64-arm-none-eabi/bin/../lib/gcc/arm-none-eabi/14.3.1/../../../../arm-none-eabi/lib/thumb/v7e-m+fp/hard/libm.a(libm_a-kf_rem_pio2.o) (floorf)
[...]
Memory Configuration

Name             Origin             Length             Attributes
RAM              0x20000000         0x00020000         xrw
CCMRAM           0x10000000         0x00010000         xrw
FLASH            0x08000000         0x00100000         xr
*default*        0x00000000         0xffffffff

Linker script and memory map

LOAD /opt/arm-gnu-toolchain-14.3.rel1-x86_64-arm-none-eabi/bin/../lib/gcc/arm-none-eabi/14.3.1/thumb/v7e-m+fp/hard/crti.o
LOAD /opt/arm-gnu-toolchain-14.3.rel1-x86_64-arm-none-eabi/bin/../lib/gcc/arm-none-eabi/14.3.1/thumb/v7e-m+fp/hard/crtbegin.o
LOAD /opt/arm-gnu-toolchain-14.3.rel1-x86_64-arm-none-eabi/bin/../lib/gcc/arm-none-eabi/14.3.1/../../../../arm-none-eabi/lib/thumb/v7e-m+fp/hard/crt0.o
LOAD CMakeFiles/SUPERCAR_STM32F407ZGT6.dir/Core/Src/main.c.obj
LOAD CMakeFiles/SUPERCAR_STM32F407ZGT6.dir/Core/Src/gpio.c.obj
LOAD CMakeFiles/SUPERCAR_STM32F407ZGT6.dir/Core/Src/can.c.obj
LOAD CMakeFiles/SUPERCAR_STM32F407ZGT6.dir/Core/Src/dma.c.obj
LOAD CMakeFiles/SUPERCAR_STM32F407ZGT6.dir/Core/Src/tim.c.obj
LOAD CMakeFiles/SUPERCAR_STM32F407ZGT6.dir/Core/Src/usart.c.obj
LOAD CMakeFiles/SUPERCAR_STM32F407ZGT6.dir/Core/Src/stm32f4xx_it.c.obj
LOAD CMakeFiles/SUPERCAR_STM32F407ZGT6.dir/Core/Src/stm32f4xx_hal_msp.c.obj
LOAD CMakeFiles/SUPERCAR_STM32F407ZGT6.dir/Core/Src/sysmem.c.obj
LOAD CMakeFiles/SUPERCAR_STM32F407ZGT6.dir/Core/Src/syscalls.c.obj
LOAD CMakeFiles/SUPERCAR_STM32F407ZGT6.dir/startup_stm32f407xx.s.obj
LOAD CMakeFiles/SUPERCAR_STM32F407ZGT6.dir/User/Src/arm_drive.c.obj
LOAD CMakeFiles/SUPERCAR_STM32F407ZGT6.dir/User/Src/arm.c.obj
LOAD CMakeFiles/SUPERCAR_STM32F407ZGT6.dir/User/Src/encoder_odom.c.obj
LOAD CMakeFiles/SUPERCAR_STM32F407ZGT6.dir/User/Src/encoder.c.obj
LOAD CMakeFiles/SUPERCAR_STM32F407ZGT6.dir/User/Src/imu_odom.c.obj
LOAD CMakeFiles/SUPERCAR_STM32F407ZGT6.dir/User/Src/init.c.obj
LOAD CMakeFiles/SUPERCAR_STM32F407ZGT6.dir/User/Src/it_cb.c.obj
LOAD CMakeFiles/SUPERCAR_STM32F407ZGT6.dir/User/Src/light.c.obj
LOAD CMakeFiles/SUPERCAR_STM32F407ZGT6.dir/User/Src/motor_control.c.obj
LOAD CMakeFiles/SUPERCAR_STM32F407ZGT6.dir/User/Src/motor.c.obj
LOAD CMakeFiles/SUPERCAR_STM32F407ZGT6.dir/User/Src/odom.c.obj
LOAD CMakeFiles/SUPERCAR_STM32F407ZGT6.dir/User/Src/pid.c.obj
LOAD CMakeFiles/SUPERCAR_STM32F407ZGT6.dir/User/Src/position_control.c.obj
LOAD CMakeFiles/SUPERCAR_STM32F407ZGT6.dir/User/Src/uart_pi.c.obj
LOAD CMakeFiles/SUPERCAR_STM32F407ZGT6.dir/User/Src/jy61p.c.obj
LOAD cmake/stm32cubemx/CMakeFiles/STM32_Drivers.dir/__/__/Core/Src/system_stm32f4xx.c.obj
LOAD cmake/stm32cubemx/CMakeFiles/STM32_Drivers.dir/__/__/Drivers/STM32F4xx_HAL_Driver/Src/stm32f4xx_hal_can.c.obj
LOAD cmake/stm32cubemx/CMakeFiles/STM32_Drivers.dir/__/__/Drivers/STM32F4xx_HAL_Driver/Src/stm32f4xx_hal_rcc.c.obj
LOAD cmake/stm32cubemx/CMakeFiles/STM32_Drivers.dir/__/__/Drivers/STM32F4xx_HAL_Driver/Src/stm32f4xx_hal_rcc_ex.c.obj
LOAD cmake/stm32cubemx/CMakeFiles/STM32_Drivers.dir/__/__/Drivers/STM32F4xx_HAL_Driver/Src/stm32f4xx_hal_flash.c.obj
LOAD cmake/stm32cubemx/CMakeFiles/STM32_Drivers.dir/__/__/Drivers/STM32F4xx_HAL_Driver/Src/stm32f4xx_hal_flash_ex.c.obj
LOAD cmake/stm32cubemx/CMakeFiles/STM32_Drivers.dir/__/__/Drivers/STM32F4xx_HAL_Driver/Src/stm32f4xx_hal_flash_ramfunc.c.obj
LOAD cmake/stm32cubemx/CMakeFiles/STM32_Drivers.dir/__/__/Drivers/STM32F4xx_HAL_Driver/Src/stm32f4xx_hal_gpio.c.obj
LOAD cmake/stm32cubemx/CMakeFiles/STM32_Drivers.dir/__/__/Drivers/STM32F4xx_HAL_Driver/Src/stm32f4xx_hal_dma_ex.c.obj
LOAD cmake/stm32cubemx/CMakeFiles/STM32_Drivers.dir/__/__/Drivers/STM32F4xx_HAL_Driver/Src/stm32f4xx_hal_dma.c.obj
LOAD cmake/stm32cubemx/CMakeFiles/STM32_Drivers.dir/__/__/Drivers/STM32F4xx_HAL_Driver/Src/stm32f4xx_hal_pwr.c.obj
LOAD cmake/stm32cubemx/CMakeFiles/STM32_Drivers.dir/__/__/Drivers/STM32F4xx_HAL_Driver/Src/stm32f4xx_hal_pwr_ex.c.obj
LOAD cmake/stm32cubemx/CMakeFiles/STM32_Drivers.dir/__/__/Drivers/STM32F4xx_HAL_Driver/Src/stm32f4xx_hal_cortex.c.obj
LOAD cmake/stm32cubemx/CMakeFiles/STM32_Drivers.dir/__/__/Drivers/STM32F4xx_HAL_Driver/Src/stm32f4xx_hal.c.obj
LOAD cmake/stm32cubemx/CMakeFiles/STM32_Drivers.dir/__/__/Drivers/STM32F4xx_HAL_Driver/Src/stm32f4xx_hal_exti.c.obj
LOAD cmake/stm32cubemx/CMakeFiles/STM32_Drivers.dir/__/__/Drivers/STM32F4xx_HAL_Driver/Src/stm32f4xx_hal_tim.c.obj
LOAD cmake/stm32cubemx/CMakeFiles/STM32_Drivers.dir/__/__/Drivers/STM32F4xx_HAL_Driver/Src/stm32f4xx_hal_tim_ex.c.obj
LOAD cmake/stm32cubemx/CMakeFiles/STM32_Drivers.dir/__/__/Drivers/STM32F4xx_HAL_Driver/Src/stm32f4xx_hal_uart.c.obj
LOAD /opt/arm-gnu-toolchain-14.3.rel1-x86_64-arm-none-eabi/bin/../lib/gcc/arm-none-eabi/14.3.1/../../../../arm-none-eabi/lib/thumb/v7e-m+fp/hard/libm.a
START GROUP
LOAD /opt/arm-gnu-toolchain-14.3.rel1-x86_64-arm-none-eabi/bin/../lib/gcc/arm-none-eabi/14.3.1/thumb/v7e-m+fp/hard/libgcc.a
LOAD /opt/arm-gnu-toolchain-14.3.rel1-x86_64-arm-none-eabi/bin/../lib/gcc/arm-none-eabi/14.3.1/../../../../arm-none-eabi/lib/thumb/v7e-m+fp/hard/libg_nano.a
LOAD /opt/arm-gnu-toolchain-14.3.rel1-x86_64-arm-none-eabi/bin/../lib/gcc/arm-none-eabi/14.3.1/../../../../arm-none-eabi/lib/thumb/v7e-m+fp/hard/libc_nano.a
END GROUP
START GROUP
LOAD /opt/arm-gnu-toolchain-14.3.rel1-x86_64-arm-none-eabi/bin/../lib/gcc/arm-none-eabi/14.3.1/thumb/v7e-m+fp/hard/libgcc.a
LOAD /opt/arm-gnu-toolchain-14.3.rel1-x86_64-arm-none-eabi/bin/../lib/gcc/arm-none-eabi/14.3.1/../../../../arm-none-eabi/lib/thumb/v7e-m+fp/hard/libc_nano.a
END GROUP
LOAD /opt/arm-gnu-toolchain-14.3.rel1-x86_64-arm-none-eabi/bin/../lib/gcc/arm-none-eabi/14.3.1/thumb/v7e-m+fp/hard/crtend.o
LOAD /opt/arm-gnu-toolchain-14.3.rel1-x86_64-arm-none-eabi/bin/../lib/gcc/arm-none-eabi/14.3.1/thumb/v7e-m+fp/hard/crtn.o
                0x20020000                        _estack = (ORIGIN (RAM) + LENGTH (RAM))
                0x00000200                        _Min_Heap_Size = 0x200
                0x00000400                        _Min_Stack_Size = 0x400

.isr_vector     0x08000000      0x188
                0x08000000                        . = ALIGN (0x4)
 *(.isr_vector)
 .isr_vector    0x08000000      0x188 CMakeFiles/SUPERCAR_STM32F407ZGT6.dir/startup_stm32f407xx.s.obj
                0x08000000                g_pfnVectors
                0x08000188                        . = ALIGN (0x4)

.text           0x08000188     0x8e50
                0x08000188                        . = ALIGN (0x4)
 *(.text)
 .text          0x08000188      0x378 /opt/arm-gnu-toolchain-14.3.rel1-x86_64-arm-none-eabi/bin/../lib/gcc/arm-none-eabi/14.3.1/thumb/v7e-m+fp/hard/libgcc.a(_arm_addsubdf3.o)
                0x08000188                __aeabi_drsub
                0x08000190                __aeabi_dsub
                0x08000190                __subdf3
                0x08000194                __adddf3
                0x08000194                __aeabi_dadd
                0x0800040c                __aeabi_ui2d
                0x0800040c                __floatunsidf
                0x0800042c                __floatsidf
                0x0800042c                __aeabi_i2d
                0x08000450                __extendsfdf2
                0x08000450                __aeabi_f2d
                0x08000494                __aeabi_ul2d
                0x08000494                __floatundidf
                0x080004a4                __floatdidf
                0x080004a4                __aeabi_l2d
 .text          0x08000500      0x424 /opt/arm-gnu-toolchain-14.3.rel1-x86_64-arm-none-eabi/bin/../lib/gcc/arm-none-eabi/14.3.1/thumb/v7e-m+fp/hard/libgcc.a(_arm_muldivdf3.o)
                0x08000500                __aeabi_dmul
                0x08000500                __muldf3
                0x08000754                __aeabi_ddiv
                0x08000754                __divdf3
 .text          0x08000924      0x110 /opt/arm-gnu-toolchain-14.3.rel1-x86_64-arm-none-eabi/bin/../lib/gcc/arm-none-eabi/14.3.1/thumb/v7e-m+fp/hard/libgcc.a(_arm_cmpdf2.o)
                0x08000924                __gtdf2
                0x08000924                __gedf2
                0x0800092c                __ltdf2
                0x0800092c                __ledf2
                0x08000934                __cmpdf2
                0x08000934                __eqdf2
                0x08000934                __nedf2
                0x080009b0                __aeabi_cdrcmple
                0x080009c0                __aeabi_cdcmple
                0x080009c0                __aeabi_cdcmpeq
                0x080009d0                __aeabi_dcmpeq
                0x080009e4                __aeabi_dcmplt
                0x080009f8                __aeabi_dcmple
                0x08000a0c                __aeabi_dcmpge
                0x08000a20                __aeabi_dcmpgt
 .text          0x08000a34       0xa0 /opt/arm-gnu-toolchain-14.3.rel1-x86_64-arm-none-eabi/bin/../lib/gcc/arm-none-eabi/14.3.1/thumb/v7e-m+fp/hard/libgcc.a(_arm_truncdfsf2.o)
                0x08000a34                __aeabi_d2f
                0x08000a34                __truncdfsf2
 .text          0x08000ad4       0x30 /opt/arm-gnu-toolchain-14.3.rel1-x86_64-arm-none-eabi/bin/../lib/gcc/arm-none-eabi/14.3.1/thumb/v7e-m+fp/hard/libgcc.a(_aeabi_uldivmod.o)
                0x08000ad4                __aeabi_uldivmod
 .text          0x08000b04        0x4 /opt/arm-gnu-toolchain-14.3.rel1-x86_64-arm-none-eabi/bin/../lib/gcc/arm-none-eabi/14.3.1/thumb/v7e-m+fp/hard/libgcc.a(_dvmd_tls.o)
                0x08000b04                __aeabi_ldiv0
                0x08000b04                __aeabi_idiv0
 *(.text*)
 .text.deregister_tm_clones
                0x08000b08       0x1c /opt/arm-gnu-toolchain-14.3.rel1-x86_64-arm-none-eabi/bin/../lib/gcc/arm-none-eabi/14.3.1/thumb/v7e-m+fp/hard/crtbegin.o
 .text.register_tm_clones
                0x08000b24       0x24 /opt/arm-gnu-toolchain-14.3.rel1-x86_64-arm-none-eabi/bin/../lib/gcc/arm-none-eabi/14.3.1/thumb/v7e-m+fp/hard/crtbegin.o
 .text.__do_global_dtors_aux
                0x08000b48       0x28 /opt/arm-gnu-toolchain-14.3.rel1-x86_64-arm-none-eabi/bin/../lib/gcc/arm-none-eabi/14.3.1/thumb/v7e-m+fp/hard/crtbegin.o
 .text.frame_dummy
                0x08000b70       0x24 /opt/arm-gnu-toolchain-14.3.rel1-x86_64-arm-none-eabi/bin/../lib/gcc/arm-none-eabi/14.3.1/thumb/v7e-m+fp/hard/crtbegin.o
 .text.pid_velocity_test
                0x08000b94       0xb8 CMakeFiles/SUPERCAR_STM32F407ZGT6.dir/Core/Src/main.c.obj
                0x08000b94                pid_velocity_test
 .text.main     0x08000c4c       0x7c CMakeFiles/SUPERCAR_STM32F407ZGT6.dir/Core/Src/main.c.obj
                0x08000c4c                main
 .text.SystemClock_Config
                0x08000cc8       0xd4 CMakeFiles/SUPERCAR_STM32F407ZGT6.dir/Core/Src/main.c.obj
                0x08000cc8                SystemClock_Config
 .text.Error_Handler
                0x08000d9c        0xc CMakeFiles/SUPERCAR_STM32F407ZGT6.dir/Core/Src/main.c.obj
                0x08000d9c                Error_Handler
 .text.MX_GPIO_Init
                0x08000da8      0x16c CMakeFiles/SUPERCAR_STM32F407ZGT6.dir/Core/Src/gpio.c.obj
                0x08000da8                MX_GPIO_Init
 .text.MX_CAN1_Init
                0x08000f14       0x68 CMakeFiles/SUPERCAR_STM32F407ZGT6.dir/Core/Src/can.c.obj
                0x08000f14                MX_CAN1_Init
 .text.HAL_CAN_MspInit
                0x08000f7c       0x90 CMakeFiles/SUPERCAR_STM32F407ZGT6.dir/Core/Src/can.c.obj
                0x08000f7c                HAL_CAN_MspInit
 .text.MX_DMA_Init
                0x0800100c       0x40 CMakeFiles/SUPERCAR_STM32F407ZGT6.dir/Core/Src/dma.c.obj
                0x0800100c                MX_DMA_Init
 .text.MX_TIM1_Init
                0x0800104c       0xb0 CMakeFiles/SUPERCAR_STM32F407ZGT6.dir/Core/Src/tim.c.obj
                0x0800104c                MX_TIM1_Init
 .text.MX_TIM2_Init
                0x080010fc       0xa8 CMakeFiles/SUPERCAR_STM32F407ZGT6.dir/Core/Src/tim.c.obj
                0x080010fc                MX_TIM2_Init
 .text.MX_TIM3_Init
                0x080011a4       0xa8 CMakeFiles/SUPERCAR_STM32F407ZGT6.dir/Core/Src/tim.c.obj
                0x080011a4                MX_TIM3_Init
 .text.MX_TIM4_Init
                0x0800124c       0xa8 CMakeFiles/SUPERCAR_STM32F407ZGT6.dir/Core/Src/tim.c.obj
                0x0800124c                MX_TIM4_Init
 .text.MX_TIM5_Init
                0x080012f4       0xf4 CMakeFiles/SUPERCAR_STM32F407ZGT6.dir/Core/Src/tim.c.obj
                0x080012f4                MX_TIM5_Init
 .text.MX_TIM6_Init
                0x080013e8       0x6c CMakeFiles/SUPERCAR_STM32F407ZGT6.dir/Core/Src/tim.c.obj
                0x080013e8                MX_TIM6_Init
 .text.MX_TIM8_Init
                0x08001454      0x138 CMakeFiles/SUPERCAR_STM32F407ZGT6.dir/Core/Src/tim.c.obj
                0x08001454                MX_TIM8_Init
 .text.MX_TIM10_Init
                0x0800158c       0x9c CMakeFiles/SUPERCAR_STM32F407ZGT6.dir/Core/Src/tim.c.obj
                0x0800158c                MX_TIM10_Init
 .text.HAL_TIM_Encoder_MspInit
                0x08001628      0x20c CMakeFiles/SUPERCAR_STM32F407ZGT6.dir/Core/Src/tim.c.obj
                0x08001628                HAL_TIM_Encoder_MspInit
 .text.HAL_TIM_PWM_MspInit
                0x08001834       0x70 CMakeFiles/SUPERCAR_STM32F407ZGT6.dir/Core/Src/tim.c.obj
                0x08001834                HAL_TIM_PWM_MspInit
 .text.HAL_TIM_Base_MspInit
                0x080018a4       0x7c CMakeFiles/SUPERCAR_STM32F407ZGT6.dir/Core/Src/tim.c.obj
                0x080018a4                HAL_TIM_Base_MspInit
 .text.HAL_TIM_MspPostInit
                0x08001920      0x118 CMakeFiles/SUPERCAR_STM32F407ZGT6.dir/Core/Src/tim.c.obj
                0x08001920                HAL_TIM_MspPostInit
 .text.MX_USART1_UART_Init
                0x08001a38       0x54 CMakeFiles/SUPERCAR_STM32F407ZGT6.dir/Core/Src/usart.c.obj
                0x08001a38                MX_USART1_UART_Init
 .text.MX_USART2_UART_Init
                0x08001a8c       0x54 CMakeFiles/SUPERCAR_STM32F407ZGT6.dir/Core/Src/usart.c.obj
                0x08001a8c                MX_USART2_UART_Init
 .text.MX_USART3_UART_Init
                0x08001ae0       0x54 CMakeFiles/SUPERCAR_STM32F407ZGT6.dir/Core/Src/usart.c.obj
                0x08001ae0                MX_USART3_UART_Init
 .text.MX_USART6_UART_Init
                0x08001b34       0x54 CMakeFiles/SUPERCAR_STM32F407ZGT6.dir/Core/Src/usart.c.obj
                0x08001b34                MX_USART6_UART_Init
 .text.HAL_UART_MspInit
                0x08001b88      0x24c CMakeFiles/SUPERCAR_STM32F407ZGT6.dir/Core/Src/usart.c.obj
                0x08001b88                HAL_UART_MspInit
 .text.NMI_Handler
                0x08001dd4        0x8 CMakeFiles/SUPERCAR_STM32F407ZGT6.dir/Core/Src/stm32f4xx_it.c.obj
                0x08001dd4                NMI_Handler
 .text.HardFault_Handler
                0x08001ddc        0x8 CMakeFiles/SUPERCAR_STM32F407ZGT6.dir/Core/Src/stm32f4xx_it.c.obj
                0x08001ddc                HardFault_Handler
 .text.MemManage_Handler
                0x08001de4        0x8 CMakeFiles/SUPERCAR_STM32F407ZGT6.dir/Core/Src/stm32f4xx_it.c.obj
                0x08001de4                MemManage_Handler
 .text.BusFault_Handler
                0x08001dec        0x8 CMakeFiles/SUPERCAR_STM32F407ZGT6.dir/Core/Src/stm32f4xx_it.c.obj
                0x08001dec                BusFault_Handler
 .text.UsageFault_Handler
                0x08001df4        0x8 CMakeFiles/SUPERCAR_STM32F407ZGT6.dir/Core/Src/stm32f4xx_it.c.obj
                0x08001df4                UsageFault_Handler
 .text.SVC_Handler
                0x08001dfc        0xe CMakeFiles/SUPERCAR_STM32F407ZGT6.dir/Core/Src/stm32f4xx_it.c.obj
                0x08001dfc                SVC_Handler
 .text.DebugMon_Handler
                0x08001e0a        0xe CMakeFiles/SUPERCAR_STM32F407ZGT6.dir/Core/Src/stm32f4xx_it.c.obj
                0x08001e0a                DebugMon_Handler
 .text.PendSV_Handler
                0x08001e18        0xe CMakeFiles/SUPERCAR_STM32F407ZGT6.dir/Core/Src/stm32f4xx_it.c.obj
                0x08001e18                PendSV_Handler
 .text.SysTick_Handler
                0x08001e26        0xc CMakeFiles/SUPERCAR_STM32F407ZGT6.dir/Core/Src/stm32f4xx_it.c.obj
                0x08001e26                SysTick_Handler
 *fill*         0x08001e32        0x2 
 .text.DMA1_Stream1_IRQHandler
                0x08001e34       0x14 CMakeFiles/SUPERCAR_STM32F407ZGT6.dir/Core/Src/stm32f4xx_it.c.obj
                0x08001e34                DMA1_Stream1_IRQHandler
 .text.USART3_IRQHandler
                0x08001e48       0x14 CMakeFiles/SUPERCAR_STM32F407ZGT6.dir/Core/Src/stm32f4xx_it.c.obj
                0x08001e48                USART3_IRQHandler
 .text.TIM6_DAC_IRQHandler
                0x08001e5c       0x14 CMakeFiles/SUPERCAR_STM32F407ZGT6.dir/Core/Src/stm32f4xx_it.c.obj
                0x08001e5c                TIM6_DAC_IRQHandler
 .text.HAL_MspInit
                0x08001e70       0x50 CMakeFiles/SUPERCAR_STM32F407ZGT6.dir/Core/Src/stm32f4xx_hal_msp.c.obj
                0x08001e70                HAL_MspInit
 .text._sbrk    0x08001ec0       0x6c CMakeFiles/SUPERCAR_STM32F407ZGT6.dir/Core/Src/sysmem.c.obj
                0x08001ec0                _sbrk
 .text._read    0x08001f2c       0x3a CMakeFiles/SUPERCAR_STM32F407ZGT6.dir/Core/Src/syscalls.c.obj
                0x08001f2c                _read
 .text._write   0x08001f66       0x38 CMakeFiles/SUPERCAR_STM32F407ZGT6.dir/Core/Src/syscalls.c.obj
                0x08001f66                _write
 .text._close   0x08001f9e       0x18 CMakeFiles/SUPERCAR_STM32F407ZGT6.dir/Core/Src/syscalls.c.obj
                0x08001f9e                _close
 .text._fstat   0x08001fb6       0x20 CMakeFiles/SUPERCAR_STM32F407ZGT6.dir/Core/Src/syscalls.c.obj
                0x08001fb6                _fstat
 .text._isatty  0x08001fd6       0x16 CMakeFiles/SUPERCAR_STM32F407ZGT6.dir/Core/Src/syscalls.c.obj
                0x08001fd6                _isatty
 .text._lseek   0x08001fec       0x1a CMakeFiles/SUPERCAR_STM32F407ZGT6.dir/Core/Src/syscalls.c.obj
                0x08001fec                _lseek
 *fill*         0x08002006        0x2 
 .text.Reset_Handler
                0x08002008       0x50 CMakeFiles/SUPERCAR_STM32F407ZGT6.dir/startup_stm32f407xx.s.obj
                0x08002008                Reset_Handler
 .text.Default_Handler
                0x08002058        0x2 CMakeFiles/SUPERCAR_STM32F407ZGT6.dir/startup_stm32f407xx.s.obj
                0x08002058                RTC_Alarm_IRQHandler
                0x08002058                HASH_RNG_IRQHandler
                0x08002058                EXTI2_IRQHandler
                0x08002058                TIM8_CC_IRQHandler
                0x08002058                TIM1_CC_IRQHandler
                0x08002058                DMA2_Stream5_IRQHandler
                0x08002058                DMA1_Stream5_IRQHandler
                0x08002058                PVD_IRQHandler
                0x08002058                SDIO_IRQHandler
                0x08002058                TAMP_STAMP_IRQHandler
                0x08002058                CAN2_RX1_IRQHandler
                0x08002058                EXTI3_IRQHandler
                0x08002058                TIM8_TRG_COM_TIM14_IRQHandler
                0x08002058                TIM1_UP_TIM10_IRQHandler
                0x08002058                TIM8_UP_TIM13_IRQHandler
                0x08002058                I2C3_ER_IRQHandler
                0x08002058                EXTI0_IRQHandler
                0x08002058                I2C2_EV_IRQHandler
                0x08002058                DMA1_Stream2_IRQHandler
                0x08002058                CAN1_RX0_IRQHandler
                0x08002058                FPU_IRQHandler
                0x08002058                OTG_HS_WKUP_IRQHandler
                0x08002058                CAN2_SCE_IRQHandler
                0x08002058                DMA2_Stream2_IRQHandler
                0x08002058                SPI1_IRQHandler
                0x08002058                TIM1_BRK_TIM9_IRQHandler
                0x08002058                DCMI_IRQHandler
                0x08002058                CAN2_RX0_IRQHandler
                0x08002058                DMA2_Stream3_IRQHandler
                0x08002058                USART6_IRQHandler
                0x08002058                CAN1_RX1_IRQHandler
                0x08002058                UART5_IRQHandler
                0x08002058                DMA2_Stream0_IRQHandler
                0x08002058                TIM4_IRQHandler
                0x08002058                I2C1_EV_IRQHandler
                0x08002058                DMA1_Stream6_IRQHandler
                0x08002058                UART4_IRQHandler
                0x08002058                TIM3_IRQHandler
                0x08002058                RCC_IRQHandler
                0x08002058                TIM8_BRK_TIM12_IRQHandler
                0x08002058                Default_Handler
                0x08002058                EXTI15_10_IRQHandler
                0x08002058                ADC_IRQHandler
                0x08002058                DMA1_Stream7_IRQHandler
                0x08002058                TIM7_IRQHandler
                0x08002058                CAN2_TX_IRQHandler
                0x08002058                TIM5_IRQHandler
                0x08002058                DMA2_Stream7_IRQHandler
                0x08002058                I2C3_EV_IRQHandler
                0x08002058                EXTI9_5_IRQHandler
                0x08002058                RTC_WKUP_IRQHandler
                0x08002058                ETH_WKUP_IRQHandler
                0x08002058                SPI2_IRQHandler
                0x08002058                OTG_HS_EP1_IN_IRQHandler
                0x08002058                DMA1_Stream0_IRQHandler
                0x08002058                CAN1_TX_IRQHandler
                0x08002058                EXTI4_IRQHandler
                0x08002058                FSMC_IRQHandler
                0x08002058                ETH_IRQHandler
                0x08002058                OTG_HS_EP1_OUT_IRQHandler
                0x08002058                WWDG_IRQHandler
                0x08002058                TIM2_IRQHandler
                0x08002058                OTG_FS_WKUP_IRQHandler
                0x08002058                TIM1_TRG_COM_TIM11_IRQHandler
                0x08002058                OTG_HS_IRQHandler
                0x08002058                EXTI1_IRQHandler
                0x08002058                USART2_IRQHandler
                0x08002058                I2C2_ER_IRQHandler
                0x08002058                DMA2_Stream1_IRQHandler
                0x08002058                CAN1_SCE_IRQHandler
                0x08002058                FLASH_IRQHandler
                0x08002058                DMA2_Stream4_IRQHandler
                0x08002058                USART1_IRQHandler
                0x08002058                OTG_FS_IRQHandler
                0x08002058                SPI3_IRQHandler
                0x08002058                DMA1_Stream4_IRQHandler
                0x08002058                I2C1_ER_IRQHandler
                0x08002058                DMA2_Stream6_IRQHandler
                0x08002058                DMA1_Stream3_IRQHandler
 *fill*         0x0800205a        0x6 
 .text.CalculateWheelDistance
                0x08002060       0x80 CMakeFiles/SUPERCAR_STM32F407ZGT6.dir/User/Src/encoder_odom.c.obj
 .text.EncoderOdom_Init
                0x080020e0       0x44 CMakeFiles/SUPERCAR_STM32F407ZGT6.dir/User/Src/encoder_odom.c.obj
                0x080020e0                EncoderOdom_Init
 .text.EncoderOdom_UpdateFromEncoder
                0x08002124       0x68 CMakeFiles/SUPERCAR_STM32F407ZGT6.dir/User/Src/encoder_odom.c.obj
                0x08002124                EncoderOdom_UpdateFromEncoder
 *fill*         0x0800218c        0x4 
 .text.EncoderOdom_Calculate
                0x08002190      0x2ac CMakeFiles/SUPERCAR_STM32F407ZGT6.dir/User/Src/encoder_odom.c.obj
                0x08002190                EncoderOdom_Calculate
 .text.EncoderOdom_Reset
                0x0800243c       0x5e CMakeFiles/SUPERCAR_STM32F407ZGT6.dir/User/Src/encoder_odom.c.obj
                0x0800243c                EncoderOdom_Reset
 .text.Encoder_CalculateSingleDiff
                0x0800249a       0x1c CMakeFiles/SUPERCAR_STM32F407ZGT6.dir/User/Src/encoder.c.obj
 .text.Encoder_GetTimerDiff
                0x080024b6       0x28 CMakeFiles/SUPERCAR_STM32F407ZGT6.dir/User/Src/encoder.c.obj
 .text.Encoder_Init
                0x080024de       0x98 CMakeFiles/SUPERCAR_STM32F407ZGT6.dir/User/Src/encoder.c.obj
                0x080024de                Encoder_Init
 *fill*         0x08002576        0x2 
 .text.Encoder_Sample
                0x08002578      0x134 CMakeFiles/SUPERCAR_STM32F407ZGT6.dir/User/Src/encoder.c.obj
                0x08002578                Encoder_Sample
 .text.Encoder_GetLastSampleTime
                0x080026ac       0x22 CMakeFiles/SUPERCAR_STM32F407ZGT6.dir/User/Src/encoder.c.obj
                0x080026ac                Encoder_GetLastSampleTime
 .text.Encoder_GetCurrentSampleTime
                0x080026ce       0x22 CMakeFiles/SUPERCAR_STM32F407ZGT6.dir/User/Src/encoder.c.obj
                0x080026ce                Encoder_GetCurrentSampleTime
 .text.Encoder_GetLastLeftFrontDiff
                0x080026f0       0x22 CMakeFiles/SUPERCAR_STM32F407ZGT6.dir/User/Src/encoder.c.obj
                0x080026f0                Encoder_GetLastLeftFrontDiff
 .text.Encoder_GetLastRightFrontDiff
                0x08002712       0x22 CMakeFiles/SUPERCAR_STM32F407ZGT6.dir/User/Src/encoder.c.obj
                0x08002712                Encoder_GetLastRightFrontDiff
 .text.Encoder_GetLastRightRearDiff
                0x08002734       0x22 CMakeFiles/SUPERCAR_STM32F407ZGT6.dir/User/Src/encoder.c.obj
                0x08002734                Encoder_GetLastRightRearDiff
 .text.Encoder_GetLastLeftRearDiff
                0x08002756       0x22 CMakeFiles/SUPERCAR_STM32F407ZGT6.dir/User/Src/encoder.c.obj
                0x08002756                Encoder_GetLastLeftRearDiff
 .text.Encoder_ResetLeftFrontCount
                0x08002778       0x30 CMakeFiles/SUPERCAR_STM32F407ZGT6.dir/User/Src/encoder.c.obj
                0x08002778                Encoder_ResetLeftFrontCount
 .text.Encoder_ResetRightFrontCount
                0x080027a8       0x30 CMakeFiles/SUPERCAR_STM32F407ZGT6.dir/User/Src/encoder.c.obj
                0x080027a8                Encoder_ResetRightFrontCount
 .text.Encoder_ResetRightRearCount
                0x080027d8       0x30 CMakeFiles/SUPERCAR_STM32F407ZGT6.dir/User/Src/encoder.c.obj
                0x080027d8                Encoder_ResetRightRearCount
 .text.Encoder_ResetLeftRearCount
                0x08002808       0x30 CMakeFiles/SUPERCAR_STM32F407ZGT6.dir/User/Src/encoder.c.obj
                0x08002808                Encoder_ResetLeftRearCount
 .text.Encoder_ResetAllCounts
                0x08002838       0x30 CMakeFiles/SUPERCAR_STM32F407ZGT6.dir/User/Src/encoder.c.obj
                0x08002838                Encoder_ResetAllCounts
 .text.PID_All_Init
                0x08002868       0xc8 CMakeFiles/SUPERCAR_STM32F407ZGT6.dir/User/Src/init.c.obj
 .text.All_Init
                0x08002930      0x164 CMakeFiles/SUPERCAR_STM32F407ZGT6.dir/User/Src/init.c.obj
                0x08002930                All_Init
 .text.HAL_TIM_PeriodElapsedCallback
                0x08002a94       0x38 CMakeFiles/SUPERCAR_STM32F407ZGT6.dir/User/Src/it_cb.c.obj
                0x08002a94                HAL_TIM_PeriodElapsedCallback
 .text.HAL_UART_RxCpltCallback
                0x08002acc       0x3c CMakeFiles/SUPERCAR_STM32F407ZGT6.dir/User/Src/it_cb.c.obj
                0x08002acc                HAL_UART_RxCpltCallback
 .text.LightInit
                0x08002b08       0x18 CMakeFiles/SUPERCAR_STM32F407ZGT6.dir/User/Src/light.c.obj
                0x08002b08                LightInit
 .text.LightOff
                0x08002b20       0x18 CMakeFiles/SUPERCAR_STM32F407ZGT6.dir/User/Src/light.c.obj
                0x08002b20                LightOff
 .text.MotorControl_CheckID
                0x08002b38       0x22 CMakeFiles/SUPERCAR_STM32F407ZGT6.dir/User/Src/motor_control.c.obj
 .text.MotorControl_InitSinglePID
                0x08002b5a       0x6c CMakeFiles/SUPERCAR_STM32F407ZGT6.dir/User/Src/motor_control.c.obj
 *fill*         0x08002bc6        0x2 
 .text.MotorControl_Init
                0x08002bc8      0x120 CMakeFiles/SUPERCAR_STM32F407ZGT6.dir/User/Src/motor_control.c.obj
                0x08002bc8                MotorControl_Init
 .text.MotorControl_StopAll
                0x08002ce8       0x6c CMakeFiles/SUPERCAR_STM32F407ZGT6.dir/User/Src/motor_control.c.obj
                0x08002ce8                MotorControl_StopAll
 .text.Motor_CheckID
                0x08002d54       0x22 CMakeFiles/SUPERCAR_STM32F407ZGT6.dir/User/Src/motor.c.obj
 .text.Motor_Init
                0x08002d76       0x8a CMakeFiles/SUPERCAR_STM32F407ZGT6.dir/User/Src/motor.c.obj
                0x08002d76                Motor_Init
 .text.Motor_StartPWM
                0x08002e00       0xc0 CMakeFiles/SUPERCAR_STM32F407ZGT6.dir/User/Src/motor.c.obj
                0x08002e00                Motor_StartPWM
 .text.Motor_SetVelocity
                0x08002ec0      0x174 CMakeFiles/SUPERCAR_STM32F407ZGT6.dir/User/Src/motor.c.obj
                0x08002ec0                Motor_SetVelocity
 .text.Motor_StopAll
                0x08003034       0x4c CMakeFiles/SUPERCAR_STM32F407ZGT6.dir/User/Src/motor.c.obj
                0x08003034                Motor_StopAll
 .text.PID_GetTimeDiff
                0x08003080       0x1c CMakeFiles/SUPERCAR_STM32F407ZGT6.dir/User/Src/pid.c.obj
 .text.PID_Init
                0x0800309c       0x6a CMakeFiles/SUPERCAR_STM32F407ZGT6.dir/User/Src/pid.c.obj
                0x0800309c                PID_Init
 .text.PID_SetTarget
                0x08003106       0x24 CMakeFiles/SUPERCAR_STM32F407ZGT6.dir/User/Src/pid.c.obj
                0x08003106                PID_SetTarget
 .text.PID_SetFeedback
                0x0800312a       0x2c CMakeFiles/SUPERCAR_STM32F407ZGT6.dir/User/Src/pid.c.obj
                0x0800312a                PID_SetFeedback
 *fill*         0x08003156        0x2 
 .text.PID_Calculate
                0x08003158      0x274 CMakeFiles/SUPERCAR_STM32F407ZGT6.dir/User/Src/pid.c.obj
                0x08003158                PID_Calculate
 .text.PID_Reset
                0x080033cc       0x52 CMakeFiles/SUPERCAR_STM32F407ZGT6.dir/User/Src/pid.c.obj
                0x080033cc                PID_Reset
 *fill*         0x0800341e        0x2 
 .text.PositionControl_Init
                0x08003420       0x7c CMakeFiles/SUPERCAR_STM32F407ZGT6.dir/User/Src/position_control.c.obj
                0x08003420                PositionControl_Init
 .text.UartPi_Init
                0x0800349c       0x5e CMakeFiles/SUPERCAR_STM32F407ZGT6.dir/User/Src/uart_pi.c.obj
                0x0800349c                UartPi_Init
 *fill*         0x080034fa        0x2 
 .text.JY61P_ParseFrame
                0x080034fc      0x388 CMakeFiles/SUPERCAR_STM32F407ZGT6.dir/User/Src/jy61p.c.obj
 .text.JY61P_Init
                0x08003884       0x34 CMakeFiles/SUPERCAR_STM32F407ZGT6.dir/User/Src/jy61p.c.obj
                0x08003884                JY61P_Init
 .text.JY61P_ParseData
                0x080038b8       0xc0 CMakeFiles/SUPERCAR_STM32F407ZGT6.dir/User/Src/jy61p.c.obj
                0x080038b8                JY61P_ParseData
 .text.SystemInit
                0x08003978       0x24 cmake/stm32cubemx/CMakeFiles/STM32_Drivers.dir/__/__/Core/Src/system_stm32f4xx.c.obj
                0x08003978                SystemInit
 .text.HAL_CAN_Init
                0x0800399c      0x1f6 cmake/stm32cubemx/CMakeFiles/STM32_Drivers.dir/__/__/Drivers/STM32F4xx_HAL_Driver/Src/stm32f4xx_hal_can.c.obj
                0x0800399c                HAL_CAN_Init
 *fill*         0x08003b92        0x2 
 .text.HAL_RCC_OscConfig
                0x08003b94      0x4f0 cmake/stm32cubemx/CMakeFiles/STM32_Drivers.dir/__/__/Drivers/STM32F4xx_HAL_Driver/Src/stm32f4xx_hal_rcc.c.obj
                0x08003b94                HAL_RCC_OscConfig
 .text.HAL_RCC_ClockConfig
                0x08004084      0x1cc cmake/stm32cubemx/CMakeFiles/STM32_Drivers.dir/__/__/Drivers/STM32F4xx_HAL_Driver/Src/stm32f4xx_hal_rcc.c.obj
                0x08004084                HAL_RCC_ClockConfig
 .text.HAL_RCC_GetSysClockFreq
                0x08004250      0x188 cmake/stm32cubemx/CMakeFiles/STM32_Drivers.dir/__/__/Drivers/STM32F4xx_HAL_Driver/Src/stm32f4xx_hal_rcc.c.obj
                0x08004250                HAL_RCC_GetSysClockFreq
 .text.HAL_RCC_GetHCLKFreq
                0x080043d8       0x18 cmake/stm32cubemx/CMakeFiles/STM32_Drivers.dir/__/__/Drivers/STM32F4xx_HAL_Driver/Src/stm32f4xx_hal_rcc.c.obj
                0x080043d8                HAL_RCC_GetHCLKFreq
 .text.HAL_RCC_GetPCLK1Freq
                0x080043f0       0x28 cmake/stm32cubemx/CMakeFiles/STM32_Drivers.dir/__/__/Drivers/STM32F4xx_HAL_Driver/Src/stm32f4xx_hal_rcc.c.obj
                0x080043f0                HAL_RCC_GetPCLK1Freq
 .text.HAL_RCC_GetPCLK2Freq
                0x08004418       0x28 cmake/stm32cubemx/CMakeFiles/STM32_Drivers.dir/__/__/Drivers/STM32F4xx_HAL_Driver/Src/stm32f4xx_hal_rcc.c.obj
                0x08004418                HAL_RCC_GetPCLK2Freq
 .text.HAL_GPIO_Init
                0x08004440      0x338 cmake/stm32cubemx/CMakeFiles/STM32_Drivers.dir/__/__/Drivers/STM32F4xx_HAL_Driver/Src/stm32f4xx_hal_gpio.c.obj
                0x08004440                HAL_GPIO_Init
 .text.HAL_GPIO_WritePin
                0x08004778       0x32 cmake/stm32cubemx/CMakeFiles/STM32_Drivers.dir/__/__/Drivers/STM32F4xx_HAL_Driver/Src/stm32f4xx_hal_gpio.c.obj
                0x08004778                HAL_GPIO_WritePin
 *fill*         0x080047aa        0x2 
 .text.HAL_DMA_Init
                0x080047ac      0x15c cmake/stm32cubemx/CMakeFiles/STM32_Drivers.dir/__/__/Drivers/STM32F4xx_HAL_Driver/Src/stm32f4xx_hal_dma.c.obj
                0x080047ac                HAL_DMA_Init
 .text.HAL_DMA_Start_IT
                0x08004908       0xb0 cmake/stm32cubemx/CMakeFiles/STM32_Drivers.dir/__/__/Drivers/STM32F4xx_HAL_Driver/Src/stm32f4xx_hal_dma.c.obj
                0x08004908                HAL_DMA_Start_IT
 .text.HAL_DMA_Abort
                0x080049b8       0xe0 cmake/stm32cubemx/CMakeFiles/STM32_Drivers.dir/__/__/Drivers/STM32F4xx_HAL_Driver/Src/stm32f4xx_hal_dma.c.obj
                0x080049b8                HAL_DMA_Abort
 .text.HAL_DMA_Abort_IT
                0x08004a98       0x44 cmake/stm32cubemx/CMakeFiles/STM32_Drivers.dir/__/__/Drivers/STM32F4xx_HAL_Driver/Src/stm32f4xx_hal_dma.c.obj
                0x08004a98                HAL_DMA_Abort_IT
 .text.HAL_DMA_IRQHandler
                0x08004adc      0x314 cmake/stm32cubemx/CMakeFiles/STM32_Drivers.dir/__/__/Drivers/STM32F4xx_HAL_Driver/Src/stm32f4xx_hal_dma.c.obj
                0x08004adc                HAL_DMA_IRQHandler
 .text.DMA_SetConfig
                0x08004df0       0x5c cmake/stm32cubemx/CMakeFiles/STM32_Drivers.dir/__/__/Drivers/STM32F4xx_HAL_Driver/Src/stm32f4xx_hal_dma.c.obj
 .text.DMA_CalcBaseAndBitshift
                0x08004e4c       0x6c cmake/stm32cubemx/CMakeFiles/STM32_Drivers.dir/__/__/Drivers/STM32F4xx_HAL_Driver/Src/stm32f4xx_hal_dma.c.obj
 .text.DMA_CheckFifoParam
                0x08004eb8       0xf8 cmake/stm32cubemx/CMakeFiles/STM32_Drivers.dir/__/__/Drivers/STM32F4xx_HAL_Driver/Src/stm32f4xx_hal_dma.c.obj
 .text.__NVIC_SetPriorityGrouping
                0x08004fb0       0x48 cmake/stm32cubemx/CMakeFiles/STM32_Drivers.dir/__/__/Drivers/STM32F4xx_HAL_Driver/Src/stm32f4xx_hal_cortex.c.obj
 .text.__NVIC_GetPriorityGrouping
                0x08004ff8       0x1c cmake/stm32cubemx/CMakeFiles/STM32_Drivers.dir/__/__/Drivers/STM32F4xx_HAL_Driver/Src/stm32f4xx_hal_cortex.c.obj
 .text.__NVIC_EnableIRQ
                0x08005014       0x3c cmake/stm32cubemx/CMakeFiles/STM32_Drivers.dir/__/__/Drivers/STM32F4xx_HAL_Driver/Src/stm32f4xx_hal_cortex.c.obj
 .text.__NVIC_SetPriority
                0x08005050       0x54 cmake/stm32cubemx/CMakeFiles/STM32_Drivers.dir/__/__/Drivers/STM32F4xx_HAL_Driver/Src/stm32f4xx_hal_cortex.c.obj
 .text.NVIC_EncodePriority
                0x080050a4       0x66 cmake/stm32cubemx/CMakeFiles/STM32_Drivers.dir/__/__/Drivers/STM32F4xx_HAL_Driver/Src/stm32f4xx_hal_cortex.c.obj
 *fill*         0x0800510a        0x2 
 .text.SysTick_Config
                0x0800510c       0x44 cmake/stm32cubemx/CMakeFiles/STM32_Drivers.dir/__/__/Drivers/STM32F4xx_HAL_Driver/Src/stm32f4xx_hal_cortex.c.obj
 .text.HAL_NVIC_SetPriorityGrouping
                0x08005150       0x16 cmake/stm32cubemx/CMakeFiles/STM32_Drivers.dir/__/__/Drivers/STM32F4xx_HAL_Driver/Src/stm32f4xx_hal_cortex.c.obj
                0x08005150                HAL_NVIC_SetPriorityGrouping
 .text.HAL_NVIC_SetPriority
                0x08005166       0x38 cmake/stm32cubemx/CMakeFiles/STM32_Drivers.dir/__/__/Drivers/STM32F4xx_HAL_Driver/Src/stm32f4xx_hal_cortex.c.obj
                0x08005166                HAL_NVIC_SetPriority
 .text.HAL_NVIC_EnableIRQ
                0x0800519e       0x1c cmake/stm32cubemx/CMakeFiles/STM32_Drivers.dir/__/__/Drivers/STM32F4xx_HAL_Driver/Src/stm32f4xx_hal_cortex.c.obj
                0x0800519e                HAL_NVIC_EnableIRQ
 .text.HAL_SYSTICK_Config
                0x080051ba       0x18 cmake/stm32cubemx/CMakeFiles/STM32_Drivers.dir/__/__/Drivers/STM32F4xx_HAL_Driver/Src/stm32f4xx_hal_cortex.c.obj
                0x080051ba                HAL_SYSTICK_Config
 *fill*         0x080051d2        0x2 
 .text.HAL_Init
                0x080051d4       0x44 cmake/stm32cubemx/CMakeFiles/STM32_Drivers.dir/__/__/Drivers/STM32F4xx_HAL_Driver/Src/stm32f4xx_hal.c.obj
                0x080051d4                HAL_Init
 .text.HAL_InitTick
                0x08005218       0x60 cmake/stm32cubemx/CMakeFiles/STM32_Drivers.dir/__/__/Drivers/STM32F4xx_HAL_Driver/Src/stm32f4xx_hal.c.obj
                0x08005218                HAL_InitTick
 .text.HAL_IncTick
                0x08005278       0x28 cmake/stm32cubemx/CMakeFiles/STM32_Drivers.dir/__/__/Drivers/STM32F4xx_HAL_Driver/Src/stm32f4xx_hal.c.obj
                0x08005278                HAL_IncTick
 .text.HAL_GetTick
                0x080052a0       0x18 cmake/stm32cubemx/CMakeFiles/STM32_Drivers.dir/__/__/Drivers/STM32F4xx_HAL_Driver/Src/stm32f4xx_hal.c.obj
                0x080052a0                HAL_GetTick
 .text.HAL_Delay
                0x080052b8       0x48 cmake/stm32cubemx/CMakeFiles/STM32_Drivers.dir/__/__/Drivers/STM32F4xx_HAL_Driver/Src/stm32f4xx_hal.c.obj
                0x080052b8                HAL_Delay
 .text.HAL_TIM_Base_Init
                0x08005300       0x9e cmake/stm32cubemx/CMakeFiles/STM32_Drivers.dir/__/__/Drivers/STM32F4xx_HAL_Driver/Src/stm32f4xx_hal_tim.c.obj
                0x08005300                HAL_TIM_Base_Init
 *fill*         0x0800539e        0x2 
 .text.HAL_TIM_Base_Start_IT
                0x080053a0       0xe0 cmake/stm32cubemx/CMakeFiles/STM32_Drivers.dir/__/__/Drivers/STM32F4xx_HAL_Driver/Src/stm32f4xx_hal_tim.c.obj
                0x080053a0                HAL_TIM_Base_Start_IT
 .text.HAL_TIM_PWM_Init
                0x08005480       0x9e cmake/stm32cubemx/CMakeFiles/STM32_Drivers.dir/__/__/Drivers/STM32F4xx_HAL_Driver/Src/stm32f4xx_hal_tim.c.obj
                0x08005480                HAL_TIM_PWM_Init
 *fill*         0x0800551e        0x2 
 .text.HAL_TIM_PWM_Start
                0x08005520      0x190 cmake/stm32cubemx/CMakeFiles/STM32_Drivers.dir/__/__/Drivers/STM32F4xx_HAL_Driver/Src/stm32f4xx_hal_tim.c.obj
                0x08005520                HAL_TIM_PWM_Start
 .text.HAL_TIM_Encoder_Init
                0x080056b0      0x14c cmake/stm32cubemx/CMakeFiles/STM32_Drivers.dir/__/__/Drivers/STM32F4xx_HAL_Driver/Src/stm32f4xx_hal_tim.c.obj
                0x080056b0                HAL_TIM_Encoder_Init
 .text.HAL_TIM_Encoder_Start
                0x080057fc      0x11c cmake/stm32cubemx/CMakeFiles/STM32_Drivers.dir/__/__/Drivers/STM32F4xx_HAL_Driver/Src/stm32f4xx_hal_tim.c.obj
                0x080057fc                HAL_TIM_Encoder_Start
 .text.HAL_TIM_IRQHandler
                0x08005918      0x1e0 cmake/stm32cubemx/CMakeFiles/STM32_Drivers.dir/__/__/Drivers/STM32F4xx_HAL_Driver/Src/stm32f4xx_hal_tim.c.obj
                0x08005918                HAL_TIM_IRQHandler
 .text.HAL_TIM_PWM_ConfigChannel
                0x08005af8      0x184 cmake/stm32cubemx/CMakeFiles/STM32_Drivers.dir/__/__/Drivers/STM32F4xx_HAL_Driver/Src/stm32f4xx_hal_tim.c.obj
                0x08005af8                HAL_TIM_PWM_ConfigChannel
 .text.HAL_TIM_OC_DelayElapsedCallback
                0x08005c7c       0x14 cmake/stm32cubemx/CMakeFiles/STM32_Drivers.dir/__/__/Drivers/STM32F4xx_HAL_Driver/Src/stm32f4xx_hal_tim.c.obj
                0x08005c7c                HAL_TIM_OC_DelayElapsedCallback
 .text.HAL_TIM_IC_CaptureCallback
                0x08005c90       0x14 cmake/stm32cubemx/CMakeFiles/STM32_Drivers.dir/__/__/Drivers/STM32F4xx_HAL_Driver/Src/stm32f4xx_hal_tim.c.obj
                0x08005c90                HAL_TIM_IC_CaptureCallback
 .text.HAL_TIM_PWM_PulseFinishedCallback
                0x08005ca4       0x14 cmake/stm32cubemx/CMakeFiles/STM32_Drivers.dir/__/__/Drivers/STM32F4xx_HAL_Driver/Src/stm32f4xx_hal_tim.c.obj
                0x08005ca4                HAL_TIM_PWM_PulseFinishedCallback
 .text.HAL_TIM_TriggerCallback
                0x08005cb8       0x14 cmake/stm32cubemx/CMakeFiles/STM32_Drivers.dir/__/__/Drivers/STM32F4xx_HAL_Driver/Src/stm32f4xx_hal_tim.c.obj
                0x08005cb8                HAL_TIM_TriggerCallback
 .text.TIM_Base_SetConfig
                0x08005ccc      0x14c cmake/stm32cubemx/CMakeFiles/STM32_Drivers.dir/__/__/Drivers/STM32F4xx_HAL_Driver/Src/stm32f4xx_hal_tim.c.obj
                0x08005ccc                TIM_Base_SetConfig
 .text.TIM_OC1_SetConfig
                0x08005e18       0xe0 cmake/stm32cubemx/CMakeFiles/STM32_Drivers.dir/__/__/Drivers/STM32F4xx_HAL_Driver/Src/stm32f4xx_hal_tim.c.obj
 .text.TIM_OC2_SetConfig
                0x08005ef8       0xec cmake/stm32cubemx/CMakeFiles/STM32_Drivers.dir/__/__/Drivers/STM32F4xx_HAL_Driver/Src/stm32f4xx_hal_tim.c.obj
                0x08005ef8                TIM_OC2_SetConfig
 .text.TIM_OC3_SetConfig
                0x08005fe4       0xe8 cmake/stm32cubemx/CMakeFiles/STM32_Drivers.dir/__/__/Drivers/STM32F4xx_HAL_Driver/Src/stm32f4xx_hal_tim.c.obj
 .text.TIM_OC4_SetConfig
                0x080060cc       0xac cmake/stm32cubemx/CMakeFiles/STM32_Drivers.dir/__/__/Drivers/STM32F4xx_HAL_Driver/Src/stm32f4xx_hal_tim.c.obj
 .text.TIM_CCxChannelCmd
                0x08006178       0x4a cmake/stm32cubemx/CMakeFiles/STM32_Drivers.dir/__/__/Drivers/STM32F4xx_HAL_Driver/Src/stm32f4xx_hal_tim.c.obj
                0x08006178                TIM_CCxChannelCmd
 *fill*         0x080061c2        0x2 
 .text.HAL_TIMEx_MasterConfigSynchronization
                0x080061c4       0xf8 cmake/stm32cubemx/CMakeFiles/STM32_Drivers.dir/__/__/Drivers/STM32F4xx_HAL_Driver/Src/stm32f4xx_hal_tim_ex.c.obj
                0x080061c4                HAL_TIMEx_MasterConfigSynchronization
 .text.HAL_TIMEx_ConfigBreakDeadTime
                0x080062bc       0xa4 cmake/stm32cubemx/CMakeFiles/STM32_Drivers.dir/__/__/Drivers/STM32F4xx_HAL_Driver/Src/stm32f4xx_hal_tim_ex.c.obj
                0x080062bc                HAL_TIMEx_ConfigBreakDeadTime
 .text.HAL_TIMEx_CommutCallback
                0x08006360       0x14 cmake/stm32cubemx/CMakeFiles/STM32_Drivers.dir/__/__/Drivers/STM32F4xx_HAL_Driver/Src/stm32f4xx_hal_tim_ex.c.obj
                0x08006360                HAL_TIMEx_CommutCallback
 .text.HAL_TIMEx_BreakCallback
                0x08006374       0x14 cmake/stm32cubemx/CMakeFiles/STM32_Drivers.dir/__/__/Drivers/STM32F4xx_HAL_Driver/Src/stm32f4xx_hal_tim_ex.c.obj
                0x08006374                HAL_TIMEx_BreakCallback
 .text.HAL_UART_Init
                0x08006388       0xa0 cmake/stm32cubemx/CMakeFiles/STM32_Drivers.dir/__/__/Drivers/STM32F4xx_HAL_Driver/Src/stm32f4xx_hal_uart.c.obj
                0x08006388                HAL_UART_Init
 .text.HAL_UART_Receive_IT
                0x08006428       0x4a cmake/stm32cubemx/CMakeFiles/STM32_Drivers.dir/__/__/Drivers/STM32F4xx_HAL_Driver/Src/stm32f4xx_hal_uart.c.obj
                0x08006428                HAL_UART_Receive_IT
 .text.HAL_UART_Receive_DMA
                0x08006472       0x4a cmake/stm32cubemx/CMakeFiles/STM32_Drivers.dir/__/__/Drivers/STM32F4xx_HAL_Driver/Src/stm32f4xx_hal_uart.c.obj
                0x08006472                HAL_UART_Receive_DMA
 .text.HAL_UART_IRQHandler
                0x080064bc      0x554 cmake/stm32cubemx/CMakeFiles/STM32_Drivers.dir/__/__/Drivers/STM32F4xx_HAL_Driver/Src/stm32f4xx_hal_uart.c.obj
                0x080064bc                HAL_UART_IRQHandler
 .text.HAL_UART_TxCpltCallback
                0x08006a10       0x14 cmake/stm32cubemx/CMakeFiles/STM32_Drivers.dir/__/__/Drivers/STM32F4xx_HAL_Driver/Src/stm32f4xx_hal_uart.c.obj
                0x08006a10                HAL_UART_TxCpltCallback
 .text.HAL_UART_RxHalfCpltCallback
                0x08006a24       0x14 cmake/stm32cubemx/CMakeFiles/STM32_Drivers.dir/__/__/Drivers/STM32F4xx_HAL_Driver/Src/stm32f4xx_hal_uart.c.obj
                0x08006a24                HAL_UART_RxHalfCpltCallback
 .text.HAL_UART_ErrorCallback
                0x08006a38       0x14 cmake/stm32cubemx/CMakeFiles/STM32_Drivers.dir/__/__/Drivers/STM32F4xx_HAL_Driver/Src/stm32f4xx_hal_uart.c.obj
                0x08006a38                HAL_UART_ErrorCallback
 .text.HAL_UARTEx_RxEventCallback
                0x08006a4c       0x18 cmake/stm32cubemx/CMakeFiles/STM32_Drivers.dir/__/__/Drivers/STM32F4xx_HAL_Driver/Src/stm32f4xx_hal_uart.c.obj
                0x08006a4c                HAL_UARTEx_RxEventCallback
 .text.UART_DMAReceiveCplt
                0x08006a64      0x12c cmake/stm32cubemx/CMakeFiles/STM32_Drivers.dir/__/__/Drivers/STM32F4xx_HAL_Driver/Src/stm32f4xx_hal_uart.c.obj
 .text.UART_DMARxHalfCplt
                0x08006b90       0x3c cmake/stm32cubemx/CMakeFiles/STM32_Drivers.dir/__/__/Drivers/STM32F4xx_HAL_Driver/Src/stm32f4xx_hal_uart.c.obj
 .text.UART_DMAError
                0x08006bcc       0x94 cmake/stm32cubemx/CMakeFiles/STM32_Drivers.dir/__/__/Drivers/STM32F4xx_HAL_Driver/Src/stm32f4xx_hal_uart.c.obj
 .text.UART_Start_Receive_IT
                0x08006c60       0x74 cmake/stm32cubemx/CMakeFiles/STM32_Drivers.dir/__/__/Drivers/STM32F4xx_HAL_Driver/Src/stm32f4xx_hal_uart.c.obj
                0x08006c60                UART_Start_Receive_IT
 .text.UART_Start_Receive_DMA
                0x08006cd4      0x14c cmake/stm32cubemx/CMakeFiles/STM32_Drivers.dir/__/__/Drivers/STM32F4xx_HAL_Driver/Src/stm32f4xx_hal_uart.c.obj
                0x08006cd4                UART_Start_Receive_DMA
 .text.UART_EndTxTransfer
                0x08006e20       0x50 cmake/stm32cubemx/CMakeFiles/STM32_Drivers.dir/__/__/Drivers/STM32F4xx_HAL_Driver/Src/stm32f4xx_hal_uart.c.obj
 .text.UART_EndRxTransfer
                0x08006e70       0xc6 cmake/stm32cubemx/CMakeFiles/STM32_Drivers.dir/__/__/Drivers/STM32F4xx_HAL_Driver/Src/stm32f4xx_hal_uart.c.obj
 .text.UART_DMAAbortOnError
                0x08006f36       0x22 cmake/stm32cubemx/CMakeFiles/STM32_Drivers.dir/__/__/Drivers/STM32F4xx_HAL_Driver/Src/stm32f4xx_hal_uart.c.obj
 .text.UART_Transmit_IT
                0x08006f58       0xa0 cmake/stm32cubemx/CMakeFiles/STM32_Drivers.dir/__/__/Drivers/STM32F4xx_HAL_Driver/Src/stm32f4xx_hal_uart.c.obj
 .text.UART_EndTransmit_IT
                0x08006ff8       0x30 cmake/stm32cubemx/CMakeFiles/STM32_Drivers.dir/__/__/Drivers/STM32F4xx_HAL_Driver/Src/stm32f4xx_hal_uart.c.obj
 .text.UART_Receive_IT
                0x08007028      0x17c cmake/stm32cubemx/CMakeFiles/STM32_Drivers.dir/__/__/Drivers/STM32F4xx_HAL_Driver/Src/stm32f4xx_hal_uart.c.obj
 .text.UART_SetConfig
                0x080071a4      0x4e8 cmake/stm32cubemx/CMakeFiles/STM32_Drivers.dir/__/__/Drivers/STM32F4xx_HAL_Driver/Src/stm32f4xx_hal_uart.c.obj
 .text.cosf     0x0800768c       0x70 /opt/arm-gnu-toolchain-14.3.rel1-x86_64-arm-none-eabi/bin/../lib/gcc/arm-none-eabi/14.3.1/../../../../arm-none-eabi/lib/thumb/v7e-m+fp/hard/libm.a(libm_a-sf_cos.o)
                0x0800768c                cosf
 .text.sinf     0x080076fc       0x74 /opt/arm-gnu-toolchain-14.3.rel1-x86_64-arm-none-eabi/bin/../lib/gcc/arm-none-eabi/14.3.1/../../../../arm-none-eabi/lib/thumb/v7e-m+fp/hard/libm.a(libm_a-sf_sin.o)
                0x080076fc                sinf
 .text.__kernel_cosf
                0x08007770      0x104 /opt/arm-gnu-toolchain-14.3.rel1-x86_64-arm-none-eabi/bin/../lib/gcc/arm-none-eabi/14.3.1/../../../../arm-none-eabi/lib/thumb/v7e-m+fp/hard/libm.a(libm_a-kf_cos.o)
                0x08007770                __kernel_cosf
 .text.__kernel_sinf
                0x08007874       0x90 /opt/arm-gnu-toolchain-14.3.rel1-x86_64-arm-none-eabi/bin/../lib/gcc/arm-none-eabi/14.3.1/../../../../arm-none-eabi/lib/thumb/v7e-m+fp/hard/libm.a(libm_a-kf_sin.o)
                0x08007874                __kernel_sinf
 .text.__ieee754_rem_pio2f
                0x08007904      0x26c /opt/arm-gnu-toolchain-14.3.rel1-x86_64-arm-none-eabi/bin/../lib/gcc/arm-none-eabi/14.3.1/../../../../arm-none-eabi/lib/thumb/v7e-m+fp/hard/libm.a(libm_a-ef_rem_pio2.o)
                0x08007904                __ieee754_rem_pio2f
 .text.fabsf    0x08007b70       0x10 /opt/arm-gnu-toolchain-14.3.rel1-x86_64-arm-none-eabi/bin/../lib/gcc/arm-none-eabi/14.3.1/../../../../arm-none-eabi/lib/thumb/v7e-m+fp/hard/libm.a(libm_a-sf_fabs.o)
                0x08007b70                fabsf
 .text.__kernel_rem_pio2f
                0x08007b80      0x68c /opt/arm-gnu-toolchain-14.3.rel1-x86_64-arm-none-eabi/bin/../lib/gcc/arm-none-eabi/14.3.1/../../../../arm-none-eabi/lib/thumb/v7e-m+fp/hard/libm.a(libm_a-kf_rem_pio2.o)
                0x08007b80                __kernel_rem_pio2f
 .text.scalbnf  0x0800820c       0xdc /opt/arm-gnu-toolchain-14.3.rel1-x86_64-arm-none-eabi/bin/../lib/gcc/arm-none-eabi/14.3.1/../../../../arm-none-eabi/lib/thumb/v7e-m+fp/hard/libm.a(libm_a-sf_scalbn.o)
                0x0800820c                scalbnf
 .text.floorf   0x080082e8       0x94 /opt/arm-gnu-toolchain-14.3.rel1-x86_64-arm-none-eabi/bin/../lib/gcc/arm-none-eabi/14.3.1/../../../../arm-none-eabi/lib/thumb/v7e-m+fp/hard/libm.a(libm_a-sf_floor.o)
                0x080082e8                floorf
 .text.__udivmoddi4
                0x0800837c      0x2f8 /opt/arm-gnu-toolchain-14.3.rel1-x86_64-arm-none-eabi/bin/../lib/gcc/arm-none-eabi/14.3.1/thumb/v7e-m+fp/hard/libgcc.a(_udivmoddi4.o)
                0x0800837c                __udivmoddi4
 .text.std      0x08008674       0x6c /opt/arm-gnu-toolchain-14.3.rel1-x86_64-arm-none-eabi/bin/../lib/gcc/arm-none-eabi/14.3.1/../../../../arm-none-eabi/lib/thumb/v7e-m+fp/hard/libg_nano.a(libc_a-findfp.o)
 .text.stdio_exit_handler
                0x080086e0       0x18 /opt/arm-gnu-toolchain-14.3.rel1-x86_64-arm-none-eabi/bin/../lib/gcc/arm-none-eabi/14.3.1/../../../../arm-none-eabi/lib/thumb/v7e-m+fp/hard/libg_nano.a(libc_a-findfp.o)
 .text.cleanup_stdio
                0x080086f8       0x40 /opt/arm-gnu-toolchain-14.3.rel1-x86_64-arm-none-eabi/bin/../lib/gcc/arm-none-eabi/14.3.1/../../../../arm-none-eabi/lib/thumb/v7e-m+fp/hard/libg_nano.a(libc_a-findfp.o)
 .text.global_stdio_init.part.0
                0x08008738       0x40 /opt/arm-gnu-toolchain-14.3.rel1-x86_64-arm-none-eabi/bin/../lib/gcc/arm-none-eabi/14.3.1/../../../../arm-none-eabi/lib/thumb/v7e-m+fp/hard/libg_nano.a(libc_a-findfp.o)
 .text.__sfp_lock_acquire
                0x08008778        0xc /opt/arm-gnu-toolchain-14.3.rel1-x86_64-arm-none-eabi/bin/../lib/gcc/arm-none-eabi/14.3.1/../../../../arm-none-eabi/lib/thumb/v7e-m+fp/hard/libg_nano.a(libc_a-findfp.o)
                0x08008778                __sfp_lock_acquire
 .text.__sfp_lock_release
                0x08008784        0xc /opt/arm-gnu-toolchain-14.3.rel1-x86_64-arm-none-eabi/bin/../lib/gcc/arm-none-eabi/14.3.1/../../../../arm-none-eabi/lib/thumb/v7e-m+fp/hard/libg_nano.a(libc_a-findfp.o)
                0x08008784                __sfp_lock_release
 .text.__sinit  0x08008790       0x30 /opt/arm-gnu-toolchain-14.3.rel1-x86_64-arm-none-eabi/bin/../lib/gcc/arm-none-eabi/14.3.1/../../../../arm-none-eabi/lib/thumb/v7e-m+fp/hard/libg_nano.a(libc_a-findfp.o)
                0x08008790                __sinit
 .text._fwalk_sglue
                0x080087c0       0x3c /opt/arm-gnu-toolchain-14.3.rel1-x86_64-arm-none-eabi/bin/../lib/gcc/arm-none-eabi/14.3.1/../../../../arm-none-eabi/lib/thumb/v7e-m+fp/hard/libg_nano.a(libc_a-fwalk.o)
                0x080087c0                _fwalk_sglue
 .text._puts_r  0x080087fc       0xaa /opt/arm-gnu-toolchain-14.3.rel1-x86_64-arm-none-eabi/bin/../lib/gcc/arm-none-eabi/14.3.1/../../../../arm-none-eabi/lib/thumb/v7e-m+fp/hard/libg_nano.a(libc_a-puts.o)
                0x080087fc                _puts_r
 *fill*         0x080088a6        0x2 
 .text.puts     0x080088a8       0x10 /opt/arm-gnu-toolchain-14.3.rel1-x86_64-arm-none-eabi/bin/../lib/gcc/arm-none-eabi/14.3.1/../../../../arm-none-eabi/lib/thumb/v7e-m+fp/hard/libg_nano.a(libc_a-puts.o)
                0x080088a8                puts
 .text.__sread  0x080088b8       0x22 /opt/arm-gnu-toolchain-14.3.rel1-x86_64-arm-none-eabi/bin/../lib/gcc/arm-none-eabi/14.3.1/../../../../arm-none-eabi/lib/thumb/v7e-m+fp/hard/libg_nano.a(libc_a-stdio.o)
                0x080088b8                __sread
 .text.__swrite
                0x080088da       0x38 /opt/arm-gnu-toolchain-14.3.rel1-x86_64-arm-none-eabi/bin/../lib/gcc/arm-none-eabi/14.3.1/../../../../arm-none-eabi/lib/thumb/v7e-m+fp/hard/libg_nano.a(libc_a-stdio.o)
                0x080088da                __swrite
 .text.__sseek  0x08008912       0x26 /opt/arm-gnu-toolchain-14.3.rel1-x86_64-arm-none-eabi/bin/../lib/gcc/arm-none-eabi/14.3.1/../../../../arm-none-eabi/lib/thumb/v7e-m+fp/hard/libg_nano.a(libc_a-stdio.o)
                0x08008912                __sseek
 .text.__sclose
                0x08008938        0x8 /opt/arm-gnu-toolchain-14.3.rel1-x86_64-arm-none-eabi/bin/../lib/gcc/arm-none-eabi/14.3.1/../../../../arm-none-eabi/lib/thumb/v7e-m+fp/hard/libg_nano.a(libc_a-stdio.o)
                0x08008938                __sclose
 .text.__swbuf_r
                0x08008940       0x7c /opt/arm-gnu-toolchain-14.3.rel1-x86_64-arm-none-eabi/bin/../lib/gcc/arm-none-eabi/14.3.1/../../../../arm-none-eabi/lib/thumb/v7e-m+fp/hard/libg_nano.a(libc_a-wbuf.o)
                0x08008940                __swbuf_r
 .text.__swsetup_r
                0x080089bc       0xa8 /opt/arm-gnu-toolchain-14.3.rel1-x86_64-arm-none-eabi/bin/../lib/gcc/arm-none-eabi/14.3.1/../../../../arm-none-eabi/lib/thumb/v7e-m+fp/hard/libg_nano.a(libc_a-wsetup.o)
                0x080089bc                __swsetup_r
 .text.memset   0x08008a64       0x10 /opt/arm-gnu-toolchain-14.3.rel1-x86_64-arm-none-eabi/bin/../lib/gcc/arm-none-eabi/14.3.1/../../../../arm-none-eabi/lib/thumb/v7e-m+fp/hard/libg_nano.a(libc_a-memset.o)
                0x08008a64                memset
 .text._close_r
                0x08008a74       0x20 /opt/arm-gnu-toolchain-14.3.rel1-x86_64-arm-none-eabi/bin/../lib/gcc/arm-none-eabi/14.3.1/../../../../arm-none-eabi/lib/thumb/v7e-m+fp/hard/libg_nano.a(libc_a-closer.o)
                0x08008a74                _close_r
 .text._lseek_r
                0x08008a94       0x24 /opt/arm-gnu-toolchain-14.3.rel1-x86_64-arm-none-eabi/bin/../lib/gcc/arm-none-eabi/14.3.1/../../../../arm-none-eabi/lib/thumb/v7e-m+fp/hard/libg_nano.a(libc_a-lseekr.o)
                0x08008a94                _lseek_r
 .text._read_r  0x08008ab8       0x24 /opt/arm-gnu-toolchain-14.3.rel1-x86_64-arm-none-eabi/bin/../lib/gcc/arm-none-eabi/14.3.1/../../../../arm-none-eabi/lib/thumb/v7e-m+fp/hard/libg_nano.a(libc_a-readr.o)
                0x08008ab8                _read_r
 .text._write_r
                0x08008adc       0x24 /opt/arm-gnu-toolchain-14.3.rel1-x86_64-arm-none-eabi/bin/../lib/gcc/arm-none-eabi/14.3.1/../../../../arm-none-eabi/lib/thumb/v7e-m+fp/hard/libg_nano.a(libc_a-writer.o)
                0x08008adc                _write_r
 .text.__errno  0x08008b00        0xc /opt/arm-gnu-toolchain-14.3.rel1-x86_64-arm-none-eabi/bin/../lib/gcc/arm-none-eabi/14.3.1/../../../../arm-none-eabi/lib/thumb/v7e-m+fp/hard/libg_nano.a(libc_a-errno.o)
                0x08008b00                __errno
 .text.__libc_init_array
                0x08008b0c       0x48 /opt/arm-gnu-toolchain-14.3.rel1-x86_64-arm-none-eabi/bin/../lib/gcc/arm-none-eabi/14.3.1/../../../../arm-none-eabi/lib/thumb/v7e-m+fp/hard/libg_nano.a(libc_a-init.o)
                0x08008b0c                __libc_init_array
 .text.__retarget_lock_init_recursive
                0x08008b54        0x2 /opt/arm-gnu-toolchain-14.3.rel1-x86_64-arm-none-eabi/bin/../lib/gcc/arm-none-eabi/14.3.1/../../../../arm-none-eabi/lib/thumb/v7e-m+fp/hard/libg_nano.a(libc_a-lock.o)
                0x08008b54                __retarget_lock_init_recursive
 .text.__retarget_lock_acquire_recursive
                0x08008b56        0x2 /opt/arm-gnu-toolchain-14.3.rel1-x86_64-arm-none-eabi/bin/../lib/gcc/arm-none-eabi/14.3.1/../../../../arm-none-eabi/lib/thumb/v7e-m+fp/hard/libg_nano.a(libc_a-lock.o)
                0x08008b56                __retarget_lock_acquire_recursive
 .text.__retarget_lock_release_recursive
                0x08008b58        0x2 /opt/arm-gnu-toolchain-14.3.rel1-x86_64-arm-none-eabi/bin/../lib/gcc/arm-none-eabi/14.3.1/../../../../arm-none-eabi/lib/thumb/v7e-m+fp/hard/libg_nano.a(libc_a-lock.o)
                0x08008b58                __retarget_lock_release_recursive
 *fill*         0x08008b5a        0x2 
 .text._free_r  0x08008b5c       0x94 /opt/arm-gnu-toolchain-14.3.rel1-x86_64-arm-none-eabi/bin/../lib/gcc/arm-none-eabi/14.3.1/../../../../arm-none-eabi/lib/thumb/v7e-m+fp/hard/libg_nano.a(libc_a-freer.o)
                0x08008b5c                _free_r
 .text.sbrk_aligned
                0x08008bf0       0x44 /opt/arm-gnu-toolchain-14.3.rel1-x86_64-arm-none-eabi/bin/../lib/gcc/arm-none-eabi/14.3.1/../../../../arm-none-eabi/lib/thumb/v7e-m+fp/hard/libg_nano.a(libc_a-mallocr.o)
 .text._malloc_r
                0x08008c34      0x100 /opt/arm-gnu-toolchain-14.3.rel1-x86_64-arm-none-eabi/bin/../lib/gcc/arm-none-eabi/14.3.1/../../../../arm-none-eabi/lib/thumb/v7e-m+fp/hard/libg_nano.a(libc_a-mallocr.o)
                0x08008c34                _malloc_r
 .text.__malloc_lock
                0x08008d34        0xc /opt/arm-gnu-toolchain-14.3.rel1-x86_64-arm-none-eabi/bin/../lib/gcc/arm-none-eabi/14.3.1/../../../../arm-none-eabi/lib/thumb/v7e-m+fp/hard/libg_nano.a(libc_a-mlock.o)
                0x08008d34                __malloc_lock
 .text.__malloc_unlock
                0x08008d40        0xc /opt/arm-gnu-toolchain-14.3.rel1-x86_64-arm-none-eabi/bin/../lib/gcc/arm-none-eabi/14.3.1/../../../../arm-none-eabi/lib/thumb/v7e-m+fp/hard/libg_nano.a(libc_a-mlock.o)
                0x08008d40                __malloc_unlock
 .text.__sflush_r
                0x08008d4c      0x104 /opt/arm-gnu-toolchain-14.3.rel1-x86_64-arm-none-eabi/bin/../lib/gcc/arm-none-eabi/14.3.1/../../../../arm-none-eabi/lib/thumb/v7e-m+fp/hard/libg_nano.a(libc_a-fflush.o)
                0x08008d4c                __sflush_r
 .text._fflush_r
                0x08008e50       0x50 /opt/arm-gnu-toolchain-14.3.rel1-x86_64-arm-none-eabi/bin/../lib/gcc/arm-none-eabi/14.3.1/../../../../arm-none-eabi/lib/thumb/v7e-m+fp/hard/libg_nano.a(libc_a-fflush.o)
                0x08008e50                _fflush_r
 .text.__swhatbuf_r
                0x08008ea0       0x48 /opt/arm-gnu-toolchain-14.3.rel1-x86_64-arm-none-eabi/bin/../lib/gcc/arm-none-eabi/14.3.1/../../../../arm-none-eabi/lib/thumb/v7e-m+fp/hard/libg_nano.a(libc_a-makebuf.o)
                0x08008ea0                __swhatbuf_r
 .text.__smakebuf_r
                0x08008ee8       0x72 /opt/arm-gnu-toolchain-14.3.rel1-x86_64-arm-none-eabi/bin/../lib/gcc/arm-none-eabi/14.3.1/../../../../arm-none-eabi/lib/thumb/v7e-m+fp/hard/libg_nano.a(libc_a-makebuf.o)
                0x08008ee8                __smakebuf_r
 *fill*         0x08008f5a        0x2 
 .text._fstat_r
                0x08008f5c       0x24 /opt/arm-gnu-toolchain-14.3.rel1-x86_64-arm-none-eabi/bin/../lib/gcc/arm-none-eabi/14.3.1/../../../../arm-none-eabi/lib/thumb/v7e-m+fp/hard/libg_nano.a(libc_a-fstatr.o)
                0x08008f5c                _fstat_r
 .text._isatty_r
                0x08008f80       0x20 /opt/arm-gnu-toolchain-14.3.rel1-x86_64-arm-none-eabi/bin/../lib/gcc/arm-none-eabi/14.3.1/../../../../arm-none-eabi/lib/thumb/v7e-m+fp/hard/libg_nano.a(libc_a-isattyr.o)
                0x08008f80                _isatty_r
 .text._sbrk_r  0x08008fa0       0x20 /opt/arm-gnu-toolchain-14.3.rel1-x86_64-arm-none-eabi/bin/../lib/gcc/arm-none-eabi/14.3.1/../../../../arm-none-eabi/lib/thumb/v7e-m+fp/hard/libg_nano.a(libc_a-sbrkr.o)
                0x08008fa0                _sbrk_r
 *(.glue_7)
 .glue_7        0x08008fc0        0x0 linker stubs
 *(.glue_7t)
 .glue_7t       0x08008fc0        0x0 linker stubs
 *(.eh_frame)
 .eh_frame      0x08008fc0        0x0 /opt/arm-gnu-toolchain-14.3.rel1-x86_64-arm-none-eabi/bin/../lib/gcc/arm-none-eabi/14.3.1/thumb/v7e-m+fp/hard/crtbegin.o
 *(.init)
 .init          0x08008fc0        0x4 /opt/arm-gnu-toolchain-14.3.rel1-x86_64-arm-none-eabi/bin/../lib/gcc/arm-none-eabi/14.3.1/thumb/v7e-m+fp/hard/crti.o
                0x08008fc0                _init
 .init          0x08008fc4        0x8 /opt/arm-gnu-toolchain-14.3.rel1-x86_64-arm-none-eabi/bin/../lib/gcc/arm-none-eabi/14.3.1/thumb/v7e-m+fp/hard/crtn.o
 *(.fini)
 .fini          0x08008fcc        0x4 /opt/arm-gnu-toolchain-14.3.rel1-x86_64-arm-none-eabi/bin/../lib/gcc/arm-none-eabi/14.3.1/thumb/v7e-m+fp/hard/crti.o
                0x08008fcc                _fini
 .fini          0x08008fd0        0x8 /opt/arm-gnu-toolchain-14.3.rel1-x86_64-arm-none-eabi/bin/../lib/gcc/arm-none-eabi/14.3.1/thumb/v7e-m+fp/hard/crtn.o
                0x08008fd8                        . = ALIGN (0x4)
                0x08008fd8                        _etext = .

.vfp11_veneer   0x08008fd8        0x0
 .vfp11_veneer  0x08008fd8        0x0 linker stubs

.v4_bx          0x08008fd8        0x0
 .v4_bx         0x08008fd8        0x0 linker stubs

.iplt           0x08008fd8        0x0
 .iplt          0x08008fd8        0x0 /opt/arm-gnu-toolchain-14.3.rel1-x86_64-arm-none-eabi/bin/../lib/gcc/arm-none-eabi/14.3.1/thumb/v7e-m+fp/hard/crtbegin.o

.rodata         0x08008fd8      0xda4
                0x08008fd8                        . = ALIGN (0x4)
 *(.rodata)
 .rodata        0x08008fd8      0x89a CMakeFiles/SUPERCAR_STM32F407ZGT6.dir/User/Src/init.c.obj
 *fill*         0x08009872        0x2 
 .rodata        0x08009874       0xf6 CMakeFiles/SUPERCAR_STM32F407ZGT6.dir/User/Src/light.c.obj
 *fill*         0x0800996a        0x2 
 .rodata        0x0800996c       0x1d CMakeFiles/SUPERCAR_STM32F407ZGT6.dir/User/Src/position_control.c.obj
 *(.rodata*)
 *fill*         0x08009989        0x3 
 .rodata.AHBPrescTable
                0x0800998c       0x10 cmake/stm32cubemx/CMakeFiles/STM32_Drivers.dir/__/__/Core/Src/system_stm32f4xx.c.obj
                0x0800998c                AHBPrescTable
 .rodata.APBPrescTable
                0x0800999c        0x8 cmake/stm32cubemx/CMakeFiles/STM32_Drivers.dir/__/__/Core/Src/system_stm32f4xx.c.obj
                0x0800999c                APBPrescTable
 .rodata.flagBitshiftOffset.0
                0x080099a4        0x8 cmake/stm32cubemx/CMakeFiles/STM32_Drivers.dir/__/__/Drivers/STM32F4xx_HAL_Driver/Src/stm32f4xx_hal_dma.c.obj
 .rodata.npio2_hw
                0x080099ac       0x80 /opt/arm-gnu-toolchain-14.3.rel1-x86_64-arm-none-eabi/bin/../lib/gcc/arm-none-eabi/14.3.1/../../../../arm-none-eabi/lib/thumb/v7e-m+fp/hard/libm.a(libm_a-ef_rem_pio2.o)
 .rodata.two_over_pi
                0x08009a2c      0x318 /opt/arm-gnu-toolchain-14.3.rel1-x86_64-arm-none-eabi/bin/../lib/gcc/arm-none-eabi/14.3.1/../../../../arm-none-eabi/lib/thumb/v7e-m+fp/hard/libm.a(libm_a-ef_rem_pio2.o)
 .rodata.PIo2   0x08009d44       0x2c /opt/arm-gnu-toolchain-14.3.rel1-x86_64-arm-none-eabi/bin/../lib/gcc/arm-none-eabi/14.3.1/../../../../arm-none-eabi/lib/thumb/v7e-m+fp/hard/libm.a(libm_a-kf_rem_pio2.o)
 .rodata.init_jk
                0x08009d70        0xc /opt/arm-gnu-toolchain-14.3.rel1-x86_64-arm-none-eabi/bin/../lib/gcc/arm-none-eabi/14.3.1/../../../../arm-none-eabi/lib/thumb/v7e-m+fp/hard/libm.a(libm_a-kf_rem_pio2.o)
                0x08009d7c                        . = ALIGN (0x4)

.ARM.extab      0x08009d7c        0x0
                0x08009d7c                        . = ALIGN (0x4)
 *(.ARM.extab* .gnu.linkonce.armextab.*)
                0x08009d7c                        . = ALIGN (0x4)

.ARM            0x08009d7c        0x8
                0x08009d7c                        . = ALIGN (0x4)
                0x08009d7c                        __exidx_start = .
 *(.ARM.exidx*)
 .ARM.exidx.text.__udivmoddi4
                0x08009d7c        0x8 /opt/arm-gnu-toolchain-14.3.rel1-x86_64-arm-none-eabi/bin/../lib/gcc/arm-none-eabi/14.3.1/thumb/v7e-m+fp/hard/libgcc.a(_udivmoddi4.o)
                0x08009d84                        __exidx_end = .
                0x08009d84                        . = ALIGN (0x4)

.preinit_array  0x08009d84        0x0
                0x08009d84                        . = ALIGN (0x4)
                0x08009d84                        PROVIDE (__preinit_array_start = .)
 *(.preinit_array*)
                0x08009d84                        PROVIDE (__preinit_array_end = .)
                0x08009d84                        . = ALIGN (0x4)

.init_array     0x08009d84        0x4
                0x08009d84                        . = ALIGN (0x4)
                0x08009d84                        PROVIDE (__init_array_start = .)
 *(SORT_BY_NAME(.init_array.*))
 *(.init_array*)
 .init_array    0x08009d84        0x4 /opt/arm-gnu-toolchain-14.3.rel1-x86_64-arm-none-eabi/bin/../lib/gcc/arm-none-eabi/14.3.1/thumb/v7e-m+fp/hard/crtbegin.o
                0x08009d88                        PROVIDE (__init_array_end = .)
                0x08009d88                        . = ALIGN (0x4)

.fini_array     0x08009d88        0x4
                0x08009d88                        . = ALIGN (0x4)
                [!provide]                        PROVIDE (__fini_array_start = .)
 *(SORT_BY_NAME(.fini_array.*))
 *(.fini_array*)
 .fini_array    0x08009d88        0x4 /opt/arm-gnu-toolchain-14.3.rel1-x86_64-arm-none-eabi/bin/../lib/gcc/arm-none-eabi/14.3.1/thumb/v7e-m+fp/hard/crtbegin.o
                [!provide]                        PROVIDE (__fini_array_end = .)
                0x08009d8c                        . = ALIGN (0x4)
                0x08009d8c                        _siccmram = LOADADDR (.ccmram)

.rel.dyn        0x08009d8c        0x0
 .rel.iplt      0x08009d8c        0x0 /opt/arm-gnu-toolchain-14.3.rel1-x86_64-arm-none-eabi/bin/../lib/gcc/arm-none-eabi/14.3.1/thumb/v7e-m+fp/hard/crtbegin.o

.ccmram         0x10000000        0x0 load address 0x08009d8c
                0x10000000                        . = ALIGN (0x4)
                0x10000000                        _sccmram = .
 *(.ccmram)
 *(.ccmram*)
                0x10000000                        . = ALIGN (0x4)
                0x10000000                        _eccmram = .
                0x08009d8c                        _sidata = LOADADDR (.data)

.data           0x20000000       0x68 load address 0x08009d8c
                0x20000000                        . = ALIGN (0x4)
                0x20000000                        _sdata = .
 *(.data)
 *(.data*)
 .data.SystemCoreClock
                0x20000000        0x4 cmake/stm32cubemx/CMakeFiles/STM32_Drivers.dir/__/__/Core/Src/system_stm32f4xx.c.obj
                0x20000000                SystemCoreClock
 .data.uwTickPrio
                0x20000004        0x4 cmake/stm32cubemx/CMakeFiles/STM32_Drivers.dir/__/__/Drivers/STM32F4xx_HAL_Driver/Src/stm32f4xx_hal.c.obj
                0x20000004                uwTickPrio
 .data.uwTickFreq
                0x20000008        0x1 cmake/stm32cubemx/CMakeFiles/STM32_Drivers.dir/__/__/Drivers/STM32F4xx_HAL_Driver/Src/stm32f4xx_hal.c.obj
                0x20000008                uwTickFreq
 *fill*         0x20000009        0x3 
 .data.__sglue  0x2000000c        0xc /opt/arm-gnu-toolchain-14.3.rel1-x86_64-arm-none-eabi/bin/../lib/gcc/arm-none-eabi/14.3.1/../../../../arm-none-eabi/lib/thumb/v7e-m+fp/hard/libg_nano.a(libc_a-findfp.o)
                0x2000000c                __sglue
 .data._impure_ptr
                0x20000018        0x4 /opt/arm-gnu-toolchain-14.3.rel1-x86_64-arm-none-eabi/bin/../lib/gcc/arm-none-eabi/14.3.1/../../../../arm-none-eabi/lib/thumb/v7e-m+fp/hard/libg_nano.a(libc_a-impure.o)
                0x20000018                _impure_ptr
 .data._impure_data
                0x2000001c       0x4c /opt/arm-gnu-toolchain-14.3.rel1-x86_64-arm-none-eabi/bin/../lib/gcc/arm-none-eabi/14.3.1/../../../../arm-none-eabi/lib/thumb/v7e-m+fp/hard/libg_nano.a(libc_a-impure.o)
                0x2000001c                _impure_data
 *(.RamFunc)
 *(.RamFunc*)
                0x20000068                        . = ALIGN (0x4)

.tm_clone_table
                0x20000068        0x0 load address 0x08009df4
 .tm_clone_table
                0x20000068        0x0 /opt/arm-gnu-toolchain-14.3.rel1-x86_64-arm-none-eabi/bin/../lib/gcc/arm-none-eabi/14.3.1/thumb/v7e-m+fp/hard/crtbegin.o
 .tm_clone_table
                0x20000068        0x0 /opt/arm-gnu-toolchain-14.3.rel1-x86_64-arm-none-eabi/bin/../lib/gcc/arm-none-eabi/14.3.1/thumb/v7e-m+fp/hard/crtend.o

.igot.plt       0x20000068        0x0 load address 0x08009df4
 .igot.plt      0x20000068        0x0 /opt/arm-gnu-toolchain-14.3.rel1-x86_64-arm-none-eabi/bin/../lib/gcc/arm-none-eabi/14.3.1/thumb/v7e-m+fp/hard/crtbegin.o

.tdata          0x20000068        0x0 load address 0x08009df4
 *(.tdata .tdata.* .gnu.linkonce.td.*)
                0x20000068                        . = ALIGN (0x4)
                0x20000068                        _edata = .
                [!provide]                        PROVIDE (__data_end = .)
                [!provide]                        PROVIDE (__tdata_end = .)
                [!provide]                        PROVIDE (__tdata_start = ADDR (.tdata))
                [!provide]                        PROVIDE (__tdata_size = (__tdata_end - __tdata_start))
                [!provide]                        PROVIDE (__data_start = ADDR (.data))
                [!provide]                        PROVIDE (__data_size = (__data_end - __data_start))
                [!provide]                        PROVIDE (__tdata_source = LOADADDR (.tdata))
                [!provide]                        PROVIDE (__tdata_source_end = (LOADADDR (.tdata) + SIZEOF (.tdata)))
                [!provide]                        PROVIDE (__tdata_source_size = (__tdata_source_end - __tdata_source))
                [!provide]                        PROVIDE (__data_source = LOADADDR (.data))
                [!provide]                        PROVIDE (__data_source_end = __tdata_source_end)
                [!provide]                        PROVIDE (__data_source_size = (__data_source_end - __data_source))

.tbss           0x20000068        0x0 load address 0x08009df4
                0x20000068                        _sbss = .
                0x20000068                        __bss_start__ = _sbss
 *(.tbss .tbss.*)
                0x20000068                        . = ALIGN (0x4)
                [!provide]                        PROVIDE (__tbss_end = .)
                [!provide]                        PROVIDE (__tbss_start = ADDR (.tbss))
                [!provide]                        PROVIDE (__tbss_size = (__tbss_end - __tbss_start))
                [!provide]                        PROVIDE (__tbss_offset = (ADDR (.tbss) - ADDR (.tdata)))
                [!provide]                        PROVIDE (__tls_base = __tdata_start)
                [!provide]                        PROVIDE (__tls_end = __tbss_end)
                [!provide]                        PROVIDE (__tls_size = (__tls_end - __tls_base))
                [!provide]                        PROVIDE (__tls_align = MAX (ALIGNOF (.tdata), ALIGNOF (.tbss)))
                [!provide]                        PROVIDE (__tls_size_align = (((__tls_size + __tls_align) - 0x1) & ~ ((__tls_align - 0x1))))
                [!provide]                        PROVIDE (__arm32_tls_tcb_offset = MAX (0x8, __tls_align))
                [!provide]                        PROVIDE (__arm64_tls_tcb_offset = MAX (0x10, __tls_align))

.bss            0x20000068      0x918 load address 0x08009df4
 *(.bss)
 *(.bss*)
 .bss.completed.1
                0x20000068        0x1 /opt/arm-gnu-toolchain-14.3.rel1-x86_64-arm-none-eabi/bin/../lib/gcc/arm-none-eabi/14.3.1/thumb/v7e-m+fp/hard/crtbegin.o
 *fill*         0x20000069        0x3 
 .bss.object.0  0x2000006c       0x18 /opt/arm-gnu-toolchain-14.3.rel1-x86_64-arm-none-eabi/bin/../lib/gcc/arm-none-eabi/14.3.1/thumb/v7e-m+fp/hard/crtbegin.o
 .bss.hcan1     0x20000084       0x28 CMakeFiles/SUPERCAR_STM32F407ZGT6.dir/Core/Src/can.c.obj
                0x20000084                hcan1
 .bss.htim1     0x200000ac       0x48 CMakeFiles/SUPERCAR_STM32F407ZGT6.dir/Core/Src/tim.c.obj
                0x200000ac                htim1
 .bss.htim2     0x200000f4       0x48 CMakeFiles/SUPERCAR_STM32F407ZGT6.dir/Core/Src/tim.c.obj
                0x200000f4                htim2
 .bss.htim3     0x2000013c       0x48 CMakeFiles/SUPERCAR_STM32F407ZGT6.dir/Core/Src/tim.c.obj
                0x2000013c                htim3
 .bss.htim4     0x20000184       0x48 CMakeFiles/SUPERCAR_STM32F407ZGT6.dir/Core/Src/tim.c.obj
                0x20000184                htim4
 .bss.htim5     0x200001cc       0x48 CMakeFiles/SUPERCAR_STM32F407ZGT6.dir/Core/Src/tim.c.obj
                0x200001cc                htim5
 .bss.htim6     0x20000214       0x48 CMakeFiles/SUPERCAR_STM32F407ZGT6.dir/Core/Src/tim.c.obj
                0x20000214                htim6
 .bss.htim8     0x2000025c       0x48 CMakeFiles/SUPERCAR_STM32F407ZGT6.dir/Core/Src/tim.c.obj
                0x2000025c                htim8
 .bss.htim10    0x200002a4       0x48 CMakeFiles/SUPERCAR_STM32F407ZGT6.dir/Core/Src/tim.c.obj
                0x200002a4                htim10
 .bss.huart1    0x200002ec       0x48 CMakeFiles/SUPERCAR_STM32F407ZGT6.dir/Core/Src/usart.c.obj
                0x200002ec                huart1
 .bss.huart2    0x20000334       0x48 CMakeFiles/SUPERCAR_STM32F407ZGT6.dir/Core/Src/usart.c.obj
                0x20000334                huart2
 .bss.huart3    0x2000037c       0x48 CMakeFiles/SUPERCAR_STM32F407ZGT6.dir/Core/Src/usart.c.obj
                0x2000037c                huart3
 .bss.huart6    0x200003c4       0x48 CMakeFiles/SUPERCAR_STM32F407ZGT6.dir/Core/Src/usart.c.obj
                0x200003c4                huart6
 .bss.hdma_usart3_rx
                0x2000040c       0x60 CMakeFiles/SUPERCAR_STM32F407ZGT6.dir/Core/Src/usart.c.obj
                0x2000040c                hdma_usart3_rx
 .bss.__sbrk_heap_end
                0x2000046c        0x4 CMakeFiles/SUPERCAR_STM32F407ZGT6.dir/Core/Src/sysmem.c.obj
 .bss.encoder_  0x20000470       0x38 CMakeFiles/SUPERCAR_STM32F407ZGT6.dir/User/Src/init.c.obj
                0x20000470                encoder_
 .bss.motor_    0x200004a8       0x40 CMakeFiles/SUPERCAR_STM32F407ZGT6.dir/User/Src/init.c.obj
                0x200004a8                motor_
 .bss.encoder_odom_
                0x200004e8       0x38 CMakeFiles/SUPERCAR_STM32F407ZGT6.dir/User/Src/init.c.obj
                0x200004e8                encoder_odom_
 .bss.lf_pid    0x20000520       0x34 CMakeFiles/SUPERCAR_STM32F407ZGT6.dir/User/Src/init.c.obj
                0x20000520                lf_pid
 .bss.rf_pid    0x20000554       0x34 CMakeFiles/SUPERCAR_STM32F407ZGT6.dir/User/Src/init.c.obj
                0x20000554                rf_pid
 .bss.rr_pid    0x20000588       0x34 CMakeFiles/SUPERCAR_STM32F407ZGT6.dir/User/Src/init.c.obj
                0x20000588                rr_pid
 .bss.lr_pid    0x200005bc       0x34 CMakeFiles/SUPERCAR_STM32F407ZGT6.dir/User/Src/init.c.obj
                0x200005bc                lr_pid
 .bss.base_position_pid
                0x200005f0       0x34 CMakeFiles/SUPERCAR_STM32F407ZGT6.dir/User/Src/init.c.obj
                0x200005f0                base_position_pid
 .bss.motor_control_
                0x20000624       0xf0 CMakeFiles/SUPERCAR_STM32F407ZGT6.dir/User/Src/init.c.obj
                0x20000624                motor_control_
 .bss.position_control_
                0x20000714       0x28 CMakeFiles/SUPERCAR_STM32F407ZGT6.dir/User/Src/init.c.obj
                0x20000714                position_control_
 .bss.uart_pi_  0x2000073c       0x90 CMakeFiles/SUPERCAR_STM32F407ZGT6.dir/User/Src/init.c.obj
                0x2000073c                uart_pi_
 .bss.g_jy61p_acc
                0x200007cc       0x18 CMakeFiles/SUPERCAR_STM32F407ZGT6.dir/User/Src/init.c.obj
                0x200007cc                g_jy61p_acc
 .bss.g_jy61p_gyro
                0x200007e4       0x18 CMakeFiles/SUPERCAR_STM32F407ZGT6.dir/User/Src/init.c.obj
                0x200007e4                g_jy61p_gyro
 .bss.g_jy61p_angle
                0x200007fc       0x18 CMakeFiles/SUPERCAR_STM32F407ZGT6.dir/User/Src/init.c.obj
                0x200007fc                g_jy61p_angle
 .bss.rx_buffer
                0x20000814        0x1 CMakeFiles/SUPERCAR_STM32F407ZGT6.dir/User/Src/init.c.obj
                0x20000814                rx_buffer
 *fill*         0x20000815        0x3 
 .bss.last_error.0
                0x20000818        0x4 CMakeFiles/SUPERCAR_STM32F407ZGT6.dir/User/Src/pid.c.obj
 .bss.s_rx_buffer
                0x2000081c        0xb CMakeFiles/SUPERCAR_STM32F407ZGT6.dir/User/Src/jy61p.c.obj
                0x2000081c                s_rx_buffer
 .bss.s_rx_cnt  0x20000827        0x1 CMakeFiles/SUPERCAR_STM32F407ZGT6.dir/User/Src/jy61p.c.obj
 .bss.s_huart   0x20000828        0x4 CMakeFiles/SUPERCAR_STM32F407ZGT6.dir/User/Src/jy61p.c.obj
 .bss.temp_data.0
                0x2000082c        0x1 CMakeFiles/SUPERCAR_STM32F407ZGT6.dir/User/Src/jy61p.c.obj
 *fill*         0x2000082d        0x3 
 .bss.uwTick    0x20000830        0x4 cmake/stm32cubemx/CMakeFiles/STM32_Drivers.dir/__/__/Drivers/STM32F4xx_HAL_Driver/Src/stm32f4xx_hal.c.obj
                0x20000830                uwTick
 .bss.__sf      0x20000834      0x138 /opt/arm-gnu-toolchain-14.3.rel1-x86_64-arm-none-eabi/bin/../lib/gcc/arm-none-eabi/14.3.1/../../../../arm-none-eabi/lib/thumb/v7e-m+fp/hard/libg_nano.a(libc_a-findfp.o)
                0x20000834                __sf
 .bss.__stdio_exit_handler
                0x2000096c        0x4 /opt/arm-gnu-toolchain-14.3.rel1-x86_64-arm-none-eabi/bin/../lib/gcc/arm-none-eabi/14.3.1/../../../../arm-none-eabi/lib/thumb/v7e-m+fp/hard/libg_nano.a(libc_a-findfp.o)
                0x2000096c                __stdio_exit_handler
 .bss.errno     0x20000970        0x4 /opt/arm-gnu-toolchain-14.3.rel1-x86_64-arm-none-eabi/bin/../lib/gcc/arm-none-eabi/14.3.1/../../../../arm-none-eabi/lib/thumb/v7e-m+fp/hard/libg_nano.a(libc_a-reent.o)
                0x20000970                errno
 .bss.__lock___malloc_recursive_mutex
                0x20000974        0x1 /opt/arm-gnu-toolchain-14.3.rel1-x86_64-arm-none-eabi/bin/../lib/gcc/arm-none-eabi/14.3.1/../../../../arm-none-eabi/lib/thumb/v7e-m+fp/hard/libg_nano.a(libc_a-lock.o)
                0x20000974                __lock___malloc_recursive_mutex
 .bss.__lock___sfp_recursive_mutex
                0x20000975        0x1 /opt/arm-gnu-toolchain-14.3.rel1-x86_64-arm-none-eabi/bin/../lib/gcc/arm-none-eabi/14.3.1/../../../../arm-none-eabi/lib/thumb/v7e-m+fp/hard/libg_nano.a(libc_a-lock.o)
                0x20000975                __lock___sfp_recursive_mutex
 *fill*         0x20000976        0x2 
 .bss.__malloc_sbrk_start
                0x20000978        0x4 /opt/arm-gnu-toolchain-14.3.rel1-x86_64-arm-none-eabi/bin/../lib/gcc/arm-none-eabi/14.3.1/../../../../arm-none-eabi/lib/thumb/v7e-m+fp/hard/libg_nano.a(libc_a-mallocr.o)
                0x20000978                __malloc_sbrk_start
 .bss.__malloc_free_list
                0x2000097c        0x4 /opt/arm-gnu-toolchain-14.3.rel1-x86_64-arm-none-eabi/bin/../lib/gcc/arm-none-eabi/14.3.1/../../../../arm-none-eabi/lib/thumb/v7e-m+fp/hard/libg_nano.a(libc_a-mallocr.o)
                0x2000097c                __malloc_free_list
 *(COMMON)
                0x20000980                        . = ALIGN (0x4)
                0x20000980                        _ebss = .
                0x20000980                        __bss_end__ = _ebss
                [!provide]                        PROVIDE (__bss_end = .)
                [!provide]                        PROVIDE (__non_tls_bss_start = ADDR (.bss))
                [!provide]                        PROVIDE (__bss_start = __tbss_start)
                [!provide]                        PROVIDE (__bss_size = (__bss_end - __bss_start))

._user_heap_stack
                0x20000980      0x600 load address 0x08009df4
                0x20000980                        . = ALIGN (0x8)
                [!provide]                        PROVIDE (end = .)
                0x20000980                        PROVIDE (_end = .)
                0x20000b80                        . = (. + _Min_Heap_Size)
 *fill*         0x20000980      0x200 
                0x20000f80                        . = (. + _Min_Stack_Size)
 *fill*         0x20000b80      0x400 
                0x20000f80                        . = ALIGN (0x8)

/DISCARD/
 libc.a:*(*)
 libm.a:*(*)
 libgcc.a:*(*)
OUTPUT(SUPERCAR_STM32F407ZGT6.elf elf32-littlearm)
LOAD linker stubs

.ARM.attributes
                0x00000000       0x30
 .ARM.attributes
                0x00000000       0x22 /opt/arm-gnu-toolchain-14.3.rel1-x86_64-arm-none-eabi/bin/../lib/gcc/arm-none-eabi/14.3.1/thumb/v7e-m+fp/hard/crti.o
 .ARM.attributes
                0x00000022       0x34 /opt/arm-gnu-toolchain-14.3.rel1-x86_64-arm-none-eabi/bin/../lib/gcc/arm-none-eabi/14.3.1/thumb/v7e-m+fp/hard/crtbegin.o
 .ARM.attributes
                0x00000056       0x34 CMakeFiles/SUPERCAR_STM32F407ZGT6.dir/Core/Src/main.c.obj
 .ARM.attributes
                0x0000008a       0x34 CMakeFiles/SUPERCAR_STM32F407ZGT6.dir/Core/Src/gpio.c.obj
 .ARM.attributes
                0x000000be       0x34 CMakeFiles/SUPERCAR_STM32F407ZGT6.dir/Core/Src/can.c.obj
 .ARM.attributes
                0x000000f2       0x34 CMakeFiles/SUPERCAR_STM32F407ZGT6.dir/Core/Src/dma.c.obj
 .ARM.attributes
                0x00000126       0x34 CMakeFiles/SUPERCAR_STM32F407ZGT6.dir/Core/Src/tim.c.obj
 .ARM.attributes
                0x0000015a       0x34 CMakeFiles/SUPERCAR_STM32F407ZGT6.dir/Core/Src/usart.c.obj
 .ARM.attributes
                0x0000018e       0x34 CMakeFiles/SUPERCAR_STM32F407ZGT6.dir/Core/Src/stm32f4xx_it.c.obj
 .ARM.attributes
                0x000001c2       0x34 CMakeFiles/SUPERCAR_STM32F407ZGT6.dir/Core/Src/stm32f4xx_hal_msp.c.obj
 .ARM.attributes
                0x000001f6       0x34 CMakeFiles/SUPERCAR_STM32F407ZGT6.dir/Core/Src/sysmem.c.obj
 .ARM.attributes
                0x0000022a       0x34 CMakeFiles/SUPERCAR_STM32F407ZGT6.dir/Core/Src/syscalls.c.obj
 .ARM.attributes
                0x0000025e       0x21 CMakeFiles/SUPERCAR_STM32F407ZGT6.dir/startup_stm32f407xx.s.obj
 .ARM.attributes
                0x0000027f       0x34 CMakeFiles/SUPERCAR_STM32F407ZGT6.dir/User/Src/encoder_odom.c.obj
 .ARM.attributes
                0x000002b3       0x34 CMakeFiles/SUPERCAR_STM32F407ZGT6.dir/User/Src/encoder.c.obj
 .ARM.attributes
                0x000002e7       0x34 CMakeFiles/SUPERCAR_STM32F407ZGT6.dir/User/Src/init.c.obj
 .ARM.attributes
                0x0000031b       0x34 CMakeFiles/SUPERCAR_STM32F407ZGT6.dir/User/Src/it_cb.c.obj
 .ARM.attributes
                0x0000034f       0x34 CMakeFiles/SUPERCAR_STM32F407ZGT6.dir/User/Src/light.c.obj
 .ARM.attributes
                0x00000383       0x34 CMakeFiles/SUPERCAR_STM32F407ZGT6.dir/User/Src/motor_control.c.obj
 .ARM.attributes
                0x000003b7       0x34 CMakeFiles/SUPERCAR_STM32F407ZGT6.dir/User/Src/motor.c.obj
 .ARM.attributes
                0x000003eb       0x34 CMakeFiles/SUPERCAR_STM32F407ZGT6.dir/User/Src/pid.c.obj
 .ARM.attributes
                0x0000041f       0x34 CMakeFiles/SUPERCAR_STM32F407ZGT6.dir/User/Src/position_control.c.obj
 .ARM.attributes
                0x00000453       0x34 CMakeFiles/SUPERCAR_STM32F407ZGT6.dir/User/Src/uart_pi.c.obj
 .ARM.attributes
                0x00000487       0x34 CMakeFiles/SUPERCAR_STM32F407ZGT6.dir/User/Src/jy61p.c.obj
 .ARM.attributes
                0x000004bb       0x34 cmake/stm32cubemx/CMakeFiles/STM32_Drivers.dir/__/__/Core/Src/system_stm32f4xx.c.obj
 .ARM.attributes
                0x000004ef       0x34 cmake/stm32cubemx/CMakeFiles/STM32_Drivers.dir/__/__/Drivers/STM32F4xx_HAL_Driver/Src/stm32f4xx_hal_can.c.obj
 .ARM.attributes
                0x00000523       0x34 cmake/stm32cubemx/CMakeFiles/STM32_Drivers.dir/__/__/Drivers/STM32F4xx_HAL_Driver/Src/stm32f4xx_hal_rcc.c.obj
 .ARM.attributes
                0x00000557       0x34 cmake/stm32cubemx/CMakeFiles/STM32_Drivers.dir/__/__/Drivers/STM32F4xx_HAL_Driver/Src/stm32f4xx_hal_gpio.c.obj
 .ARM.attributes
                0x0000058b       0x34 cmake/stm32cubemx/CMakeFiles/STM32_Drivers.dir/__/__/Drivers/STM32F4xx_HAL_Driver/Src/stm32f4xx_hal_dma.c.obj
 .ARM.attributes
                0x000005bf       0x34 cmake/stm32cubemx/CMakeFiles/STM32_Drivers.dir/__/__/Drivers/STM32F4xx_HAL_Driver/Src/stm32f4xx_hal_cortex.c.obj
 .ARM.attributes
                0x000005f3       0x34 cmake/stm32cubemx/CMakeFiles/STM32_Drivers.dir/__/__/Drivers/STM32F4xx_HAL_Driver/Src/stm32f4xx_hal.c.obj
 .ARM.attributes
                0x00000627       0x34 cmake/stm32cubemx/CMakeFiles/STM32_Drivers.dir/__/__/Drivers/STM32F4xx_HAL_Driver/Src/stm32f4xx_hal_tim.c.obj
 .ARM.attributes
                0x0000065b       0x34 cmake/stm32cubemx/CMakeFiles/STM32_Drivers.dir/__/__/Drivers/STM32F4xx_HAL_Driver/Src/stm32f4xx_hal_tim_ex.c.obj
 .ARM.attributes
                0x0000068f       0x34 cmake/stm32cubemx/CMakeFiles/STM32_Drivers.dir/__/__/Drivers/STM32F4xx_HAL_Driver/Src/stm32f4xx_hal_uart.c.obj
 .ARM.attributes
                0x000006c3       0x34 /opt/arm-gnu-toolchain-14.3.rel1-x86_64-arm-none-eabi/bin/../lib/gcc/arm-none-eabi/14.3.1/../../../../arm-none-eabi/lib/thumb/v7e-m+fp/hard/libm.a(libm_a-sf_cos.o)
 .ARM.attributes
                0x000006f7       0x34 /opt/arm-gnu-toolchain-14.3.rel1-x86_64-arm-none-eabi/bin/../lib/gcc/arm-none-eabi/14.3.1/../../../../arm-none-eabi/lib/thumb/v7e-m+fp/hard/libm.a(libm_a-sf_sin.o)
 .ARM.attributes
                0x0000072b       0x34 /opt/arm-gnu-toolchain-14.3.rel1-x86_64-arm-none-eabi/bin/../lib/gcc/arm-none-eabi/14.3.1/../../../../arm-none-eabi/lib/thumb/v7e-m+fp/hard/libm.a(libm_a-kf_cos.o)
 .ARM.attributes
                0x0000075f       0x34 /opt/arm-gnu-toolchain-14.3.rel1-x86_64-arm-none-eabi/bin/../lib/gcc/arm-none-eabi/14.3.1/../../../../arm-none-eabi/lib/thumb/v7e-m+fp/hard/libm.a(libm_a-kf_sin.o)
 .ARM.attributes
                0x00000793       0x34 /opt/arm-gnu-toolchain-14.3.rel1-x86_64-arm-none-eabi/bin/../lib/gcc/arm-none-eabi/14.3.1/../../../../arm-none-eabi/lib/thumb/v7e-m+fp/hard/libm.a(libm_a-ef_rem_pio2.o)
 .ARM.attributes
                0x000007c7       0x34 /opt/arm-gnu-toolchain-14.3.rel1-x86_64-arm-none-eabi/bin/../lib/gcc/arm-none-eabi/14.3.1/../../../../arm-none-eabi/lib/thumb/v7e-m+fp/hard/libm.a(libm_a-sf_fabs.o)
 .ARM.attributes
                0x000007fb       0x34 /opt/arm-gnu-toolchain-14.3.rel1-x86_64-arm-none-eabi/bin/../lib/gcc/arm-none-eabi/14.3.1/../../../../arm-none-eabi/lib/thumb/v7e-m+fp/hard/libm.a(libm_a-kf_rem_pio2.o)
 .ARM.attributes
                0x0000082f       0x34 /opt/arm-gnu-toolchain-14.3.rel1-x86_64-arm-none-eabi/bin/../lib/gcc/arm-none-eabi/14.3.1/../../../../arm-none-eabi/lib/thumb/v7e-m+fp/hard/libm.a(libm_a-sf_scalbn.o)
 .ARM.attributes
                0x00000863       0x34 /opt/arm-gnu-toolchain-14.3.rel1-x86_64-arm-none-eabi/bin/../lib/gcc/arm-none-eabi/14.3.1/../../../../arm-none-eabi/lib/thumb/v7e-m+fp/hard/libm.a(libm_a-sf_floor.o)
 .ARM.attributes
                0x00000897       0x22 /opt/arm-gnu-toolchain-14.3.rel1-x86_64-arm-none-eabi/bin/../lib/gcc/arm-none-eabi/14.3.1/thumb/v7e-m+fp/hard/libgcc.a(_arm_addsubdf3.o)
 .ARM.attributes
                0x000008b9       0x22 /opt/arm-gnu-toolchain-14.3.rel1-x86_64-arm-none-eabi/bin/../lib/gcc/arm-none-eabi/14.3.1/thumb/v7e-m+fp/hard/libgcc.a(_arm_muldivdf3.o)
 .ARM.attributes
                0x000008db       0x22 /opt/arm-gnu-toolchain-14.3.rel1-x86_64-arm-none-eabi/bin/../lib/gcc/arm-none-eabi/14.3.1/thumb/v7e-m+fp/hard/libgcc.a(_arm_cmpdf2.o)
 .ARM.attributes
                0x000008fd       0x22 /opt/arm-gnu-toolchain-14.3.rel1-x86_64-arm-none-eabi/bin/../lib/gcc/arm-none-eabi/14.3.1/thumb/v7e-m+fp/hard/libgcc.a(_arm_truncdfsf2.o)
 .ARM.attributes
                0x0000091f       0x22 /opt/arm-gnu-toolchain-14.3.rel1-x86_64-arm-none-eabi/bin/../lib/gcc/arm-none-eabi/14.3.1/thumb/v7e-m+fp/hard/libgcc.a(_aeabi_uldivmod.o)
 .ARM.attributes
                0x00000941       0x34 /opt/arm-gnu-toolchain-14.3.rel1-x86_64-arm-none-eabi/bin/../lib/gcc/arm-none-eabi/14.3.1/thumb/v7e-m+fp/hard/libgcc.a(_udivmoddi4.o)
 .ARM.attributes
                0x00000975       0x22 /opt/arm-gnu-toolchain-14.3.rel1-x86_64-arm-none-eabi/bin/../lib/gcc/arm-none-eabi/14.3.1/thumb/v7e-m+fp/hard/libgcc.a(_dvmd_tls.o)
 .ARM.attributes
                0x00000997       0x34 /opt/arm-gnu-toolchain-14.3.rel1-x86_64-arm-none-eabi/bin/../lib/gcc/arm-none-eabi/14.3.1/../../../../arm-none-eabi/lib/thumb/v7e-m+fp/hard/libg_nano.a(libc_a-findfp.o)
 .ARM.attributes
                0x000009cb       0x34 /opt/arm-gnu-toolchain-14.3.rel1-x86_64-arm-none-eabi/bin/../lib/gcc/arm-none-eabi/14.3.1/../../../../arm-none-eabi/lib/thumb/v7e-m+fp/hard/libg_nano.a(libc_a-fwalk.o)
 .ARM.attributes
                0x000009ff       0x34 /opt/arm-gnu-toolchain-14.3.rel1-x86_64-arm-none-eabi/bin/../lib/gcc/arm-none-eabi/14.3.1/../../../../arm-none-eabi/lib/thumb/v7e-m+fp/hard/libg_nano.a(libc_a-puts.o)
 .ARM.attributes
                0x00000a33       0x34 /opt/arm-gnu-toolchain-14.3.rel1-x86_64-arm-none-eabi/bin/../lib/gcc/arm-none-eabi/14.3.1/../../../../arm-none-eabi/lib/thumb/v7e-m+fp/hard/libg_nano.a(libc_a-stdio.o)
 .ARM.attributes
                0x00000a67       0x34 /opt/arm-gnu-toolchain-14.3.rel1-x86_64-arm-none-eabi/bin/../lib/gcc/arm-none-eabi/14.3.1/../../../../arm-none-eabi/lib/thumb/v7e-m+fp/hard/libg_nano.a(libc_a-wbuf.o)
 .ARM.attributes
                0x00000a9b       0x34 /opt/arm-gnu-toolchain-14.3.rel1-x86_64-arm-none-eabi/bin/../lib/gcc/arm-none-eabi/14.3.1/../../../../arm-none-eabi/lib/thumb/v7e-m+fp/hard/libg_nano.a(libc_a-wsetup.o)
 .ARM.attributes
                0x00000acf       0x34 /opt/arm-gnu-toolchain-14.3.rel1-x86_64-arm-none-eabi/bin/../lib/gcc/arm-none-eabi/14.3.1/../../../../arm-none-eabi/lib/thumb/v7e-m+fp/hard/libg_nano.a(libc_a-memset.o)
 .ARM.attributes
                0x00000b03       0x34 /opt/arm-gnu-toolchain-14.3.rel1-x86_64-arm-none-eabi/bin/../lib/gcc/arm-none-eabi/14.3.1/../../../../arm-none-eabi/lib/thumb/v7e-m+fp/hard/libg_nano.a(libc_a-closer.o)
 .ARM.attributes
                0x00000b37       0x34 /opt/arm-gnu-toolchain-14.3.rel1-x86_64-arm-none-eabi/bin/../lib/gcc/arm-none-eabi/14.3.1/../../../../arm-none-eabi/lib/thumb/v7e-m+fp/hard/libg_nano.a(libc_a-reent.o)
 .ARM.attributes
                0x00000b6b       0x34 /opt/arm-gnu-toolchain-14.3.rel1-x86_64-arm-none-eabi/bin/../lib/gcc/arm-none-eabi/14.3.1/../../../../arm-none-eabi/lib/thumb/v7e-m+fp/hard/libg_nano.a(libc_a-impure.o)
 .ARM.attributes
                0x00000b9f       0x34 /opt/arm-gnu-toolchain-14.3.rel1-x86_64-arm-none-eabi/bin/../lib/gcc/arm-none-eabi/14.3.1/../../../../arm-none-eabi/lib/thumb/v7e-m+fp/hard/libg_nano.a(libc_a-lseekr.o)
 .ARM.attributes
                0x00000bd3       0x34 /opt/arm-gnu-toolchain-14.3.rel1-x86_64-arm-none-eabi/bin/../lib/gcc/arm-none-eabi/14.3.1/../../../../arm-none-eabi/lib/thumb/v7e-m+fp/hard/libg_nano.a(libc_a-readr.o)
 .ARM.attributes
                0x00000c07       0x34 /opt/arm-gnu-toolchain-14.3.rel1-x86_64-arm-none-eabi/bin/../lib/gcc/arm-none-eabi/14.3.1/../../../../arm-none-eabi/lib/thumb/v7e-m+fp/hard/libg_nano.a(libc_a-writer.o)
 .ARM.attributes
                0x00000c3b       0x34 /opt/arm-gnu-toolchain-14.3.rel1-x86_64-arm-none-eabi/bin/../lib/gcc/arm-none-eabi/14.3.1/../../../../arm-none-eabi/lib/thumb/v7e-m+fp/hard/libg_nano.a(libc_a-errno.o)
 .ARM.attributes
                0x00000c6f       0x34 /opt/arm-gnu-toolchain-14.3.rel1-x86_64-arm-none-eabi/bin/../lib/gcc/arm-none-eabi/14.3.1/../../../../arm-none-eabi/lib/thumb/v7e-m+fp/hard/libg_nano.a(libc_a-init.o)
 .ARM.attributes
                0x00000ca3       0x34 /opt/arm-gnu-toolchain-14.3.rel1-x86_64-arm-none-eabi/bin/../lib/gcc/arm-none-eabi/14.3.1/../../../../arm-none-eabi/lib/thumb/v7e-m+fp/hard/libg_nano.a(libc_a-lock.o)
 .ARM.attributes
                0x00000cd7       0x34 /opt/arm-gnu-toolchain-14.3.rel1-x86_64-arm-none-eabi/bin/../lib/gcc/arm-none-eabi/14.3.1/../../../../arm-none-eabi/lib/thumb/v7e-m+fp/hard/libg_nano.a(libc_a-freer.o)
 .ARM.attributes
                0x00000d0b       0x34 /opt/arm-gnu-toolchain-14.3.rel1-x86_64-arm-none-eabi/bin/../lib/gcc/arm-none-eabi/14.3.1/../../../../arm-none-eabi/lib/thumb/v7e-m+fp/hard/libg_nano.a(libc_a-mallocr.o)
 .ARM.attributes
                0x00000d3f       0x34 /opt/arm-gnu-toolchain-14.3.rel1-x86_64-arm-none-eabi/bin/../lib/gcc/arm-none-eabi/14.3.1/../../../../arm-none-eabi/lib/thumb/v7e-m+fp/hard/libg_nano.a(libc_a-mlock.o)
 .ARM.attributes
                0x00000d73       0x34 /opt/arm-gnu-toolchain-14.3.rel1-x86_64-arm-none-eabi/bin/../lib/gcc/arm-none-eabi/14.3.1/../../../../arm-none-eabi/lib/thumb/v7e-m+fp/hard/libg_nano.a(libc_a-fflush.o)
 .ARM.attributes